23:17:49 **** Build of project data_log_bsp ****
make -k all 
Running Make include in ps7_cortexa9_0/libsrc/bram_v4_0/src
make -C ps7_cortexa9_0/libsrc/bram_v4_0/src -s include  "SHELL=/bin/sh" "COMPILER=arm-xilinx-eabi-gcc" "ARCHIVER=arm-xilinx-eabi-ar" "COMPILER_FLAGS=  -O2 -c" "EXTRA_COMPILER_FLAGS=-g"
Running Make include in ps7_cortexa9_0/libsrc/cpu_cortexa9_v2_1/src
make -C ps7_cortexa9_0/libsrc/cpu_cortexa9_v2_1/src -s include  "SHELL=/bin/sh" "COMPILER=arm-xilinx-eabi-gcc" "ARCHIVER=arm-xilinx-eabi-ar" "COMPILER_FLAGS=  -O2 -c" "EXTRA_COMPILER_FLAGS=-g"
Running Make include in ps7_cortexa9_0/libsrc/devcfg_v3_2/src
make -C ps7_cortexa9_0/libsrc/devcfg_v3_2/src -s include  "SHELL=/bin/sh" "COMPILER=arm-xilinx-eabi-gcc" "ARCHIVER=arm-xilinx-eabi-ar" "COMPILER_FLAGS=  -O2 -c" "EXTRA_COMPILER_FLAGS=-g"
Running Make include in ps7_cortexa9_0/libsrc/dmaps_v2_1/src
make -C ps7_cortexa9_0/libsrc/dmaps_v2_1/src -s include  "SHELL=/bin/sh" "COMPILER=arm-xilinx-eabi-gcc" "ARCHIVER=arm-xilinx-eabi-ar" "COMPILER_FLAGS=  -O2 -c" "EXTRA_COMPILER_FLAGS=-g"
Running Make include in ps7_cortexa9_0/libsrc/emacps_v2_2/src
make -C ps7_cortexa9_0/libsrc/emacps_v2_2/src -s include  "SHELL=/bin/sh" "COMPILER=arm-xilinx-eabi-gcc" "ARCHIVER=arm-xilinx-eabi-ar" "COMPILER_FLAGS=  -O2 -c" "EXTRA_COMPILER_FLAGS=-g"
Running Make include in ps7_cortexa9_0/libsrc/gpiops_v2_2/src
make -C ps7_cortexa9_0/libsrc/gpiops_v2_2/src -s include  "SHELL=/bin/sh" "COMPILER=arm-xilinx-eabi-gcc" "ARCHIVER=arm-xilinx-eabi-ar" "COMPILER_FLAGS=  -O2 -c" "EXTRA_COMPILER_FLAGS=-g"
Running Make include in ps7_cortexa9_0/libsrc/gpio_v4_0/src
make -C ps7_cortexa9_0/libsrc/gpio_v4_0/src -s include  "SHELL=/bin/sh" "COMPILER=arm-xilinx-eabi-gcc" "ARCHIVER=arm-xilinx-eabi-ar" "COMPILER_FLAGS=  -O2 -c" "EXTRA_COMPILER_FLAGS=-g"
Running Make include in ps7_cortexa9_0/libsrc/qspips_v3_1/src
make -C ps7_cortexa9_0/libsrc/qspips_v3_1/src -s include  "SHELL=/bin/sh" "COMPILER=arm-xilinx-eabi-gcc" "ARCHIVER=arm-xilinx-eabi-ar" "COMPILER_FLAGS=  -O2 -c" "EXTRA_COMPILER_FLAGS=-g"
Running Make include in ps7_cortexa9_0/libsrc/scugic_v2_1/src
make -C ps7_cortexa9_0/libsrc/scugic_v2_1/src -s include  "SHELL=/bin/sh" "COMPILER=arm-xilinx-eabi-gcc" "ARCHIVER=arm-xilinx-eabi-ar" "COMPILER_FLAGS=  -O2 -c" "EXTRA_COMPILER_FLAGS=-g"
Running Make include in ps7_cortexa9_0/libsrc/scutimer_v2_0/src
make -C ps7_cortexa9_0/libsrc/scutimer_v2_0/src -s include  "SHELL=/bin/sh" "COMPILER=arm-xilinx-eabi-gcc" "ARCHIVER=arm-xilinx-eabi-ar" "COMPILER_FLAGS=  -O2 -c" "EXTRA_COMPILER_FLAGS=-g"
Running Make include in ps7_cortexa9_0/libsrc/scuwdt_v2_0/src
make -C ps7_cortexa9_0/libsrc/scuwdt_v2_0/src -s include  "SHELL=/bin/sh" "COMPILER=arm-xilinx-eabi-gcc" "ARCHIVER=arm-xilinx-eabi-ar" "COMPILER_FLAGS=  -O2 -c" "EXTRA_COMPILER_FLAGS=-g"
Running Make include in ps7_cortexa9_0/libsrc/sdps_v2_3/src
make -C ps7_cortexa9_0/libsrc/sdps_v2_3/src -s include  "SHELL=/bin/sh" "COMPILER=arm-xilinx-eabi-gcc" "ARCHIVER=arm-xilinx-eabi-ar" "COMPILER_FLAGS=  -O2 -c" "EXTRA_COMPILER_FLAGS=-g"
Running Make include in ps7_cortexa9_0/libsrc/standalone_v4_2/src
make -C ps7_cortexa9_0/libsrc/standalone_v4_2/src -s include  "SHELL=/bin/sh" "COMPILER=arm-xilinx-eabi-gcc" "ARCHIVER=arm-xilinx-eabi-ar" "COMPILER_FLAGS=  -O2 -c" "EXTRA_COMPILER_FLAGS=-g"
Running Make include in ps7_cortexa9_0/libsrc/ttcps_v2_0/src
make -C ps7_cortexa9_0/libsrc/ttcps_v2_0/src -s include  "SHELL=/bin/sh" "COMPILER=arm-xilinx-eabi-gcc" "ARCHIVER=arm-xilinx-eabi-ar" "COMPILER_FLAGS=  -O2 -c" "EXTRA_COMPILER_FLAGS=-g"
Running Make include in ps7_cortexa9_0/libsrc/uartps_v2_2/src
make -C ps7_cortexa9_0/libsrc/uartps_v2_2/src -s include  "SHELL=/bin/sh" "COMPILER=arm-xilinx-eabi-gcc" "ARCHIVER=arm-xilinx-eabi-ar" "COMPILER_FLAGS=  -O2 -c" "EXTRA_COMPILER_FLAGS=-g"
Running Make include in ps7_cortexa9_0/libsrc/usbps_v2_2/src
make -C ps7_cortexa9_0/libsrc/usbps_v2_2/src -s include  "SHELL=/bin/sh" "COMPILER=arm-xilinx-eabi-gcc" "ARCHIVER=arm-xilinx-eabi-ar" "COMPILER_FLAGS=  -O2 -c" "EXTRA_COMPILER_FLAGS=-g"
Running Make include in ps7_cortexa9_0/libsrc/xadcps_v2_1/src
make -C ps7_cortexa9_0/libsrc/xadcps_v2_1/src -s include  "SHELL=/bin/sh" "COMPILER=arm-xilinx-eabi-gcc" "ARCHIVER=arm-xilinx-eabi-ar" "COMPILER_FLAGS=  -O2 -c" "EXTRA_COMPILER_FLAGS=-g"
Running Make libs in ps7_cortexa9_0/libsrc/bram_v4_0/src
make -C ps7_cortexa9_0/libsrc/bram_v4_0/src -s libs  "SHELL=/bin/sh" "COMPILER=arm-xilinx-eabi-gcc" "ARCHIVER=arm-xilinx-eabi-ar" "COMPILER_FLAGS=  -O2 -c" "EXTRA_COMPILER_FLAGS=-g"
Compiling bram
arm-xilinx-eabi-ar: creating ../../../lib/libxil.a
Running Make libs in ps7_cortexa9_0/libsrc/cpu_cortexa9_v2_1/src
make -C ps7_cortexa9_0/libsrc/cpu_cortexa9_v2_1/src -s libs  "SHELL=/bin/sh" "COMPILER=arm-xilinx-eabi-gcc" "ARCHIVER=arm-xilinx-eabi-ar" "COMPILER_FLAGS=  -O2 -c" "EXTRA_COMPILER_FLAGS=-g"
Compiling cpu_cortexa9
Running Make libs in ps7_cortexa9_0/libsrc/devcfg_v3_2/src
make -C ps7_cortexa9_0/libsrc/devcfg_v3_2/src -s libs  "SHELL=/bin/sh" "COMPILER=arm-xilinx-eabi-gcc" "ARCHIVER=arm-xilinx-eabi-ar" "COMPILER_FLAGS=  -O2 -c" "EXTRA_COMPILER_FLAGS=-g"
Compiling devcfg
Running Make libs in ps7_cortexa9_0/libsrc/dmaps_v2_1/src
make -C ps7_cortexa9_0/libsrc/dmaps_v2_1/src -s libs  "SHELL=/bin/sh" "COMPILER=arm-xilinx-eabi-gcc" "ARCHIVER=arm-xilinx-eabi-ar" "COMPILER_FLAGS=  -O2 -c" "EXTRA_COMPILER_FLAGS=-g"
Compiling dmaps
Running Make libs in ps7_cortexa9_0/libsrc/emacps_v2_2/src
make -C ps7_cortexa9_0/libsrc/emacps_v2_2/src -s libs  "SHELL=/bin/sh" "COMPILER=arm-xilinx-eabi-gcc" "ARCHIVER=arm-xilinx-eabi-ar" "COMPILER_FLAGS=  -O2 -c" "EXTRA_COMPILER_FLAGS=-g"
Compiling emacps
Running Make libs in ps7_cortexa9_0/libsrc/gpiops_v2_2/src
make -C ps7_cortexa9_0/libsrc/gpiops_v2_2/src -s libs  "SHELL=/bin/sh" "COMPILER=arm-xilinx-eabi-gcc" "ARCHIVER=arm-xilinx-eabi-ar" "COMPILER_FLAGS=  -O2 -c" "EXTRA_COMPILER_FLAGS=-g"
Compiling gpiops
Running Make libs in ps7_cortexa9_0/libsrc/gpio_v4_0/src
make -C ps7_cortexa9_0/libsrc/gpio_v4_0/src -s libs  "SHELL=/bin/sh" "COMPILER=arm-xilinx-eabi-gcc" "ARCHIVER=arm-xilinx-eabi-ar" "COMPILER_FLAGS=  -O2 -c" "EXTRA_COMPILER_FLAGS=-g"
Compiling gpio
Running Make libs in ps7_cortexa9_0/libsrc/qspips_v3_1/src
make -C ps7_cortexa9_0/libsrc/qspips_v3_1/src -s libs  "SHELL=/bin/sh" "COMPILER=arm-xilinx-eabi-gcc" "ARCHIVER=arm-xilinx-eabi-ar" "COMPILER_FLAGS=  -O2 -c" "EXTRA_COMPILER_FLAGS=-g"
Compiling qspips
Running Make libs in ps7_cortexa9_0/libsrc/scugic_v2_1/src
make -C ps7_cortexa9_0/libsrc/scugic_v2_1/src -s libs  "SHELL=/bin/sh" "COMPILER=arm-xilinx-eabi-gcc" "ARCHIVER=arm-xilinx-eabi-ar" "COMPILER_FLAGS=  -O2 -c" "EXTRA_COMPILER_FLAGS=-g"
Compiling scugic
Running Make libs in ps7_cortexa9_0/libsrc/scutimer_v2_0/src
make -C ps7_cortexa9_0/libsrc/scutimer_v2_0/src -s libs  "SHELL=/bin/sh" "COMPILER=arm-xilinx-eabi-gcc" "ARCHIVER=arm-xilinx-eabi-ar" "COMPILER_FLAGS=  -O2 -c" "EXTRA_COMPILER_FLAGS=-g"
Compiling scutimer
Running Make libs in ps7_cortexa9_0/libsrc/scuwdt_v2_0/src
make -C ps7_cortexa9_0/libsrc/scuwdt_v2_0/src -s libs  "SHELL=/bin/sh" "COMPILER=arm-xilinx-eabi-gcc" "ARCHIVER=arm-xilinx-eabi-ar" "COMPILER_FLAGS=  -O2 -c" "EXTRA_COMPILER_FLAGS=-g"
Compiling scuwdt
Running Make libs in ps7_cortexa9_0/libsrc/sdps_v2_3/src
make -C ps7_cortexa9_0/libsrc/sdps_v2_3/src -s libs  "SHELL=/bin/sh" "COMPILER=arm-xilinx-eabi-gcc" "ARCHIVER=arm-xilinx-eabi-ar" "COMPILER_FLAGS=  -O2 -c" "EXTRA_COMPILER_FLAGS=-g"
Compiling sdps
Running Make libs in ps7_cortexa9_0/libsrc/standalone_v4_2/src
make -C ps7_cortexa9_0/libsrc/standalone_v4_2/src -s libs  "SHELL=/bin/sh" "COMPILER=arm-xilinx-eabi-gcc" "ARCHIVER=arm-xilinx-eabi-ar" "COMPILER_FLAGS=  -O2 -c" "EXTRA_COMPILER_FLAGS=-g"
Compiling standalone
Running Make libs in ps7_cortexa9_0/libsrc/ttcps_v2_0/src
make -C ps7_cortexa9_0/libsrc/ttcps_v2_0/src -s libs  "SHELL=/bin/sh" "COMPILER=arm-xilinx-eabi-gcc" "ARCHIVER=arm-xilinx-eabi-ar" "COMPILER_FLAGS=  -O2 -c" "EXTRA_COMPILER_FLAGS=-g"
Compiling ttcps
Running Make libs in ps7_cortexa9_0/libsrc/uartps_v2_2/src
make -C ps7_cortexa9_0/libsrc/uartps_v2_2/src -s libs  "SHELL=/bin/sh" "COMPILER=arm-xilinx-eabi-gcc" "ARCHIVER=arm-xilinx-eabi-ar" "COMPILER_FLAGS=  -O2 -c" "EXTRA_COMPILER_FLAGS=-g"
Compiling uartps
Running Make libs in ps7_cortexa9_0/libsrc/usbps_v2_2/src
make -C ps7_cortexa9_0/libsrc/usbps_v2_2/src -s libs  "SHELL=/bin/sh" "COMPILER=arm-xilinx-eabi-gcc" "ARCHIVER=arm-xilinx-eabi-ar" "COMPILER_FLAGS=  -O2 -c" "EXTRA_COMPILER_FLAGS=-g"
Compiling usbps
Running Make libs in ps7_cortexa9_0/libsrc/xadcps_v2_1/src
make -C ps7_cortexa9_0/libsrc/xadcps_v2_1/src -s libs  "SHELL=/bin/sh" "COMPILER=arm-xilinx-eabi-gcc" "ARCHIVER=arm-xilinx-eabi-ar" "COMPILER_FLAGS=  -O2 -c" "EXTRA_COMPILER_FLAGS=-g"
Compiling xadcps
Finished building libraries
23:17:59 **** Build of configuration Debug for project data_log ****
make all 
Building file: ../src/helloworld.c
Invoking: ARM gcc compiler
arm-xilinx-eabi-gcc -Wall -O0 -g3 -c -fmessage-length=0 -MT"src/helloworld.o" -I../../data_log_bsp/ps7_cortexa9_0/include -MMD -MP -MF"src/helloworld.d" -MT"src/helloworld.d" -o "src/helloworld.o" "../src/helloworld.c"
Finished building: ../src/helloworld.c
 
Building file: ../src/platform.c
Invoking: ARM gcc compiler
arm-xilinx-eabi-gcc -Wall -O0 -g3 -c -fmessage-length=0 -MT"src/platform.o" -I../../data_log_bsp/ps7_cortexa9_0/include -MMD -MP -MF"src/platform.d" -MT"src/platform.d" -o "src/platform.o" "../src/platform.c"
Finished building: ../src/platform.c
 
Building target: data_log.elf
Invoking: ARM gcc linker
arm-xilinx-eabi-gcc -Wl,-T -Wl,../src/lscript.ld -L../../data_log_bsp/ps7_cortexa9_0/lib -o "data_log.elf"  ./src/helloworld.o ./src/platform.o   -Wl,--start-group,-lxil,-lgcc,-lc,--end-group
Finished building target: data_log.elf
 
Invoking: ARM Print Size
arm-xilinx-eabi-size data_log.elf  |tee "data_log.elf.size"
   text	   data	    bss	    dec	    hex	filename
  22920	   1152	  22564	  46636	   b62c	data_log.elf
Finished building: data_log.elf.size
 
23:18:35 **** Auto Build of configuration Debug for project data_log ****
make all 
Building file: ../src/helloworld.c
Invoking: ARM gcc compiler
arm-xilinx-eabi-gcc -Wall -O0 -g3 -c -fmessage-length=0 -MT"src/helloworld.o" -I../../data_log_bsp/ps7_cortexa9_0/include -MMD -MP -MF"src/helloworld.d" -MT"src/helloworld.d" -o "src/helloworld.o" "../src/helloworld.c"
../src/helloworld.c:166:0: warning: "TEST_BUFFER_SIZE" redefined [enabled by default]
 #define TEST_BUFFER_SIZE 100
 ^
../src/helloworld.c:158:0: note: this is the location of the previous definition
 #define TEST_BUFFER_SIZE 3
 ^
../src/helloworld.c: In function 'Handler':
../src/helloworld.c:599:3: warning: pointer targets in passing argument 2 of 'XUartPs_Send' differ in signedness [-Wpointer-sign]
   XUartPs_Send(&Uart_Ps, &test, 1) ;
   ^
In file included from ../src/helloworld.c:153:0:
../../data_log_bsp/ps7_cortexa9_0/include/xuartps.h:447:14: note: expected 'u8 *' but argument is of type 'char *'
 unsigned int XUartPs_Send(XUartPs *InstancePtr, u8 *BufferPtr,
              ^
../src/helloworld.c:601:3: warning: pointer targets in passing argument 2 of 'XUartPs_Send' differ in signedness [-Wpointer-sign]
   XUartPs_Send(&Uart_Ps, &test, 1);
   ^
In file included from ../src/helloworld.c:153:0:
../../data_log_bsp/ps7_cortexa9_0/include/xuartps.h:447:14: note: expected 'u8 *' but argument is of type 'char *'
 unsigned int XUartPs_Send(XUartPs *InstancePtr, u8 *BufferPtr,
              ^
../src/helloworld.c:603:3: warning: pointer targets in passing argument 2 of 'XUartPs_Send' differ in signedness [-Wpointer-sign]
   XUartPs_Send(&Uart_Ps, &test, 1);
   ^
In file included from ../src/helloworld.c:153:0:
../../data_log_bsp/ps7_cortexa9_0/include/xuartps.h:447:14: note: expected 'u8 *' but argument is of type 'char *'
 unsigned int XUartPs_Send(XUartPs *InstancePtr, u8 *BufferPtr,
              ^
../src/helloworld.c:605:3: warning: pointer targets in passing argument 2 of 'XUartPs_Send' differ in signedness [-Wpointer-sign]
   XUartPs_Send(&Uart_Ps, &test, 1);
   ^
In file included from ../src/helloworld.c:153:0:
../../data_log_bsp/ps7_cortexa9_0/include/xuartps.h:447:14: note: expected 'u8 *' but argument is of type 'char *'
 unsigned int XUartPs_Send(XUartPs *InstancePtr, u8 *BufferPtr,
              ^
../src/helloworld.c:607:3: warning: pointer targets in passing argument 2 of 'XUartPs_Send' differ in signedness [-Wpointer-sign]
   XUartPs_Send(&Uart_Ps, &test, 1);
   ^
In file included from ../src/helloworld.c:153:0:
../../data_log_bsp/ps7_cortexa9_0/include/xuartps.h:447:14: note: expected 'u8 *' but argument is of type 'char *'
 unsigned int XUartPs_Send(XUartPs *InstancePtr, u8 *BufferPtr,
              ^
../src/helloworld.c:609:3: warning: pointer targets in passing argument 2 of 'XUartPs_Send' differ in signedness [-Wpointer-sign]
   XUartPs_Send(&Uart_Ps, &test, 1);
   ^
In file included from ../src/helloworld.c:153:0:
../../data_log_bsp/ps7_cortexa9_0/include/xuartps.h:447:14: note: expected 'u8 *' but argument is of type 'char *'
 unsigned int XUartPs_Send(XUartPs *InstancePtr, u8 *BufferPtr,
              ^
../src/helloworld.c:615:4: warning: pointer targets in passing argument 2 of 'XUartPs_Send' differ in signedness [-Wpointer-sign]
    XUartPs_Send(&Uart_Ps, &test, 1) ;
    ^
In file included from ../src/helloworld.c:153:0:
../../data_log_bsp/ps7_cortexa9_0/include/xuartps.h:447:14: note: expected 'u8 *' but argument is of type 'char *'
 unsigned int XUartPs_Send(XUartPs *InstancePtr, u8 *BufferPtr,
              ^
../src/helloworld.c:617:4: warning: pointer targets in passing argument 2 of 'XUartPs_Send' differ in signedness [-Wpointer-sign]
    XUartPs_Send(&Uart_Ps, &test, 1);
    ^
In file included from ../src/helloworld.c:153:0:
../../data_log_bsp/ps7_cortexa9_0/include/xuartps.h:447:14: note: expected 'u8 *' but argument is of type 'char *'
 unsigned int XUartPs_Send(XUartPs *InstancePtr, u8 *BufferPtr,
              ^
../src/helloworld.c:619:4: warning: pointer targets in passing argument 2 of 'XUartPs_Send' differ in signedness [-Wpointer-sign]
    XUartPs_Send(&Uart_Ps, &test, 1);
    ^
In file included from ../src/helloworld.c:153:0:
../../data_log_bsp/ps7_cortexa9_0/include/xuartps.h:447:14: note: expected 'u8 *' but argument is of type 'char *'
 unsigned int XUartPs_Send(XUartPs *InstancePtr, u8 *BufferPtr,
              ^
../src/helloworld.c:621:4: warning: pointer targets in passing argument 2 of 'XUartPs_Send' differ in signedness [-Wpointer-sign]
    XUartPs_Send(&Uart_Ps, &test, 1);
    ^
In file included from ../src/helloworld.c:153:0:
../../data_log_bsp/ps7_cortexa9_0/include/xuartps.h:447:14: note: expected 'u8 *' but argument is of type 'char *'
 unsigned int XUartPs_Send(XUartPs *InstancePtr, u8 *BufferPtr,
              ^
../src/helloworld.c:623:4: warning: pointer targets in passing argument 2 of 'XUartPs_Send' differ in signedness [-Wpointer-sign]
    XUartPs_Send(&Uart_Ps, &test, 1);
    ^
In file included from ../src/helloworld.c:153:0:
../../data_log_bsp/ps7_cortexa9_0/include/xuartps.h:447:14: note: expected 'u8 *' but argument is of type 'char *'
 unsigned int XUartPs_Send(XUartPs *InstancePtr, u8 *BufferPtr,
              ^
../src/helloworld.c:625:4: warning: pointer targets in passing argument 2 of 'XUartPs_Send' differ in signedness [-Wpointer-sign]
    XUartPs_Send(&Uart_Ps, &test, 1);
    ^
In file included from ../src/helloworld.c:153:0:
../../data_log_bsp/ps7_cortexa9_0/include/xuartps.h:447:14: note: expected 'u8 *' but argument is of type 'char *'
 unsigned int XUartPs_Send(XUartPs *InstancePtr, u8 *BufferPtr,
              ^
../src/helloworld.c: At top level:
../src/helloworld.c:173:11: warning: 'SendBuffer' defined but not used [-Wunused-variable]
 static u8 SendBuffer[TEST_BUFFER_SIZE]; /* Buffer for Transmitting Data */
           ^
../src/helloworld.c:205:11: warning: 'RecvBuffer' defined but not used [-Wunused-variable]
 static u8 RecvBuffer[TEST_BUFFER_SIZE]; /* Buffer for Receiving Data */
           ^
Finished building: ../src/helloworld.c
 
Building target: data_log.elf
Invoking: ARM gcc linker
arm-xilinx-eabi-gcc -Wl,-T -Wl,../src/lscript.ld -L../../data_log_bsp/ps7_cortexa9_0/lib -o "data_log.elf"  ./src/helloworld.o ./src/platform.o   -Wl,--start-group,-lxil,-lgcc,-lc,--end-group
Finished building target: data_log.elf
 
Invoking: ARM Print Size
arm-xilinx-eabi-size data_log.elf  |tee "data_log.elf.size"
   text	   data	    bss	    dec	    hex	filename
  34888	   2040	  22948	  59876	   e9e4	data_log.elf
Finished building: data_log.elf.size
 
23:19:19 **** Incremental Build of configuration Debug for project data_log ****
make all 
make: Nothing to be done for `all'.
23:19:58 **** Incremental Build of configuration Debug for project data_log ****
make all 
make: Nothing to be done for `all'.
23:26:43 **** Auto Build of configuration Debug for project data_log ****
make all 
Building file: ../src/helloworld.c
Invoking: ARM gcc compiler
arm-xilinx-eabi-gcc -Wall -O0 -g3 -c -fmessage-length=0 -MT"src/helloworld.o" -I../../data_log_bsp/ps7_cortexa9_0/include -MMD -MP -MF"src/helloworld.d" -MT"src/helloworld.d" -o "src/helloworld.o" "../src/helloworld.c"
../src/helloworld.c:166:0: warning: "TEST_BUFFER_SIZE" redefined [enabled by default]
 #define TEST_BUFFER_SIZE 100
 ^
../src/helloworld.c:158:0: note: this is the location of the previous definition
 #define TEST_BUFFER_SIZE 3
 ^
../src/helloworld.c: In function 'Handler':
../src/helloworld.c:529:3: warning: pointer targets in passing argument 2 of 'XUartPs_Send' differ in signedness [-Wpointer-sign]
   XUartPs_Send(&Uart_Ps, &test, 1) ;
   ^
In file included from ../src/helloworld.c:153:0:
../../data_log_bsp/ps7_cortexa9_0/include/xuartps.h:447:14: note: expected 'u8 *' but argument is of type 'char *'
 unsigned int XUartPs_Send(XUartPs *InstancePtr, u8 *BufferPtr,
              ^
../src/helloworld.c:531:3: warning: pointer targets in passing argument 2 of 'XUartPs_Send' differ in signedness [-Wpointer-sign]
   XUartPs_Send(&Uart_Ps, &test, 1);
   ^
In file included from ../src/helloworld.c:153:0:
../../data_log_bsp/ps7_cortexa9_0/include/xuartps.h:447:14: note: expected 'u8 *' but argument is of type 'char *'
 unsigned int XUartPs_Send(XUartPs *InstancePtr, u8 *BufferPtr,
              ^
../src/helloworld.c:533:3: warning: pointer targets in passing argument 2 of 'XUartPs_Send' differ in signedness [-Wpointer-sign]
   XUartPs_Send(&Uart_Ps, &test, 1);
   ^
In file included from ../src/helloworld.c:153:0:
../../data_log_bsp/ps7_cortexa9_0/include/xuartps.h:447:14: note: expected 'u8 *' but argument is of type 'char *'
 unsigned int XUartPs_Send(XUartPs *InstancePtr, u8 *BufferPtr,
              ^
../src/helloworld.c:535:3: warning: pointer targets in passing argument 2 of 'XUartPs_Send' differ in signedness [-Wpointer-sign]
   XUartPs_Send(&Uart_Ps, &test, 1);
   ^
In file included from ../src/helloworld.c:153:0:
../../data_log_bsp/ps7_cortexa9_0/include/xuartps.h:447:14: note: expected 'u8 *' but argument is of type 'char *'
 unsigned int XUartPs_Send(XUartPs *InstancePtr, u8 *BufferPtr,
              ^
../src/helloworld.c:537:3: warning: pointer targets in passing argument 2 of 'XUartPs_Send' differ in signedness [-Wpointer-sign]
   XUartPs_Send(&Uart_Ps, &test, 1);
   ^
In file included from ../src/helloworld.c:153:0:
../../data_log_bsp/ps7_cortexa9_0/include/xuartps.h:447:14: note: expected 'u8 *' but argument is of type 'char *'
 unsigned int XUartPs_Send(XUartPs *InstancePtr, u8 *BufferPtr,
              ^
../src/helloworld.c:539:3: warning: pointer targets in passing argument 2 of 'XUartPs_Send' differ in signedness [-Wpointer-sign]
   XUartPs_Send(&Uart_Ps, &test, 1);
   ^
In file included from ../src/helloworld.c:153:0:
../../data_log_bsp/ps7_cortexa9_0/include/xuartps.h:447:14: note: expected 'u8 *' but argument is of type 'char *'
 unsigned int XUartPs_Send(XUartPs *InstancePtr, u8 *BufferPtr,
              ^
../src/helloworld.c: At top level:
../src/helloworld.c:171:11: warning: 'SendBuffer' defined but not used [-Wunused-variable]
 static u8 SendBuffer[TEST_BUFFER_SIZE]; /* Buffer for Transmitting Data */
           ^
../src/helloworld.c:203:11: warning: 'RecvBuffer' defined but not used [-Wunused-variable]
 static u8 RecvBuffer[TEST_BUFFER_SIZE]; /* Buffer for Receiving Data */
           ^
Finished building: ../src/helloworld.c
 
Building target: data_log.elf
Invoking: ARM gcc linker
arm-xilinx-eabi-gcc -Wl,-T -Wl,../src/lscript.ld -L../../data_log_bsp/ps7_cortexa9_0/lib -o "data_log.elf"  ./src/helloworld.o ./src/platform.o   -Wl,--start-group,-lxil,-lgcc,-lc,--end-group
Finished building target: data_log.elf
 
Invoking: ARM Print Size
arm-xilinx-eabi-size data_log.elf  |tee "data_log.elf.size"
   text	   data	    bss	    dec	    hex	filename
  33984	   2040	  22948	  58972	   e65c	data_log.elf
Finished building: data_log.elf.size
 
23:26:54 **** Incremental Build of configuration Debug for project data_log ****
make all 
make: Nothing to be done for `all'.
23:27:18 **** Auto Build of configuration Debug for project data_log ****
make all 
Building file: ../src/helloworld.c
Invoking: ARM gcc compiler
arm-xilinx-eabi-gcc -Wall -O0 -g3 -c -fmessage-length=0 -MT"src/helloworld.o" -I../../data_log_bsp/ps7_cortexa9_0/include -MMD -MP -MF"src/helloworld.d" -MT"src/helloworld.d" -o "src/helloworld.o" "../src/helloworld.c"
Finished building: ../src/helloworld.c
 
Building target: data_log.elf
Invoking: ARM gcc linker
arm-xilinx-eabi-gcc -Wl,-T -Wl,../src/lscript.ld -L../../data_log_bsp/ps7_cortexa9_0/lib -o "data_log.elf"  ./src/helloworld.o ./src/platform.o   -Wl,--start-group,-lxil,-lgcc,-lc,--end-group
Finished building target: data_log.elf
 
Invoking: ARM Print Size
arm-xilinx-eabi-size data_log.elf  |tee "data_log.elf.size"
   text	   data	    bss	    dec	    hex	filename
  31448	   1976	  22692	  56116	   db34	data_log.elf
Finished building: data_log.elf.size
 
23:27:28 **** Incremental Build of configuration Debug for project data_log ****
make all 
make: Nothing to be done for `all'.
23:35:15 **** Auto Build of configuration Debug for project data_log ****
make all 
Building file: ../src/helloworld.c
Invoking: ARM gcc compiler
arm-xilinx-eabi-gcc -Wall -O0 -g3 -c -fmessage-length=0 -MT"src/helloworld.o" -I../../data_log_bsp/ps7_cortexa9_0/include -MMD -MP -MF"src/helloworld.d" -MT"src/helloworld.d" -o "src/helloworld.o" "../src/helloworld.c"
../src/helloworld.c: In function 'Handler':
../src/helloworld.c:390:26: error: 'uartBuffer' undeclared (first use in this function)
   XUartPs_Recv(&Uart_Ps, uartBuffer, TEST_BUFFER_SIZE);
                          ^
../src/helloworld.c:390:26: note: each undeclared identifier is reported only once for each function it appears in
../src/helloworld.c:396:7: error: 'coarse_clk_delay_ctrl' undeclared (first use in this function)
    if(coarse_clk_delay_ctrl != 31)
       ^
../src/helloworld.c:398:4: error: 'CTRL_TYPE' undeclared (first use in this function)
    CTRL_TYPE =COARSE_CTRL;
    ^
../src/helloworld.c:398:15: error: 'COARSE_CTRL' undeclared (first use in this function)
    CTRL_TYPE =COARSE_CTRL;
               ^
../src/helloworld.c:409:7: error: 'coarse_data_delay_ctrl' undeclared (first use in this function)
    if(coarse_data_delay_ctrl != 31)
       ^
../src/helloworld.c:427:7: error: 'fine_clk_delay_ctrl' undeclared (first use in this function)
    if(fine_clk_delay_ctrl != (FINE_DELAY_LEVELS -1))
       ^
../src/helloworld.c:427:31: error: 'FINE_DELAY_LEVELS' undeclared (first use in this function)
    if(fine_clk_delay_ctrl != (FINE_DELAY_LEVELS -1))
                               ^
../src/helloworld.c:430:15: error: 'FINE_CTRL' undeclared (first use in this function)
    CTRL_TYPE =FINE_CTRL;
               ^
../src/helloworld.c:444:7: error: 'fine_data_delay_ctrl' undeclared (first use in this function)
    if(fine_data_delay_ctrl != (FINE_DELAY_LEVELS-1))
       ^
../src/helloworld.c:460:3: warning: implicit declaration of function 'adjust_delay' [-Wimplicit-function-declaration]
   adjust_delay();
   ^
../src/helloworld.c:476:33: error: 'COARSE_DELAY_LEVELS' undeclared (first use in this function)
    if(coarse_clk_delay_ctrl != (COARSE_DELAY_LEVELS -1))
                                 ^
../src/helloworld.c:539:3: error: 'coarse_clk_delay_val' undeclared (first use in this function)
   coarse_clk_delay_val =  coarse_clk_delay_ctrl;//(1<< coarse_clk_delay_ctrl) -1;
   ^
../src/helloworld.c:540:3: error: 'coarse_data_delay_val' undeclared (first use in this function)
   coarse_data_delay_val =  coarse_data_delay_ctrl;//(1<< coarse_data_delay_ctrl) -1;
   ^
../src/helloworld.c:546:3: error: 'test' undeclared (first use in this function)
   test = 33 + coarse_clk_delay_ctrl;
   ^
../src/helloworld.c: At top level:
../src/helloworld.c:175:11: warning: 'RecvBuffer' defined but not used [-Wunused-variable]
 static u8 RecvBuffer[TEST_BUFFER_SIZE]; /* Buffer for Receiving Data */
           ^
make: *** [src/helloworld.o] Error 1
23:35:44 **** Auto Build of configuration Debug for project data_log ****
make all 
Building file: ../src/helloworld.c
Invoking: ARM gcc compiler
arm-xilinx-eabi-gcc -Wall -O0 -g3 -c -fmessage-length=0 -MT"src/helloworld.o" -I../../data_log_bsp/ps7_cortexa9_0/include -MMD -MP -MF"src/helloworld.d" -MT"src/helloworld.d" -o "src/helloworld.o" "../src/helloworld.c"
../src/helloworld.c: In function 'Handler':
../src/helloworld.c:390:26: error: 'uartBuffer' undeclared (first use in this function)
   XUartPs_Recv(&Uart_Ps, uartBuffer, TEST_BUFFER_SIZE);
                          ^
../src/helloworld.c:390:26: note: each undeclared identifier is reported only once for each function it appears in
../src/helloworld.c:396:7: error: 'coarse_clk_delay_ctrl' undeclared (first use in this function)
    if(coarse_clk_delay_ctrl != 31)
       ^
../src/helloworld.c:398:4: error: 'CTRL_TYPE' undeclared (first use in this function)
    CTRL_TYPE =COARSE_CTRL;
    ^
../src/helloworld.c:398:15: error: 'COARSE_CTRL' undeclared (first use in this function)
    CTRL_TYPE =COARSE_CTRL;
               ^
../src/helloworld.c:409:7: error: 'coarse_data_delay_ctrl' undeclared (first use in this function)
    if(coarse_data_delay_ctrl != 31)
       ^
../src/helloworld.c:427:7: error: 'fine_clk_delay_ctrl' undeclared (first use in this function)
    if(fine_clk_delay_ctrl != (FINE_DELAY_LEVELS -1))
       ^
../src/helloworld.c:427:31: error: 'FINE_DELAY_LEVELS' undeclared (first use in this function)
    if(fine_clk_delay_ctrl != (FINE_DELAY_LEVELS -1))
                               ^
../src/helloworld.c:430:15: error: 'FINE_CTRL' undeclared (first use in this function)
    CTRL_TYPE =FINE_CTRL;
               ^
../src/helloworld.c:444:7: error: 'fine_data_delay_ctrl' undeclared (first use in this function)
    if(fine_data_delay_ctrl != (FINE_DELAY_LEVELS-1))
       ^
../src/helloworld.c:460:3: warning: implicit declaration of function 'adjust_delay' [-Wimplicit-function-declaration]
   adjust_delay();
   ^
../src/helloworld.c:476:33: error: 'COARSE_DELAY_LEVELS' undeclared (first use in this function)
    if(coarse_clk_delay_ctrl != (COARSE_DELAY_LEVELS -1))
                                 ^
../src/helloworld.c:539:3: error: 'coarse_clk_delay_val' undeclared (first use in this function)
   coarse_clk_delay_val =  coarse_clk_delay_ctrl;//(1<< coarse_clk_delay_ctrl) -1;
   ^
../src/helloworld.c:540:3: error: 'coarse_data_delay_val' undeclared (first use in this function)
   coarse_data_delay_val =  coarse_data_delay_ctrl;//(1<< coarse_data_delay_ctrl) -1;
   ^
../src/helloworld.c:546:3: error: 'test' undeclared (first use in this function)
   test = 33 + coarse_clk_delay_ctrl;
   ^
../src/helloworld.c: At top level:
../src/helloworld.c:175:11: warning: 'RecvBuffer' defined but not used [-Wunused-variable]
 static u8 RecvBuffer[TEST_BUFFER_SIZE]; /* Buffer for Receiving Data */
           ^
../src/helloworld.c:176:11: warning: 'uartbuffer' defined but not used [-Wunused-variable]
 static u8 uartbuffer[TEST_BUFFER_SIZE];
           ^
make: *** [src/helloworld.o] Error 1
23:36:47 **** Auto Build of configuration Debug for project data_log ****
make all 
Building file: ../src/helloworld.c
Invoking: ARM gcc compiler
arm-xilinx-eabi-gcc -Wall -O0 -g3 -c -fmessage-length=0 -MT"src/helloworld.o" -I../../data_log_bsp/ps7_cortexa9_0/include -MMD -MP -MF"src/helloworld.d" -MT"src/helloworld.d" -o "src/helloworld.o" "../src/helloworld.c"
../src/helloworld.c:183:1: error: expected '=', ',', ';', 'asm' or '__attribute__' before 'int'
 int main()
 ^
../src/helloworld.c: In function 'Handler':
../src/helloworld.c:400:7: error: 'coarse_clk_delay_ctrl' undeclared (first use in this function)
    if(coarse_clk_delay_ctrl != 31)
       ^
../src/helloworld.c:400:7: note: each undeclared identifier is reported only once for each function it appears in
../src/helloworld.c:402:4: error: 'CTRL_TYPE' undeclared (first use in this function)
    CTRL_TYPE =COARSE_CTRL;
    ^
../src/helloworld.c:413:7: error: 'coarse_data_delay_ctrl' undeclared (first use in this function)
    if(coarse_data_delay_ctrl != 31)
       ^
../src/helloworld.c:431:7: error: 'fine_clk_delay_ctrl' undeclared (first use in this function)
    if(fine_clk_delay_ctrl != (FINE_DELAY_LEVELS -1))
       ^
../src/helloworld.c:431:31: error: 'FINE_DELAY_LEVELS' undeclared (first use in this function)
    if(fine_clk_delay_ctrl != (FINE_DELAY_LEVELS -1))
                               ^
../src/helloworld.c:448:7: error: 'fine_data_delay_ctrl' undeclared (first use in this function)
    if(fine_data_delay_ctrl != (FINE_DELAY_LEVELS-1))
       ^
../src/helloworld.c:464:3: warning: implicit declaration of function 'adjust_delay' [-Wimplicit-function-declaration]
   adjust_delay();
   ^
../src/helloworld.c:480:33: error: 'COARSE_DELAY_LEVELS' undeclared (first use in this function)
    if(coarse_clk_delay_ctrl != (COARSE_DELAY_LEVELS -1))
                                 ^
../src/helloworld.c:543:3: error: 'coarse_clk_delay_val' undeclared (first use in this function)
   coarse_clk_delay_val =  coarse_clk_delay_ctrl;//(1<< coarse_clk_delay_ctrl) -1;
   ^
../src/helloworld.c:544:3: error: 'coarse_data_delay_val' undeclared (first use in this function)
   coarse_data_delay_val =  coarse_data_delay_ctrl;//(1<< coarse_data_delay_ctrl) -1;
   ^
../src/helloworld.c:550:3: error: 'test' undeclared (first use in this function)
   test = 33 + coarse_clk_delay_ctrl;
   ^
../src/helloworld.c: At top level:
../src/helloworld.c:300:12: warning: 'SetupInterruptSystem' defined but not used [-Wunused-function]
 static int SetupInterruptSystem(XScuGic *IntcInstancePtr,
            ^
../src/helloworld.c:175:11: warning: 'RecvBuffer' defined but not used [-Wunused-variable]
 static u8 RecvBuffer[TEST_BUFFER_SIZE]; /* Buffer for Receiving Data */
           ^
make: *** [src/helloworld.o] Error 1
23:36:54 **** Auto Build of configuration Debug for project data_log ****
make all 
Building file: ../src/helloworld.c
Invoking: ARM gcc compiler
arm-xilinx-eabi-gcc -Wall -O0 -g3 -c -fmessage-length=0 -MT"src/helloworld.o" -I../../data_log_bsp/ps7_cortexa9_0/include -MMD -MP -MF"src/helloworld.d" -MT"src/helloworld.d" -o "src/helloworld.o" "../src/helloworld.c"
../src/helloworld.c: In function 'Handler':
../src/helloworld.c:400:7: error: 'coarse_clk_delay_ctrl' undeclared (first use in this function)
    if(coarse_clk_delay_ctrl != 31)
       ^
../src/helloworld.c:400:7: note: each undeclared identifier is reported only once for each function it appears in
../src/helloworld.c:402:4: error: 'CTRL_TYPE' undeclared (first use in this function)
    CTRL_TYPE =COARSE_CTRL;
    ^
../src/helloworld.c:413:7: error: 'coarse_data_delay_ctrl' undeclared (first use in this function)
    if(coarse_data_delay_ctrl != 31)
       ^
../src/helloworld.c:431:7: error: 'fine_clk_delay_ctrl' undeclared (first use in this function)
    if(fine_clk_delay_ctrl != (FINE_DELAY_LEVELS -1))
       ^
../src/helloworld.c:431:31: error: 'FINE_DELAY_LEVELS' undeclared (first use in this function)
    if(fine_clk_delay_ctrl != (FINE_DELAY_LEVELS -1))
                               ^
../src/helloworld.c:448:7: error: 'fine_data_delay_ctrl' undeclared (first use in this function)
    if(fine_data_delay_ctrl != (FINE_DELAY_LEVELS-1))
       ^
../src/helloworld.c:464:3: warning: implicit declaration of function 'adjust_delay' [-Wimplicit-function-declaration]
   adjust_delay();
   ^
../src/helloworld.c:480:33: error: 'COARSE_DELAY_LEVELS' undeclared (first use in this function)
    if(coarse_clk_delay_ctrl != (COARSE_DELAY_LEVELS -1))
                                 ^
../src/helloworld.c:543:3: error: 'coarse_clk_delay_val' undeclared (first use in this function)
   coarse_clk_delay_val =  coarse_clk_delay_ctrl;//(1<< coarse_clk_delay_ctrl) -1;
   ^
../src/helloworld.c:544:3: error: 'coarse_data_delay_val' undeclared (first use in this function)
   coarse_data_delay_val =  coarse_data_delay_ctrl;//(1<< coarse_data_delay_ctrl) -1;
   ^
../src/helloworld.c:550:3: error: 'test' undeclared (first use in this function)
   test = 33 + coarse_clk_delay_ctrl;
   ^
../src/helloworld.c: At top level:
../src/helloworld.c:175:11: warning: 'RecvBuffer' defined but not used [-Wunused-variable]
 static u8 RecvBuffer[TEST_BUFFER_SIZE]; /* Buffer for Receiving Data */
           ^
make: *** [src/helloworld.o] Error 1
23:37:54 **** Auto Build of configuration Debug for project data_log ****
make all 
Building file: ../src/helloworld.c
Invoking: ARM gcc compiler
arm-xilinx-eabi-gcc -Wall -O0 -g3 -c -fmessage-length=0 -MT"src/helloworld.o" -I../../data_log_bsp/ps7_cortexa9_0/include -MMD -MP -MF"src/helloworld.d" -MT"src/helloworld.d" -o "src/helloworld.o" "../src/helloworld.c"
../src/helloworld.c: In function 'Handler':
../src/helloworld.c:405:4: error: 'CTRL_TYPE' undeclared (first use in this function)
    CTRL_TYPE =COARSE_CTRL;
    ^
../src/helloworld.c:405:4: note: each undeclared identifier is reported only once for each function it appears in
../src/helloworld.c:416:7: error: 'coarse_data_delay_ctrl' undeclared (first use in this function)
    if(coarse_data_delay_ctrl != 31)
       ^
../src/helloworld.c:434:31: error: 'FINE_DELAY_LEVELS' undeclared (first use in this function)
    if(fine_clk_delay_ctrl != (FINE_DELAY_LEVELS -1))
                               ^
../src/helloworld.c:451:7: error: 'fine_data_delay_ctrl' undeclared (first use in this function)
    if(fine_data_delay_ctrl != (FINE_DELAY_LEVELS-1))
       ^
../src/helloworld.c:467:3: warning: implicit declaration of function 'adjust_delay' [-Wimplicit-function-declaration]
   adjust_delay();
   ^
../src/helloworld.c:483:33: error: 'COARSE_DELAY_LEVELS' undeclared (first use in this function)
    if(coarse_clk_delay_ctrl != (COARSE_DELAY_LEVELS -1))
                                 ^
../src/helloworld.c:547:3: error: 'coarse_data_delay_val' undeclared (first use in this function)
   coarse_data_delay_val =  coarse_data_delay_ctrl;//(1<< coarse_data_delay_ctrl) -1;
   ^
../src/helloworld.c:553:3: error: 'test' undeclared (first use in this function)
   test = 33 + coarse_clk_delay_ctrl;
   ^
../src/helloworld.c: At top level:
../src/helloworld.c:175:11: warning: 'RecvBuffer' defined but not used [-Wunused-variable]
 static u8 RecvBuffer[TEST_BUFFER_SIZE]; /* Buffer for Receiving Data */
           ^
make: *** [src/helloworld.o] Error 1
23:38:18 **** Auto Build of configuration Debug for project data_log ****
make all 
Building file: ../src/helloworld.c
Invoking: ARM gcc compiler
arm-xilinx-eabi-gcc -Wall -O0 -g3 -c -fmessage-length=0 -MT"src/helloworld.o" -I../../data_log_bsp/ps7_cortexa9_0/include -MMD -MP -MF"src/helloworld.d" -MT"src/helloworld.d" -o "src/helloworld.o" "../src/helloworld.c"
../src/helloworld.c: In function 'Handler':
../src/helloworld.c:416:7: error: 'coarse_data_delay_ctrl' undeclared (first use in this function)
    if(coarse_data_delay_ctrl != 31)
       ^
../src/helloworld.c:416:7: note: each undeclared identifier is reported only once for each function it appears in
../src/helloworld.c:434:31: error: 'FINE_DELAY_LEVELS' undeclared (first use in this function)
    if(fine_clk_delay_ctrl != (FINE_DELAY_LEVELS -1))
                               ^
../src/helloworld.c:451:7: error: 'fine_data_delay_ctrl' undeclared (first use in this function)
    if(fine_data_delay_ctrl != (FINE_DELAY_LEVELS-1))
       ^
../src/helloworld.c:467:3: warning: implicit declaration of function 'adjust_delay' [-Wimplicit-function-declaration]
   adjust_delay();
   ^
../src/helloworld.c:483:33: error: 'COARSE_DELAY_LEVELS' undeclared (first use in this function)
    if(coarse_clk_delay_ctrl != (COARSE_DELAY_LEVELS -1))
                                 ^
../src/helloworld.c:547:3: error: 'coarse_data_delay_val' undeclared (first use in this function)
   coarse_data_delay_val =  coarse_data_delay_ctrl;//(1<< coarse_data_delay_ctrl) -1;
   ^
../src/helloworld.c:553:3: error: 'test' undeclared (first use in this function)
   test = 33 + coarse_clk_delay_ctrl;
   ^
../src/helloworld.c: At top level:
../src/helloworld.c:175:11: warning: 'RecvBuffer' defined but not used [-Wunused-variable]
 static u8 RecvBuffer[TEST_BUFFER_SIZE]; /* Buffer for Receiving Data */
           ^
make: *** [src/helloworld.o] Error 1
23:38:27 **** Auto Build of configuration Debug for project data_log ****
make all 
Building file: ../src/helloworld.c
Invoking: ARM gcc compiler
arm-xilinx-eabi-gcc -Wall -O0 -g3 -c -fmessage-length=0 -MT"src/helloworld.o" -I../../data_log_bsp/ps7_cortexa9_0/include -MMD -MP -MF"src/helloworld.d" -MT"src/helloworld.d" -o "src/helloworld.o" "../src/helloworld.c"
../src/helloworld.c: In function 'Handler':
../src/helloworld.c:417:7: error: 'coarse_data_delay_ctrl' undeclared (first use in this function)
    if(coarse_data_delay_ctrl != 31)
       ^
../src/helloworld.c:417:7: note: each undeclared identifier is reported only once for each function it appears in
../src/helloworld.c:435:31: error: 'FINE_DELAY_LEVELS' undeclared (first use in this function)
    if(fine_clk_delay_ctrl != (FINE_DELAY_LEVELS -1))
                               ^
../src/helloworld.c:452:7: error: 'fine_data_delay_ctrl' undeclared (first use in this function)
    if(fine_data_delay_ctrl != (FINE_DELAY_LEVELS-1))
       ^
../src/helloworld.c:468:3: warning: implicit declaration of function 'adjust_delay' [-Wimplicit-function-declaration]
   adjust_delay();
   ^
../src/helloworld.c:484:33: error: 'COARSE_DELAY_LEVELS' undeclared (first use in this function)
    if(coarse_clk_delay_ctrl != (COARSE_DELAY_LEVELS -1))
                                 ^
../src/helloworld.c:548:3: error: 'coarse_data_delay_val' undeclared (first use in this function)
   coarse_data_delay_val =  coarse_data_delay_ctrl;//(1<< coarse_data_delay_ctrl) -1;
   ^
../src/helloworld.c:555:3: warning: pointer targets in passing argument 2 of 'XUartPs_Send' differ in signedness [-Wpointer-sign]
   XUartPs_Send(&Uart_Ps, &test, 1) ;
   ^
In file included from ../src/helloworld.c:153:0:
../../data_log_bsp/ps7_cortexa9_0/include/xuartps.h:447:14: note: expected 'u8 *' but argument is of type 'char *'
 unsigned int XUartPs_Send(XUartPs *InstancePtr, u8 *BufferPtr,
              ^
../src/helloworld.c:557:3: warning: pointer targets in passing argument 2 of 'XUartPs_Send' differ in signedness [-Wpointer-sign]
   XUartPs_Send(&Uart_Ps, &test, 1);
   ^
In file included from ../src/helloworld.c:153:0:
../../data_log_bsp/ps7_cortexa9_0/include/xuartps.h:447:14: note: expected 'u8 *' but argument is of type 'char *'
 unsigned int XUartPs_Send(XUartPs *InstancePtr, u8 *BufferPtr,
              ^
../src/helloworld.c:559:3: warning: pointer targets in passing argument 2 of 'XUartPs_Send' differ in signedness [-Wpointer-sign]
   XUartPs_Send(&Uart_Ps, &test, 1);
   ^
In file included from ../src/helloworld.c:153:0:
../../data_log_bsp/ps7_cortexa9_0/include/xuartps.h:447:14: note: expected 'u8 *' but argument is of type 'char *'
 unsigned int XUartPs_Send(XUartPs *InstancePtr, u8 *BufferPtr,
              ^
../src/helloworld.c:561:3: warning: pointer targets in passing argument 2 of 'XUartPs_Send' differ in signedness [-Wpointer-sign]
   XUartPs_Send(&Uart_Ps, &test, 1);
   ^
In file included from ../src/helloworld.c:153:0:
../../data_log_bsp/ps7_cortexa9_0/include/xuartps.h:447:14: note: expected 'u8 *' but argument is of type 'char *'
 unsigned int XUartPs_Send(XUartPs *InstancePtr, u8 *BufferPtr,
              ^
../src/helloworld.c:563:3: warning: pointer targets in passing argument 2 of 'XUartPs_Send' differ in signedness [-Wpointer-sign]
   XUartPs_Send(&Uart_Ps, &test, 1);
   ^
In file included from ../src/helloworld.c:153:0:
../../data_log_bsp/ps7_cortexa9_0/include/xuartps.h:447:14: note: expected 'u8 *' but argument is of type 'char *'
 unsigned int XUartPs_Send(XUartPs *InstancePtr, u8 *BufferPtr,
              ^
../src/helloworld.c:565:3: warning: pointer targets in passing argument 2 of 'XUartPs_Send' differ in signedness [-Wpointer-sign]
   XUartPs_Send(&Uart_Ps, &test, 1);
   ^
In file included from ../src/helloworld.c:153:0:
../../data_log_bsp/ps7_cortexa9_0/include/xuartps.h:447:14: note: expected 'u8 *' but argument is of type 'char *'
 unsigned int XUartPs_Send(XUartPs *InstancePtr, u8 *BufferPtr,
              ^
../src/helloworld.c:571:4: warning: pointer targets in passing argument 2 of 'XUartPs_Send' differ in signedness [-Wpointer-sign]
    XUartPs_Send(&Uart_Ps, &test, 1) ;
    ^
In file included from ../src/helloworld.c:153:0:
../../data_log_bsp/ps7_cortexa9_0/include/xuartps.h:447:14: note: expected 'u8 *' but argument is of type 'char *'
 unsigned int XUartPs_Send(XUartPs *InstancePtr, u8 *BufferPtr,
              ^
../src/helloworld.c:573:4: warning: pointer targets in passing argument 2 of 'XUartPs_Send' differ in signedness [-Wpointer-sign]
    XUartPs_Send(&Uart_Ps, &test, 1);
    ^
In file included from ../src/helloworld.c:153:0:
../../data_log_bsp/ps7_cortexa9_0/include/xuartps.h:447:14: note: expected 'u8 *' but argument is of type 'char *'
 unsigned int XUartPs_Send(XUartPs *InstancePtr, u8 *BufferPtr,
              ^
../src/helloworld.c:575:4: warning: pointer targets in passing argument 2 of 'XUartPs_Send' differ in signedness [-Wpointer-sign]
    XUartPs_Send(&Uart_Ps, &test, 1);
    ^
In file included from ../src/helloworld.c:153:0:
../../data_log_bsp/ps7_cortexa9_0/include/xuartps.h:447:14: note: expected 'u8 *' but argument is of type 'char *'
 unsigned int XUartPs_Send(XUartPs *InstancePtr, u8 *BufferPtr,
              ^
../src/helloworld.c:577:4: warning: pointer targets in passing argument 2 of 'XUartPs_Send' differ in signedness [-Wpointer-sign]
    XUartPs_Send(&Uart_Ps, &test, 1);
    ^
In file included from ../src/helloworld.c:153:0:
../../data_log_bsp/ps7_cortexa9_0/include/xuartps.h:447:14: note: expected 'u8 *' but argument is of type 'char *'
 unsigned int XUartPs_Send(XUartPs *InstancePtr, u8 *BufferPtr,
              ^
../src/helloworld.c:579:4: warning: pointer targets in passing argument 2 of 'XUartPs_Send' differ in signedness [-Wpointer-sign]
    XUartPs_Send(&Uart_Ps, &test, 1);
    ^
In file included from ../src/helloworld.c:153:0:
../../data_log_bsp/ps7_cortexa9_0/include/xuartps.h:447:14: note: expected 'u8 *' but argument is of type 'char *'
 unsigned int XUartPs_Send(XUartPs *InstancePtr, u8 *BufferPtr,
              ^
../src/helloworld.c:581:4: warning: pointer targets in passing argument 2 of 'XUartPs_Send' differ in signedness [-Wpointer-sign]
    XUartPs_Send(&Uart_Ps, &test, 1);
    ^
In file included from ../src/helloworld.c:153:0:
../../data_log_bsp/ps7_cortexa9_0/include/xuartps.h:447:14: note: expected 'u8 *' but argument is of type 'char *'
 unsigned int XUartPs_Send(XUartPs *InstancePtr, u8 *BufferPtr,
              ^
../src/helloworld.c: At top level:
../src/helloworld.c:175:11: warning: 'RecvBuffer' defined but not used [-Wunused-variable]
 static u8 RecvBuffer[TEST_BUFFER_SIZE]; /* Buffer for Receiving Data */
           ^
make: *** [src/helloworld.o] Error 1
23:39:04 **** Auto Build of configuration Debug for project data_log ****
make all 
Building file: ../src/helloworld.c
Invoking: ARM gcc compiler
arm-xilinx-eabi-gcc -Wall -O0 -g3 -c -fmessage-length=0 -MT"src/helloworld.o" -I../../data_log_bsp/ps7_cortexa9_0/include -MMD -MP -MF"src/helloworld.d" -MT"src/helloworld.d" -o "src/helloworld.o" "../src/helloworld.c"
../src/helloworld.c: In function 'Handler':
../src/helloworld.c:440:31: error: 'FINE_DELAY_LEVELS' undeclared (first use in this function)
    if(fine_clk_delay_ctrl != (FINE_DELAY_LEVELS -1))
                               ^
../src/helloworld.c:440:31: note: each undeclared identifier is reported only once for each function it appears in
../src/helloworld.c:473:3: warning: implicit declaration of function 'adjust_delay' [-Wimplicit-function-declaration]
   adjust_delay();
   ^
../src/helloworld.c:489:33: error: 'COARSE_DELAY_LEVELS' undeclared (first use in this function)
    if(coarse_clk_delay_ctrl != (COARSE_DELAY_LEVELS -1))
                                 ^
../src/helloworld.c:560:3: warning: pointer targets in passing argument 2 of 'XUartPs_Send' differ in signedness [-Wpointer-sign]
   XUartPs_Send(&Uart_Ps, &test, 1) ;
   ^
In file included from ../src/helloworld.c:153:0:
../../data_log_bsp/ps7_cortexa9_0/include/xuartps.h:447:14: note: expected 'u8 *' but argument is of type 'char *'
 unsigned int XUartPs_Send(XUartPs *InstancePtr, u8 *BufferPtr,
              ^
../src/helloworld.c:562:3: warning: pointer targets in passing argument 2 of 'XUartPs_Send' differ in signedness [-Wpointer-sign]
   XUartPs_Send(&Uart_Ps, &test, 1);
   ^
In file included from ../src/helloworld.c:153:0:
../../data_log_bsp/ps7_cortexa9_0/include/xuartps.h:447:14: note: expected 'u8 *' but argument is of type 'char *'
 unsigned int XUartPs_Send(XUartPs *InstancePtr, u8 *BufferPtr,
              ^
../src/helloworld.c:564:3: warning: pointer targets in passing argument 2 of 'XUartPs_Send' differ in signedness [-Wpointer-sign]
   XUartPs_Send(&Uart_Ps, &test, 1);
   ^
In file included from ../src/helloworld.c:153:0:
../../data_log_bsp/ps7_cortexa9_0/include/xuartps.h:447:14: note: expected 'u8 *' but argument is of type 'char *'
 unsigned int XUartPs_Send(XUartPs *InstancePtr, u8 *BufferPtr,
              ^
../src/helloworld.c:566:3: warning: pointer targets in passing argument 2 of 'XUartPs_Send' differ in signedness [-Wpointer-sign]
   XUartPs_Send(&Uart_Ps, &test, 1);
   ^
In file included from ../src/helloworld.c:153:0:
../../data_log_bsp/ps7_cortexa9_0/include/xuartps.h:447:14: note: expected 'u8 *' but argument is of type 'char *'
 unsigned int XUartPs_Send(XUartPs *InstancePtr, u8 *BufferPtr,
              ^
../src/helloworld.c:568:3: warning: pointer targets in passing argument 2 of 'XUartPs_Send' differ in signedness [-Wpointer-sign]
   XUartPs_Send(&Uart_Ps, &test, 1);
   ^
In file included from ../src/helloworld.c:153:0:
../../data_log_bsp/ps7_cortexa9_0/include/xuartps.h:447:14: note: expected 'u8 *' but argument is of type 'char *'
 unsigned int XUartPs_Send(XUartPs *InstancePtr, u8 *BufferPtr,
              ^
../src/helloworld.c:570:3: warning: pointer targets in passing argument 2 of 'XUartPs_Send' differ in signedness [-Wpointer-sign]
   XUartPs_Send(&Uart_Ps, &test, 1);
   ^
In file included from ../src/helloworld.c:153:0:
../../data_log_bsp/ps7_cortexa9_0/include/xuartps.h:447:14: note: expected 'u8 *' but argument is of type 'char *'
 unsigned int XUartPs_Send(XUartPs *InstancePtr, u8 *BufferPtr,
              ^
../src/helloworld.c:576:4: warning: pointer targets in passing argument 2 of 'XUartPs_Send' differ in signedness [-Wpointer-sign]
    XUartPs_Send(&Uart_Ps, &test, 1) ;
    ^
In file included from ../src/helloworld.c:153:0:
../../data_log_bsp/ps7_cortexa9_0/include/xuartps.h:447:14: note: expected 'u8 *' but argument is of type 'char *'
 unsigned int XUartPs_Send(XUartPs *InstancePtr, u8 *BufferPtr,
              ^
../src/helloworld.c:578:4: warning: pointer targets in passing argument 2 of 'XUartPs_Send' differ in signedness [-Wpointer-sign]
    XUartPs_Send(&Uart_Ps, &test, 1);
    ^
In file included from ../src/helloworld.c:153:0:
../../data_log_bsp/ps7_cortexa9_0/include/xuartps.h:447:14: note: expected 'u8 *' but argument is of type 'char *'
 unsigned int XUartPs_Send(XUartPs *InstancePtr, u8 *BufferPtr,
              ^
../src/helloworld.c:580:4: warning: pointer targets in passing argument 2 of 'XUartPs_Send' differ in signedness [-Wpointer-sign]
    XUartPs_Send(&Uart_Ps, &test, 1);
    ^
In file included from ../src/helloworld.c:153:0:
../../data_log_bsp/ps7_cortexa9_0/include/xuartps.h:447:14: note: expected 'u8 *' but argument is of type 'char *'
 unsigned int XUartPs_Send(XUartPs *InstancePtr, u8 *BufferPtr,
              ^
../src/helloworld.c:582:4: warning: pointer targets in passing argument 2 of 'XUartPs_Send' differ in signedness [-Wpointer-sign]
    XUartPs_Send(&Uart_Ps, &test, 1);
    ^
In file included from ../src/helloworld.c:153:0:
../../data_log_bsp/ps7_cortexa9_0/include/xuartps.h:447:14: note: expected 'u8 *' but argument is of type 'char *'
 unsigned int XUartPs_Send(XUartPs *InstancePtr, u8 *BufferPtr,
              ^
../src/helloworld.c:584:4: warning: pointer targets in passing argument 2 of 'XUartPs_Send' differ in signedness [-Wpointer-sign]
    XUartPs_Send(&Uart_Ps, &test, 1);
    ^
In file included from ../src/helloworld.c:153:0:
../../data_log_bsp/ps7_cortexa9_0/include/xuartps.h:447:14: note: expected 'u8 *' but argument is of type 'char *'
 unsigned int XUartPs_Send(XUartPs *InstancePtr, u8 *BufferPtr,
              ^
../src/helloworld.c:586:4: warning: pointer targets in passing argument 2 of 'XUartPs_Send' differ in signedness [-Wpointer-sign]
    XUartPs_Send(&Uart_Ps, &test, 1);
    ^
In file included from ../src/helloworld.c:153:0:
../../data_log_bsp/ps7_cortexa9_0/include/xuartps.h:447:14: note: expected 'u8 *' but argument is of type 'char *'
 unsigned int XUartPs_Send(XUartPs *InstancePtr, u8 *BufferPtr,
              ^
../src/helloworld.c: At top level:
../src/helloworld.c:175:11: warning: 'RecvBuffer' defined but not used [-Wunused-variable]
 static u8 RecvBuffer[TEST_BUFFER_SIZE]; /* Buffer for Receiving Data */
           ^
make: *** [src/helloworld.o] Error 1
23:39:40 **** Auto Build of configuration Debug for project data_log ****
make all 
Building file: ../src/helloworld.c
Invoking: ARM gcc compiler
arm-xilinx-eabi-gcc -Wall -O0 -g3 -c -fmessage-length=0 -MT"src/helloworld.o" -I../../data_log_bsp/ps7_cortexa9_0/include -MMD -MP -MF"src/helloworld.d" -MT"src/helloworld.d" -o "src/helloworld.o" "../src/helloworld.c"
../src/helloworld.c: In function 'Handler':
../src/helloworld.c:474:3: warning: implicit declaration of function 'adjust_delay' [-Wimplicit-function-declaration]
   adjust_delay();
   ^
../src/helloworld.c:561:3: warning: pointer targets in passing argument 2 of 'XUartPs_Send' differ in signedness [-Wpointer-sign]
   XUartPs_Send(&Uart_Ps, &test, 1) ;
   ^
In file included from ../src/helloworld.c:153:0:
../../data_log_bsp/ps7_cortexa9_0/include/xuartps.h:447:14: note: expected 'u8 *' but argument is of type 'char *'
 unsigned int XUartPs_Send(XUartPs *InstancePtr, u8 *BufferPtr,
              ^
../src/helloworld.c:563:3: warning: pointer targets in passing argument 2 of 'XUartPs_Send' differ in signedness [-Wpointer-sign]
   XUartPs_Send(&Uart_Ps, &test, 1);
   ^
In file included from ../src/helloworld.c:153:0:
../../data_log_bsp/ps7_cortexa9_0/include/xuartps.h:447:14: note: expected 'u8 *' but argument is of type 'char *'
 unsigned int XUartPs_Send(XUartPs *InstancePtr, u8 *BufferPtr,
              ^
../src/helloworld.c:565:3: warning: pointer targets in passing argument 2 of 'XUartPs_Send' differ in signedness [-Wpointer-sign]
   XUartPs_Send(&Uart_Ps, &test, 1);
   ^
In file included from ../src/helloworld.c:153:0:
../../data_log_bsp/ps7_cortexa9_0/include/xuartps.h:447:14: note: expected 'u8 *' but argument is of type 'char *'
 unsigned int XUartPs_Send(XUartPs *InstancePtr, u8 *BufferPtr,
              ^
../src/helloworld.c:567:3: warning: pointer targets in passing argument 2 of 'XUartPs_Send' differ in signedness [-Wpointer-sign]
   XUartPs_Send(&Uart_Ps, &test, 1);
   ^
In file included from ../src/helloworld.c:153:0:
../../data_log_bsp/ps7_cortexa9_0/include/xuartps.h:447:14: note: expected 'u8 *' but argument is of type 'char *'
 unsigned int XUartPs_Send(XUartPs *InstancePtr, u8 *BufferPtr,
              ^
../src/helloworld.c:569:3: warning: pointer targets in passing argument 2 of 'XUartPs_Send' differ in signedness [-Wpointer-sign]
   XUartPs_Send(&Uart_Ps, &test, 1);
   ^
In file included from ../src/helloworld.c:153:0:
../../data_log_bsp/ps7_cortexa9_0/include/xuartps.h:447:14: note: expected 'u8 *' but argument is of type 'char *'
 unsigned int XUartPs_Send(XUartPs *InstancePtr, u8 *BufferPtr,
              ^
../src/helloworld.c:571:3: warning: pointer targets in passing argument 2 of 'XUartPs_Send' differ in signedness [-Wpointer-sign]
   XUartPs_Send(&Uart_Ps, &test, 1);
   ^
In file included from ../src/helloworld.c:153:0:
../../data_log_bsp/ps7_cortexa9_0/include/xuartps.h:447:14: note: expected 'u8 *' but argument is of type 'char *'
 unsigned int XUartPs_Send(XUartPs *InstancePtr, u8 *BufferPtr,
              ^
../src/helloworld.c:577:4: warning: pointer targets in passing argument 2 of 'XUartPs_Send' differ in signedness [-Wpointer-sign]
    XUartPs_Send(&Uart_Ps, &test, 1) ;
    ^
In file included from ../src/helloworld.c:153:0:
../../data_log_bsp/ps7_cortexa9_0/include/xuartps.h:447:14: note: expected 'u8 *' but argument is of type 'char *'
 unsigned int XUartPs_Send(XUartPs *InstancePtr, u8 *BufferPtr,
              ^
../src/helloworld.c:579:4: warning: pointer targets in passing argument 2 of 'XUartPs_Send' differ in signedness [-Wpointer-sign]
    XUartPs_Send(&Uart_Ps, &test, 1);
    ^
In file included from ../src/helloworld.c:153:0:
../../data_log_bsp/ps7_cortexa9_0/include/xuartps.h:447:14: note: expected 'u8 *' but argument is of type 'char *'
 unsigned int XUartPs_Send(XUartPs *InstancePtr, u8 *BufferPtr,
              ^
../src/helloworld.c:581:4: warning: pointer targets in passing argument 2 of 'XUartPs_Send' differ in signedness [-Wpointer-sign]
    XUartPs_Send(&Uart_Ps, &test, 1);
    ^
In file included from ../src/helloworld.c:153:0:
../../data_log_bsp/ps7_cortexa9_0/include/xuartps.h:447:14: note: expected 'u8 *' but argument is of type 'char *'
 unsigned int XUartPs_Send(XUartPs *InstancePtr, u8 *BufferPtr,
              ^
../src/helloworld.c:583:4: warning: pointer targets in passing argument 2 of 'XUartPs_Send' differ in signedness [-Wpointer-sign]
    XUartPs_Send(&Uart_Ps, &test, 1);
    ^
In file included from ../src/helloworld.c:153:0:
../../data_log_bsp/ps7_cortexa9_0/include/xuartps.h:447:14: note: expected 'u8 *' but argument is of type 'char *'
 unsigned int XUartPs_Send(XUartPs *InstancePtr, u8 *BufferPtr,
              ^
../src/helloworld.c:585:4: warning: pointer targets in passing argument 2 of 'XUartPs_Send' differ in signedness [-Wpointer-sign]
    XUartPs_Send(&Uart_Ps, &test, 1);
    ^
In file included from ../src/helloworld.c:153:0:
../../data_log_bsp/ps7_cortexa9_0/include/xuartps.h:447:14: note: expected 'u8 *' but argument is of type 'char *'
 unsigned int XUartPs_Send(XUartPs *InstancePtr, u8 *BufferPtr,
              ^
../src/helloworld.c:587:4: warning: pointer targets in passing argument 2 of 'XUartPs_Send' differ in signedness [-Wpointer-sign]
    XUartPs_Send(&Uart_Ps, &test, 1);
    ^
In file included from ../src/helloworld.c:153:0:
../../data_log_bsp/ps7_cortexa9_0/include/xuartps.h:447:14: note: expected 'u8 *' but argument is of type 'char *'
 unsigned int XUartPs_Send(XUartPs *InstancePtr, u8 *BufferPtr,
              ^
../src/helloworld.c: At top level:
../src/helloworld.c:176:11: warning: 'RecvBuffer' defined but not used [-Wunused-variable]
 static u8 RecvBuffer[TEST_BUFFER_SIZE]; /* Buffer for Receiving Data */
           ^
Finished building: ../src/helloworld.c
 
Building target: data_log.elf
Invoking: ARM gcc linker
arm-xilinx-eabi-gcc -Wl,-T -Wl,../src/lscript.ld -L../../data_log_bsp/ps7_cortexa9_0/lib -o "data_log.elf"  ./src/helloworld.o ./src/platform.o   -Wl,--start-group,-lxil,-lgcc,-lc,--end-group
./src/helloworld.o: In function `Handler':
/home/srihari/Hardware_securiy/Metastability_only_coarse_data_collect/sdk_fix/data_log/Debug/../src/helloworld.c:474: undefined reference to `adjust_delay'
/home/srihari/Hardware_securiy/Metastability_only_coarse_data_collect/sdk_fix/data_log/Debug/../src/helloworld.c:556: undefined reference to `adjust_delay'
collect2: error: ld returned 1 exit status
make: *** [data_log.elf] Error 1
23:39:50 **** Auto Build of configuration Debug for project data_log ****
make all 
Building file: ../src/helloworld.c
Invoking: ARM gcc compiler
arm-xilinx-eabi-gcc -Wall -O0 -g3 -c -fmessage-length=0 -MT"src/helloworld.o" -I../../data_log_bsp/ps7_cortexa9_0/include -MMD -MP -MF"src/helloworld.d" -MT"src/helloworld.d" -o "src/helloworld.o" "../src/helloworld.c"
../src/helloworld.c: In function 'Handler':
../src/helloworld.c:556:3: warning: implicit declaration of function 'adjust_delay' [-Wimplicit-function-declaration]
   adjust_delay();
   ^
../src/helloworld.c:561:3: warning: pointer targets in passing argument 2 of 'XUartPs_Send' differ in signedness [-Wpointer-sign]
   XUartPs_Send(&Uart_Ps, &test, 1) ;
   ^
In file included from ../src/helloworld.c:153:0:
../../data_log_bsp/ps7_cortexa9_0/include/xuartps.h:447:14: note: expected 'u8 *' but argument is of type 'char *'
 unsigned int XUartPs_Send(XUartPs *InstancePtr, u8 *BufferPtr,
              ^
../src/helloworld.c:563:3: warning: pointer targets in passing argument 2 of 'XUartPs_Send' differ in signedness [-Wpointer-sign]
   XUartPs_Send(&Uart_Ps, &test, 1);
   ^
In file included from ../src/helloworld.c:153:0:
../../data_log_bsp/ps7_cortexa9_0/include/xuartps.h:447:14: note: expected 'u8 *' but argument is of type 'char *'
 unsigned int XUartPs_Send(XUartPs *InstancePtr, u8 *BufferPtr,
              ^
../src/helloworld.c:565:3: warning: pointer targets in passing argument 2 of 'XUartPs_Send' differ in signedness [-Wpointer-sign]
   XUartPs_Send(&Uart_Ps, &test, 1);
   ^
In file included from ../src/helloworld.c:153:0:
../../data_log_bsp/ps7_cortexa9_0/include/xuartps.h:447:14: note: expected 'u8 *' but argument is of type 'char *'
 unsigned int XUartPs_Send(XUartPs *InstancePtr, u8 *BufferPtr,
              ^
../src/helloworld.c:567:3: warning: pointer targets in passing argument 2 of 'XUartPs_Send' differ in signedness [-Wpointer-sign]
   XUartPs_Send(&Uart_Ps, &test, 1);
   ^
In file included from ../src/helloworld.c:153:0:
../../data_log_bsp/ps7_cortexa9_0/include/xuartps.h:447:14: note: expected 'u8 *' but argument is of type 'char *'
 unsigned int XUartPs_Send(XUartPs *InstancePtr, u8 *BufferPtr,
              ^
../src/helloworld.c:569:3: warning: pointer targets in passing argument 2 of 'XUartPs_Send' differ in signedness [-Wpointer-sign]
   XUartPs_Send(&Uart_Ps, &test, 1);
   ^
In file included from ../src/helloworld.c:153:0:
../../data_log_bsp/ps7_cortexa9_0/include/xuartps.h:447:14: note: expected 'u8 *' but argument is of type 'char *'
 unsigned int XUartPs_Send(XUartPs *InstancePtr, u8 *BufferPtr,
              ^
../src/helloworld.c:571:3: warning: pointer targets in passing argument 2 of 'XUartPs_Send' differ in signedness [-Wpointer-sign]
   XUartPs_Send(&Uart_Ps, &test, 1);
   ^
In file included from ../src/helloworld.c:153:0:
../../data_log_bsp/ps7_cortexa9_0/include/xuartps.h:447:14: note: expected 'u8 *' but argument is of type 'char *'
 unsigned int XUartPs_Send(XUartPs *InstancePtr, u8 *BufferPtr,
              ^
../src/helloworld.c:577:4: warning: pointer targets in passing argument 2 of 'XUartPs_Send' differ in signedness [-Wpointer-sign]
    XUartPs_Send(&Uart_Ps, &test, 1) ;
    ^
In file included from ../src/helloworld.c:153:0:
../../data_log_bsp/ps7_cortexa9_0/include/xuartps.h:447:14: note: expected 'u8 *' but argument is of type 'char *'
 unsigned int XUartPs_Send(XUartPs *InstancePtr, u8 *BufferPtr,
              ^
../src/helloworld.c:579:4: warning: pointer targets in passing argument 2 of 'XUartPs_Send' differ in signedness [-Wpointer-sign]
    XUartPs_Send(&Uart_Ps, &test, 1);
    ^
In file included from ../src/helloworld.c:153:0:
../../data_log_bsp/ps7_cortexa9_0/include/xuartps.h:447:14: note: expected 'u8 *' but argument is of type 'char *'
 unsigned int XUartPs_Send(XUartPs *InstancePtr, u8 *BufferPtr,
              ^
../src/helloworld.c:581:4: warning: pointer targets in passing argument 2 of 'XUartPs_Send' differ in signedness [-Wpointer-sign]
    XUartPs_Send(&Uart_Ps, &test, 1);
    ^
In file included from ../src/helloworld.c:153:0:
../../data_log_bsp/ps7_cortexa9_0/include/xuartps.h:447:14: note: expected 'u8 *' but argument is of type 'char *'
 unsigned int XUartPs_Send(XUartPs *InstancePtr, u8 *BufferPtr,
              ^
../src/helloworld.c:583:4: warning: pointer targets in passing argument 2 of 'XUartPs_Send' differ in signedness [-Wpointer-sign]
    XUartPs_Send(&Uart_Ps, &test, 1);
    ^
In file included from ../src/helloworld.c:153:0:
../../data_log_bsp/ps7_cortexa9_0/include/xuartps.h:447:14: note: expected 'u8 *' but argument is of type 'char *'
 unsigned int XUartPs_Send(XUartPs *InstancePtr, u8 *BufferPtr,
              ^
../src/helloworld.c:585:4: warning: pointer targets in passing argument 2 of 'XUartPs_Send' differ in signedness [-Wpointer-sign]
    XUartPs_Send(&Uart_Ps, &test, 1);
    ^
In file included from ../src/helloworld.c:153:0:
../../data_log_bsp/ps7_cortexa9_0/include/xuartps.h:447:14: note: expected 'u8 *' but argument is of type 'char *'
 unsigned int XUartPs_Send(XUartPs *InstancePtr, u8 *BufferPtr,
              ^
../src/helloworld.c:587:4: warning: pointer targets in passing argument 2 of 'XUartPs_Send' differ in signedness [-Wpointer-sign]
    XUartPs_Send(&Uart_Ps, &test, 1);
    ^
In file included from ../src/helloworld.c:153:0:
../../data_log_bsp/ps7_cortexa9_0/include/xuartps.h:447:14: note: expected 'u8 *' but argument is of type 'char *'
 unsigned int XUartPs_Send(XUartPs *InstancePtr, u8 *BufferPtr,
              ^
../src/helloworld.c: At top level:
../src/helloworld.c:176:11: warning: 'RecvBuffer' defined but not used [-Wunused-variable]
 static u8 RecvBuffer[TEST_BUFFER_SIZE]; /* Buffer for Receiving Data */
           ^
Finished building: ../src/helloworld.c
 
Building target: data_log.elf
Invoking: ARM gcc linker
arm-xilinx-eabi-gcc -Wl,-T -Wl,../src/lscript.ld -L../../data_log_bsp/ps7_cortexa9_0/lib -o "data_log.elf"  ./src/helloworld.o ./src/platform.o   -Wl,--start-group,-lxil,-lgcc,-lc,--end-group
./src/helloworld.o: In function `Handler':
/home/srihari/Hardware_securiy/Metastability_only_coarse_data_collect/sdk_fix/data_log/Debug/../src/helloworld.c:556: undefined reference to `adjust_delay'
collect2: error: ld returned 1 exit status
make: *** [data_log.elf] Error 1
23:40:02 **** Auto Build of configuration Debug for project data_log ****
make all 
Building file: ../src/helloworld.c
Invoking: ARM gcc compiler
arm-xilinx-eabi-gcc -Wall -O0 -g3 -c -fmessage-length=0 -MT"src/helloworld.o" -I../../data_log_bsp/ps7_cortexa9_0/include -MMD -MP -MF"src/helloworld.d" -MT"src/helloworld.d" -o "src/helloworld.o" "../src/helloworld.c"
../src/helloworld.c: In function 'Handler':
../src/helloworld.c:561:3: warning: pointer targets in passing argument 2 of 'XUartPs_Send' differ in signedness [-Wpointer-sign]
   XUartPs_Send(&Uart_Ps, &test, 1) ;
   ^
In file included from ../src/helloworld.c:153:0:
../../data_log_bsp/ps7_cortexa9_0/include/xuartps.h:447:14: note: expected 'u8 *' but argument is of type 'char *'
 unsigned int XUartPs_Send(XUartPs *InstancePtr, u8 *BufferPtr,
              ^
../src/helloworld.c:563:3: warning: pointer targets in passing argument 2 of 'XUartPs_Send' differ in signedness [-Wpointer-sign]
   XUartPs_Send(&Uart_Ps, &test, 1);
   ^
In file included from ../src/helloworld.c:153:0:
../../data_log_bsp/ps7_cortexa9_0/include/xuartps.h:447:14: note: expected 'u8 *' but argument is of type 'char *'
 unsigned int XUartPs_Send(XUartPs *InstancePtr, u8 *BufferPtr,
              ^
../src/helloworld.c:565:3: warning: pointer targets in passing argument 2 of 'XUartPs_Send' differ in signedness [-Wpointer-sign]
   XUartPs_Send(&Uart_Ps, &test, 1);
   ^
In file included from ../src/helloworld.c:153:0:
../../data_log_bsp/ps7_cortexa9_0/include/xuartps.h:447:14: note: expected 'u8 *' but argument is of type 'char *'
 unsigned int XUartPs_Send(XUartPs *InstancePtr, u8 *BufferPtr,
              ^
../src/helloworld.c:567:3: warning: pointer targets in passing argument 2 of 'XUartPs_Send' differ in signedness [-Wpointer-sign]
   XUartPs_Send(&Uart_Ps, &test, 1);
   ^
In file included from ../src/helloworld.c:153:0:
../../data_log_bsp/ps7_cortexa9_0/include/xuartps.h:447:14: note: expected 'u8 *' but argument is of type 'char *'
 unsigned int XUartPs_Send(XUartPs *InstancePtr, u8 *BufferPtr,
              ^
../src/helloworld.c:569:3: warning: pointer targets in passing argument 2 of 'XUartPs_Send' differ in signedness [-Wpointer-sign]
   XUartPs_Send(&Uart_Ps, &test, 1);
   ^
In file included from ../src/helloworld.c:153:0:
../../data_log_bsp/ps7_cortexa9_0/include/xuartps.h:447:14: note: expected 'u8 *' but argument is of type 'char *'
 unsigned int XUartPs_Send(XUartPs *InstancePtr, u8 *BufferPtr,
              ^
../src/helloworld.c:571:3: warning: pointer targets in passing argument 2 of 'XUartPs_Send' differ in signedness [-Wpointer-sign]
   XUartPs_Send(&Uart_Ps, &test, 1);
   ^
In file included from ../src/helloworld.c:153:0:
../../data_log_bsp/ps7_cortexa9_0/include/xuartps.h:447:14: note: expected 'u8 *' but argument is of type 'char *'
 unsigned int XUartPs_Send(XUartPs *InstancePtr, u8 *BufferPtr,
              ^
../src/helloworld.c:577:4: warning: pointer targets in passing argument 2 of 'XUartPs_Send' differ in signedness [-Wpointer-sign]
    XUartPs_Send(&Uart_Ps, &test, 1) ;
    ^
In file included from ../src/helloworld.c:153:0:
../../data_log_bsp/ps7_cortexa9_0/include/xuartps.h:447:14: note: expected 'u8 *' but argument is of type 'char *'
 unsigned int XUartPs_Send(XUartPs *InstancePtr, u8 *BufferPtr,
              ^
../src/helloworld.c:579:4: warning: pointer targets in passing argument 2 of 'XUartPs_Send' differ in signedness [-Wpointer-sign]
    XUartPs_Send(&Uart_Ps, &test, 1);
    ^
In file included from ../src/helloworld.c:153:0:
../../data_log_bsp/ps7_cortexa9_0/include/xuartps.h:447:14: note: expected 'u8 *' but argument is of type 'char *'
 unsigned int XUartPs_Send(XUartPs *InstancePtr, u8 *BufferPtr,
              ^
../src/helloworld.c:581:4: warning: pointer targets in passing argument 2 of 'XUartPs_Send' differ in signedness [-Wpointer-sign]
    XUartPs_Send(&Uart_Ps, &test, 1);
    ^
In file included from ../src/helloworld.c:153:0:
../../data_log_bsp/ps7_cortexa9_0/include/xuartps.h:447:14: note: expected 'u8 *' but argument is of type 'char *'
 unsigned int XUartPs_Send(XUartPs *InstancePtr, u8 *BufferPtr,
              ^
../src/helloworld.c:583:4: warning: pointer targets in passing argument 2 of 'XUartPs_Send' differ in signedness [-Wpointer-sign]
    XUartPs_Send(&Uart_Ps, &test, 1);
    ^
In file included from ../src/helloworld.c:153:0:
../../data_log_bsp/ps7_cortexa9_0/include/xuartps.h:447:14: note: expected 'u8 *' but argument is of type 'char *'
 unsigned int XUartPs_Send(XUartPs *InstancePtr, u8 *BufferPtr,
              ^
../src/helloworld.c:585:4: warning: pointer targets in passing argument 2 of 'XUartPs_Send' differ in signedness [-Wpointer-sign]
    XUartPs_Send(&Uart_Ps, &test, 1);
    ^
In file included from ../src/helloworld.c:153:0:
../../data_log_bsp/ps7_cortexa9_0/include/xuartps.h:447:14: note: expected 'u8 *' but argument is of type 'char *'
 unsigned int XUartPs_Send(XUartPs *InstancePtr, u8 *BufferPtr,
              ^
../src/helloworld.c:587:4: warning: pointer targets in passing argument 2 of 'XUartPs_Send' differ in signedness [-Wpointer-sign]
    XUartPs_Send(&Uart_Ps, &test, 1);
    ^
In file included from ../src/helloworld.c:153:0:
../../data_log_bsp/ps7_cortexa9_0/include/xuartps.h:447:14: note: expected 'u8 *' but argument is of type 'char *'
 unsigned int XUartPs_Send(XUartPs *InstancePtr, u8 *BufferPtr,
              ^
../src/helloworld.c: At top level:
../src/helloworld.c:176:11: warning: 'RecvBuffer' defined but not used [-Wunused-variable]
 static u8 RecvBuffer[TEST_BUFFER_SIZE]; /* Buffer for Receiving Data */
           ^
Finished building: ../src/helloworld.c
 
Building target: data_log.elf
Invoking: ARM gcc linker
arm-xilinx-eabi-gcc -Wl,-T -Wl,../src/lscript.ld -L../../data_log_bsp/ps7_cortexa9_0/lib -o "data_log.elf"  ./src/helloworld.o ./src/platform.o   -Wl,--start-group,-lxil,-lgcc,-lc,--end-group
Finished building target: data_log.elf
 
Invoking: ARM Print Size
arm-xilinx-eabi-size data_log.elf  |tee "data_log.elf.size"
   text	   data	    bss	    dec	    hex	filename
  33268	   1976	  22724	  57968	   e270	data_log.elf
Finished building: data_log.elf.size
 
23:40:11 **** Incremental Build of configuration Debug for project data_log ****
make all 
make: Nothing to be done for `all'.
23:48:27 **** Auto Build of configuration Debug for project data_log ****
make all 
Building file: ../src/helloworld.c
Invoking: ARM gcc compiler
arm-xilinx-eabi-gcc -Wall -O0 -g3 -c -fmessage-length=0 -MT"src/helloworld.o" -I../../data_log_bsp/ps7_cortexa9_0/include -MMD -MP -MF"src/helloworld.d" -MT"src/helloworld.d" -o "src/helloworld.o" "../src/helloworld.c"
../src/helloworld.c: In function 'Handler':
../src/helloworld.c:564:3: warning: pointer targets in passing argument 2 of 'XUartPs_Send' differ in signedness [-Wpointer-sign]
   XUartPs_Send(&Uart_Ps, &test, 1) ;
   ^
In file included from ../src/helloworld.c:153:0:
../../data_log_bsp/ps7_cortexa9_0/include/xuartps.h:447:14: note: expected 'u8 *' but argument is of type 'char *'
 unsigned int XUartPs_Send(XUartPs *InstancePtr, u8 *BufferPtr,
              ^
../src/helloworld.c:566:3: warning: pointer targets in passing argument 2 of 'XUartPs_Send' differ in signedness [-Wpointer-sign]
   XUartPs_Send(&Uart_Ps, &test, 1);
   ^
In file included from ../src/helloworld.c:153:0:
../../data_log_bsp/ps7_cortexa9_0/include/xuartps.h:447:14: note: expected 'u8 *' but argument is of type 'char *'
 unsigned int XUartPs_Send(XUartPs *InstancePtr, u8 *BufferPtr,
              ^
../src/helloworld.c:568:3: warning: pointer targets in passing argument 2 of 'XUartPs_Send' differ in signedness [-Wpointer-sign]
   XUartPs_Send(&Uart_Ps, &test, 1);
   ^
In file included from ../src/helloworld.c:153:0:
../../data_log_bsp/ps7_cortexa9_0/include/xuartps.h:447:14: note: expected 'u8 *' but argument is of type 'char *'
 unsigned int XUartPs_Send(XUartPs *InstancePtr, u8 *BufferPtr,
              ^
../src/helloworld.c:570:3: warning: pointer targets in passing argument 2 of 'XUartPs_Send' differ in signedness [-Wpointer-sign]
   XUartPs_Send(&Uart_Ps, &test, 1);
   ^
In file included from ../src/helloworld.c:153:0:
../../data_log_bsp/ps7_cortexa9_0/include/xuartps.h:447:14: note: expected 'u8 *' but argument is of type 'char *'
 unsigned int XUartPs_Send(XUartPs *InstancePtr, u8 *BufferPtr,
              ^
../src/helloworld.c:572:3: warning: pointer targets in passing argument 2 of 'XUartPs_Send' differ in signedness [-Wpointer-sign]
   XUartPs_Send(&Uart_Ps, &test, 1);
   ^
In file included from ../src/helloworld.c:153:0:
../../data_log_bsp/ps7_cortexa9_0/include/xuartps.h:447:14: note: expected 'u8 *' but argument is of type 'char *'
 unsigned int XUartPs_Send(XUartPs *InstancePtr, u8 *BufferPtr,
              ^
../src/helloworld.c:574:3: warning: pointer targets in passing argument 2 of 'XUartPs_Send' differ in signedness [-Wpointer-sign]
   XUartPs_Send(&Uart_Ps, &test, 1);
   ^
In file included from ../src/helloworld.c:153:0:
../../data_log_bsp/ps7_cortexa9_0/include/xuartps.h:447:14: note: expected 'u8 *' but argument is of type 'char *'
 unsigned int XUartPs_Send(XUartPs *InstancePtr, u8 *BufferPtr,
              ^
../src/helloworld.c:580:4: warning: pointer targets in passing argument 2 of 'XUartPs_Send' differ in signedness [-Wpointer-sign]
    XUartPs_Send(&Uart_Ps, &test, 1) ;
    ^
In file included from ../src/helloworld.c:153:0:
../../data_log_bsp/ps7_cortexa9_0/include/xuartps.h:447:14: note: expected 'u8 *' but argument is of type 'char *'
 unsigned int XUartPs_Send(XUartPs *InstancePtr, u8 *BufferPtr,
              ^
../src/helloworld.c:582:4: warning: pointer targets in passing argument 2 of 'XUartPs_Send' differ in signedness [-Wpointer-sign]
    XUartPs_Send(&Uart_Ps, &test, 1);
    ^
In file included from ../src/helloworld.c:153:0:
../../data_log_bsp/ps7_cortexa9_0/include/xuartps.h:447:14: note: expected 'u8 *' but argument is of type 'char *'
 unsigned int XUartPs_Send(XUartPs *InstancePtr, u8 *BufferPtr,
              ^
../src/helloworld.c:584:4: warning: pointer targets in passing argument 2 of 'XUartPs_Send' differ in signedness [-Wpointer-sign]
    XUartPs_Send(&Uart_Ps, &test, 1);
    ^
In file included from ../src/helloworld.c:153:0:
../../data_log_bsp/ps7_cortexa9_0/include/xuartps.h:447:14: note: expected 'u8 *' but argument is of type 'char *'
 unsigned int XUartPs_Send(XUartPs *InstancePtr, u8 *BufferPtr,
              ^
../src/helloworld.c:586:4: warning: pointer targets in passing argument 2 of 'XUartPs_Send' differ in signedness [-Wpointer-sign]
    XUartPs_Send(&Uart_Ps, &test, 1);
    ^
In file included from ../src/helloworld.c:153:0:
../../data_log_bsp/ps7_cortexa9_0/include/xuartps.h:447:14: note: expected 'u8 *' but argument is of type 'char *'
 unsigned int XUartPs_Send(XUartPs *InstancePtr, u8 *BufferPtr,
              ^
../src/helloworld.c:588:4: warning: pointer targets in passing argument 2 of 'XUartPs_Send' differ in signedness [-Wpointer-sign]
    XUartPs_Send(&Uart_Ps, &test, 1);
    ^
In file included from ../src/helloworld.c:153:0:
../../data_log_bsp/ps7_cortexa9_0/include/xuartps.h:447:14: note: expected 'u8 *' but argument is of type 'char *'
 unsigned int XUartPs_Send(XUartPs *InstancePtr, u8 *BufferPtr,
              ^
../src/helloworld.c:590:4: warning: pointer targets in passing argument 2 of 'XUartPs_Send' differ in signedness [-Wpointer-sign]
    XUartPs_Send(&Uart_Ps, &test, 1);
    ^
In file included from ../src/helloworld.c:153:0:
../../data_log_bsp/ps7_cortexa9_0/include/xuartps.h:447:14: note: expected 'u8 *' but argument is of type 'char *'
 unsigned int XUartPs_Send(XUartPs *InstancePtr, u8 *BufferPtr,
              ^
../src/helloworld.c: At top level:
../src/helloworld.c:176:11: warning: 'RecvBuffer' defined but not used [-Wunused-variable]
 static u8 RecvBuffer[TEST_BUFFER_SIZE]; /* Buffer for Receiving Data */
           ^
Finished building: ../src/helloworld.c
 
Building target: data_log.elf
Invoking: ARM gcc linker
arm-xilinx-eabi-gcc -Wl,-T -Wl,../src/lscript.ld -L../../data_log_bsp/ps7_cortexa9_0/lib -o "data_log.elf"  ./src/helloworld.o ./src/platform.o   -Wl,--start-group,-lxil,-lgcc,-lc,--end-group
Finished building target: data_log.elf
 
Invoking: ARM Print Size
arm-xilinx-eabi-size data_log.elf  |tee "data_log.elf.size"
   text	   data	    bss	    dec	    hex	filename
  33300	   1976	  22724	  58000	   e290	data_log.elf
Finished building: data_log.elf.size
 
23:48:32 **** Incremental Build of configuration Debug for project data_log ****
make all 
make: Nothing to be done for `all'.
13:13:24 **** Auto Build of configuration Debug for project data_log ****
make all 
Building file: ../src/helloworld.c
Invoking: ARM gcc compiler
arm-xilinx-eabi-gcc -Wall -O0 -g3 -c -fmessage-length=0 -MT"src/helloworld.o" -I../../data_log_bsp/ps7_cortexa9_0/include -MMD -MP -MF"src/helloworld.d" -MT"src/helloworld.d" -o "src/helloworld.o" "../src/helloworld.c"
../src/helloworld.c: In function 'Handler':
../src/helloworld.c:434:3: warning: pointer targets in passing argument 2 of 'XUartPs_Send' differ in signedness [-Wpointer-sign]
   XUartPs_Send(&Uart_Ps, &test, 1) ;
   ^
In file included from ../src/helloworld.c:52:0:
../../data_log_bsp/ps7_cortexa9_0/include/xuartps.h:447:14: note: expected 'u8 *' but argument is of type 'char *'
 unsigned int XUartPs_Send(XUartPs *InstancePtr, u8 *BufferPtr,
              ^
../src/helloworld.c:436:3: warning: pointer targets in passing argument 2 of 'XUartPs_Send' differ in signedness [-Wpointer-sign]
   XUartPs_Send(&Uart_Ps, &test, 1);
   ^
In file included from ../src/helloworld.c:52:0:
../../data_log_bsp/ps7_cortexa9_0/include/xuartps.h:447:14: note: expected 'u8 *' but argument is of type 'char *'
 unsigned int XUartPs_Send(XUartPs *InstancePtr, u8 *BufferPtr,
              ^
../src/helloworld.c:438:3: warning: pointer targets in passing argument 2 of 'XUartPs_Send' differ in signedness [-Wpointer-sign]
   XUartPs_Send(&Uart_Ps, &test, 1);
   ^
In file included from ../src/helloworld.c:52:0:
../../data_log_bsp/ps7_cortexa9_0/include/xuartps.h:447:14: note: expected 'u8 *' but argument is of type 'char *'
 unsigned int XUartPs_Send(XUartPs *InstancePtr, u8 *BufferPtr,
              ^
../src/helloworld.c:440:3: warning: pointer targets in passing argument 2 of 'XUartPs_Send' differ in signedness [-Wpointer-sign]
   XUartPs_Send(&Uart_Ps, &test, 1);
   ^
In file included from ../src/helloworld.c:52:0:
../../data_log_bsp/ps7_cortexa9_0/include/xuartps.h:447:14: note: expected 'u8 *' but argument is of type 'char *'
 unsigned int XUartPs_Send(XUartPs *InstancePtr, u8 *BufferPtr,
              ^
../src/helloworld.c:442:3: warning: pointer targets in passing argument 2 of 'XUartPs_Send' differ in signedness [-Wpointer-sign]
   XUartPs_Send(&Uart_Ps, &test, 1);
   ^
In file included from ../src/helloworld.c:52:0:
../../data_log_bsp/ps7_cortexa9_0/include/xuartps.h:447:14: note: expected 'u8 *' but argument is of type 'char *'
 unsigned int XUartPs_Send(XUartPs *InstancePtr, u8 *BufferPtr,
              ^
../src/helloworld.c:444:3: warning: pointer targets in passing argument 2 of 'XUartPs_Send' differ in signedness [-Wpointer-sign]
   XUartPs_Send(&Uart_Ps, &test, 1);
   ^
In file included from ../src/helloworld.c:52:0:
../../data_log_bsp/ps7_cortexa9_0/include/xuartps.h:447:14: note: expected 'u8 *' but argument is of type 'char *'
 unsigned int XUartPs_Send(XUartPs *InstancePtr, u8 *BufferPtr,
              ^
../src/helloworld.c:450:4: warning: pointer targets in passing argument 2 of 'XUartPs_Send' differ in signedness [-Wpointer-sign]
    XUartPs_Send(&Uart_Ps, &test, 1) ;
    ^
In file included from ../src/helloworld.c:52:0:
../../data_log_bsp/ps7_cortexa9_0/include/xuartps.h:447:14: note: expected 'u8 *' but argument is of type 'char *'
 unsigned int XUartPs_Send(XUartPs *InstancePtr, u8 *BufferPtr,
              ^
../src/helloworld.c:452:4: warning: pointer targets in passing argument 2 of 'XUartPs_Send' differ in signedness [-Wpointer-sign]
    XUartPs_Send(&Uart_Ps, &test, 1);
    ^
In file included from ../src/helloworld.c:52:0:
../../data_log_bsp/ps7_cortexa9_0/include/xuartps.h:447:14: note: expected 'u8 *' but argument is of type 'char *'
 unsigned int XUartPs_Send(XUartPs *InstancePtr, u8 *BufferPtr,
              ^
../src/helloworld.c:454:4: warning: pointer targets in passing argument 2 of 'XUartPs_Send' differ in signedness [-Wpointer-sign]
    XUartPs_Send(&Uart_Ps, &test, 1);
    ^
In file included from ../src/helloworld.c:52:0:
[...]
 unsigned int XUartPs_Send(XUartPs *InstancePtr, u8 *BufferPtr,
              ^
../src/helloworld.c:680:5: warning: pointer targets in passing argument 2 of 'XUartPs_Send' differ in signedness [-Wpointer-sign]
     XUartPs_Send(&Uart_Ps, &test, 1);
     ^
In file included from ../src/helloworld.c:52:0:
../../data_log_bsp/ps7_cortexa9_0/include/xuartps.h:447:14: note: expected 'u8 *' but argument is of type 'char *'
 unsigned int XUartPs_Send(XUartPs *InstancePtr, u8 *BufferPtr,
              ^
../src/helloworld.c:682:5: warning: pointer targets in passing argument 2 of 'XUartPs_Send' differ in signedness [-Wpointer-sign]
     XUartPs_Send(&Uart_Ps, &test, 1);
     ^
In file included from ../src/helloworld.c:52:0:
../../data_log_bsp/ps7_cortexa9_0/include/xuartps.h:447:14: note: expected 'u8 *' but argument is of type 'char *'
 unsigned int XUartPs_Send(XUartPs *InstancePtr, u8 *BufferPtr,
              ^
../src/helloworld.c:684:5: warning: pointer targets in passing argument 2 of 'XUartPs_Send' differ in signedness [-Wpointer-sign]
     XUartPs_Send(&Uart_Ps, &test, 1);
     ^
In file included from ../src/helloworld.c:52:0:
../../data_log_bsp/ps7_cortexa9_0/include/xuartps.h:447:14: note: expected 'u8 *' but argument is of type 'char *'
 unsigned int XUartPs_Send(XUartPs *InstancePtr, u8 *BufferPtr,
              ^
../src/helloworld.c:686:5: warning: pointer targets in passing argument 2 of 'XUartPs_Send' differ in signedness [-Wpointer-sign]
     XUartPs_Send(&Uart_Ps, &test, 1);
     ^
In file included from ../src/helloworld.c:52:0:
../../data_log_bsp/ps7_cortexa9_0/include/xuartps.h:447:14: note: expected 'u8 *' but argument is of type 'char *'
 unsigned int XUartPs_Send(XUartPs *InstancePtr, u8 *BufferPtr,
              ^
../src/helloworld.c:688:5: warning: pointer targets in passing argument 2 of 'XUartPs_Send' differ in signedness [-Wpointer-sign]
     XUartPs_Send(&Uart_Ps, &test, 1);
     ^
In file included from ../src/helloworld.c:52:0:
../../data_log_bsp/ps7_cortexa9_0/include/xuartps.h:447:14: note: expected 'u8 *' but argument is of type 'char *'
Finished building: ../src/helloworld.c
 unsigned int XUartPs_Send(XUartPs *InstancePtr, u8 *BufferPtr,
              ^
../src/helloworld.c: At top level:
../src/helloworld.c:93:11: warning: 'RecvBuffer' defined but not used [-Wunused-variable]
 static u8 RecvBuffer[TEST_BUFFER_SIZE]; /* Buffer for Receiving Data */
           ^
../src/helloworld.c:108:12: warning: 'fine_clk_delay_val' defined but not used [-Wunused-variable]
 static int fine_clk_delay_val=0;
            ^
../src/helloworld.c:111:12: warning: 'fine_data_delay_val' defined but not used [-Wunused-variable]
 static int fine_data_delay_val=0;
            ^
 
Building target: data_log.elf
Invoking: ARM gcc linker
arm-xilinx-eabi-gcc -Wl,-T -Wl,../src/lscript.ld -L../../data_log_bsp/ps7_cortexa9_0/lib -o "data_log.elf"  ./src/helloworld.o ./src/platform.o   -Wl,--start-group,-lxil,-lgcc,-lc,--end-group
Finished building target: data_log.elf
 
Invoking: ARM Print Size
arm-xilinx-eabi-size data_log.elf  |tee "data_log.elf.size"
   text	   data	    bss	    dec	    hex	filename
  37104	   2048	  22996	  62148	   f2c4	data_log.elf
Finished building: data_log.elf.size
 
22:28:54 **** Incremental Build of configuration Debug for project data_log ****
make all 
make: Nothing to be done for `all'.
22:30:19 **** Incremental Build of configuration Debug for project data_log ****
make all 
make: Nothing to be done for `all'.
22:30:35 **** Incremental Build of configuration Debug for project data_log ****
make all 
make: Nothing to be done for `all'.
19:55:00 **** Auto Build of project data_log_bsp ****
make -k all 
Running Make include in ps7_cortexa9_0/libsrc/bram_v4_0/src
make -C ps7_cortexa9_0/libsrc/bram_v4_0/src -s include  "SHELL=/bin/sh" "COMPILER=arm-xilinx-eabi-gcc" "ARCHIVER=arm-xilinx-eabi-ar" "COMPILER_FLAGS=  -O2 -c" "EXTRA_COMPILER_FLAGS=-g"
Running Make include in ps7_cortexa9_0/libsrc/cpu_cortexa9_v2_1/src
make -C ps7_cortexa9_0/libsrc/cpu_cortexa9_v2_1/src -s include  "SHELL=/bin/sh" "COMPILER=arm-xilinx-eabi-gcc" "ARCHIVER=arm-xilinx-eabi-ar" "COMPILER_FLAGS=  -O2 -c" "EXTRA_COMPILER_FLAGS=-g"
Running Make include in ps7_cortexa9_0/libsrc/devcfg_v3_2/src
make -C ps7_cortexa9_0/libsrc/devcfg_v3_2/src -s include  "SHELL=/bin/sh" "COMPILER=arm-xilinx-eabi-gcc" "ARCHIVER=arm-xilinx-eabi-ar" "COMPILER_FLAGS=  -O2 -c" "EXTRA_COMPILER_FLAGS=-g"
Running Make include in ps7_cortexa9_0/libsrc/dmaps_v2_1/src
make -C ps7_cortexa9_0/libsrc/dmaps_v2_1/src -s include  "SHELL=/bin/sh" "COMPILER=arm-xilinx-eabi-gcc" "ARCHIVER=arm-xilinx-eabi-ar" "COMPILER_FLAGS=  -O2 -c" "EXTRA_COMPILER_FLAGS=-g"
Running Make include in ps7_cortexa9_0/libsrc/emacps_v2_2/src
make -C ps7_cortexa9_0/libsrc/emacps_v2_2/src -s include  "SHELL=/bin/sh" "COMPILER=arm-xilinx-eabi-gcc" "ARCHIVER=arm-xilinx-eabi-ar" "COMPILER_FLAGS=  -O2 -c" "EXTRA_COMPILER_FLAGS=-g"
Running Make include in ps7_cortexa9_0/libsrc/gpiops_v2_2/src
make -C ps7_cortexa9_0/libsrc/gpiops_v2_2/src -s include  "SHELL=/bin/sh" "COMPILER=arm-xilinx-eabi-gcc" "ARCHIVER=arm-xilinx-eabi-ar" "COMPILER_FLAGS=  -O2 -c" "EXTRA_COMPILER_FLAGS=-g"
Running Make include in ps7_cortexa9_0/libsrc/gpio_v4_0/src
make -C ps7_cortexa9_0/libsrc/gpio_v4_0/src -s include  "SHELL=/bin/sh" "COMPILER=arm-xilinx-eabi-gcc" "ARCHIVER=arm-xilinx-eabi-ar" "COMPILER_FLAGS=  -O2 -c" "EXTRA_COMPILER_FLAGS=-g"
Running Make include in ps7_cortexa9_0/libsrc/qspips_v3_1/src
make -C ps7_cortexa9_0/libsrc/qspips_v3_1/src -s include  "SHELL=/bin/sh" "COMPILER=arm-xilinx-eabi-gcc" "ARCHIVER=arm-xilinx-eabi-ar" "COMPILER_FLAGS=  -O2 -c" "EXTRA_COMPILER_FLAGS=-g"
Running Make include in ps7_cortexa9_0/libsrc/scugic_v2_1/src
make -C ps7_cortexa9_0/libsrc/scugic_v2_1/src -s include  "SHELL=/bin/sh" "COMPILER=arm-xilinx-eabi-gcc" "ARCHIVER=arm-xilinx-eabi-ar" "COMPILER_FLAGS=  -O2 -c" "EXTRA_COMPILER_FLAGS=-g"
Running Make include in ps7_cortexa9_0/libsrc/scutimer_v2_0/src
make -C ps7_cortexa9_0/libsrc/scutimer_v2_0/src -s include  "SHELL=/bin/sh" "COMPILER=arm-xilinx-eabi-gcc" "ARCHIVER=arm-xilinx-eabi-ar" "COMPILER_FLAGS=  -O2 -c" "EXTRA_COMPILER_FLAGS=-g"
Running Make include in ps7_cortexa9_0/libsrc/scuwdt_v2_0/src
make -C ps7_cortexa9_0/libsrc/scuwdt_v2_0/src -s include  "SHELL=/bin/sh" "COMPILER=arm-xilinx-eabi-gcc" "ARCHIVER=arm-xilinx-eabi-ar" "COMPILER_FLAGS=  -O2 -c" "EXTRA_COMPILER_FLAGS=-g"
Running Make include in ps7_cortexa9_0/libsrc/sdps_v2_3/src
make -C ps7_cortexa9_0/libsrc/sdps_v2_3/src -s include  "SHELL=/bin/sh" "COMPILER=arm-xilinx-eabi-gcc" "ARCHIVER=arm-xilinx-eabi-ar" "COMPILER_FLAGS=  -O2 -c" "EXTRA_COMPILER_FLAGS=-g"
Running Make include in ps7_cortexa9_0/libsrc/standalone_v4_2/src
make -C ps7_cortexa9_0/libsrc/standalone_v4_2/src -s include  "SHELL=/bin/sh" "COMPILER=arm-xilinx-eabi-gcc" "ARCHIVER=arm-xilinx-eabi-ar" "COMPILER_FLAGS=  -O2 -c" "EXTRA_COMPILER_FLAGS=-g"
Running Make include in ps7_cortexa9_0/libsrc/ttcps_v2_0/src
make -C ps7_cortexa9_0/libsrc/ttcps_v2_0/src -s include  "SHELL=/bin/sh" "COMPILER=arm-xilinx-eabi-gcc" "ARCHIVER=arm-xilinx-eabi-ar" "COMPILER_FLAGS=  -O2 -c" "EXTRA_COMPILER_FLAGS=-g"
Running Make include in ps7_cortexa9_0/libsrc/uartps_v2_2/src
make -C ps7_cortexa9_0/libsrc/uartps_v2_2/src -s include  "SHELL=/bin/sh" "COMPILER=arm-xilinx-eabi-gcc" "ARCHIVER=arm-xilinx-eabi-ar" "COMPILER_FLAGS=  -O2 -c" "EXTRA_COMPILER_FLAGS=-g"
Running Make include in ps7_cortexa9_0/libsrc/usbps_v2_2/src
make -C ps7_cortexa9_0/libsrc/usbps_v2_2/src -s include  "SHELL=/bin/sh" "COMPILER=arm-xilinx-eabi-gcc" "ARCHIVER=arm-xilinx-eabi-ar" "COMPILER_FLAGS=  -O2 -c" "EXTRA_COMPILER_FLAGS=-g"
Running Make include in ps7_cortexa9_0/libsrc/xadcps_v2_1/src
make -C ps7_cortexa9_0/libsrc/xadcps_v2_1/src -s include  "SHELL=/bin/sh" "COMPILER=arm-xilinx-eabi-gcc" "ARCHIVER=arm-xilinx-eabi-ar" "COMPILER_FLAGS=  -O2 -c" "EXTRA_COMPILER_FLAGS=-g"
Running Make libs in ps7_cortexa9_0/libsrc/bram_v4_0/src
make -C ps7_cortexa9_0/libsrc/bram_v4_0/src -s libs  "SHELL=/bin/sh" "COMPILER=arm-xilinx-eabi-gcc" "ARCHIVER=arm-xilinx-eabi-ar" "COMPILER_FLAGS=  -O2 -c" "EXTRA_COMPILER_FLAGS=-g"
Compiling bram
Running Make libs in ps7_cortexa9_0/libsrc/cpu_cortexa9_v2_1/src
make -C ps7_cortexa9_0/libsrc/cpu_cortexa9_v2_1/src -s libs  "SHELL=/bin/sh" "COMPILER=arm-xilinx-eabi-gcc" "ARCHIVER=arm-xilinx-eabi-ar" "COMPILER_FLAGS=  -O2 -c" "EXTRA_COMPILER_FLAGS=-g"
Compiling cpu_cortexa9
Running Make libs in ps7_cortexa9_0/libsrc/devcfg_v3_2/src
make -C ps7_cortexa9_0/libsrc/devcfg_v3_2/src -s libs  "SHELL=/bin/sh" "COMPILER=arm-xilinx-eabi-gcc" "ARCHIVER=arm-xilinx-eabi-ar" "COMPILER_FLAGS=  -O2 -c" "EXTRA_COMPILER_FLAGS=-g"
Compiling devcfg
Running Make libs in ps7_cortexa9_0/libsrc/dmaps_v2_1/src
make -C ps7_cortexa9_0/libsrc/dmaps_v2_1/src -s libs  "SHELL=/bin/sh" "COMPILER=arm-xilinx-eabi-gcc" "ARCHIVER=arm-xilinx-eabi-ar" "COMPILER_FLAGS=  -O2 -c" "EXTRA_COMPILER_FLAGS=-g"
Compiling dmaps
Running Make libs in ps7_cortexa9_0/libsrc/emacps_v2_2/src
make -C ps7_cortexa9_0/libsrc/emacps_v2_2/src -s libs  "SHELL=/bin/sh" "COMPILER=arm-xilinx-eabi-gcc" "ARCHIVER=arm-xilinx-eabi-ar" "COMPILER_FLAGS=  -O2 -c" "EXTRA_COMPILER_FLAGS=-g"
Compiling emacps
Running Make libs in ps7_cortexa9_0/libsrc/gpiops_v2_2/src
make -C ps7_cortexa9_0/libsrc/gpiops_v2_2/src -s libs  "SHELL=/bin/sh" "COMPILER=arm-xilinx-eabi-gcc" "ARCHIVER=arm-xilinx-eabi-ar" "COMPILER_FLAGS=  -O2 -c" "EXTRA_COMPILER_FLAGS=-g"
Compiling gpiops
Running Make libs in ps7_cortexa9_0/libsrc/gpio_v4_0/src
make -C ps7_cortexa9_0/libsrc/gpio_v4_0/src -s libs  "SHELL=/bin/sh" "COMPILER=arm-xilinx-eabi-gcc" "ARCHIVER=arm-xilinx-eabi-ar" "COMPILER_FLAGS=  -O2 -c" "EXTRA_COMPILER_FLAGS=-g"
Compiling gpio
Running Make libs in ps7_cortexa9_0/libsrc/qspips_v3_1/src
make -C ps7_cortexa9_0/libsrc/qspips_v3_1/src -s libs  "SHELL=/bin/sh" "COMPILER=arm-xilinx-eabi-gcc" "ARCHIVER=arm-xilinx-eabi-ar" "COMPILER_FLAGS=  -O2 -c" "EXTRA_COMPILER_FLAGS=-g"
Compiling qspips
Running Make libs in ps7_cortexa9_0/libsrc/scugic_v2_1/src
make -C ps7_cortexa9_0/libsrc/scugic_v2_1/src -s libs  "SHELL=/bin/sh" "COMPILER=arm-xilinx-eabi-gcc" "ARCHIVER=arm-xilinx-eabi-ar" "COMPILER_FLAGS=  -O2 -c" "EXTRA_COMPILER_FLAGS=-g"
Compiling scugic
Running Make libs in ps7_cortexa9_0/libsrc/scutimer_v2_0/src
make -C ps7_cortexa9_0/libsrc/scutimer_v2_0/src -s libs  "SHELL=/bin/sh" "COMPILER=arm-xilinx-eabi-gcc" "ARCHIVER=arm-xilinx-eabi-ar" "COMPILER_FLAGS=  -O2 -c" "EXTRA_COMPILER_FLAGS=-g"
Compiling scutimer
Running Make libs in ps7_cortexa9_0/libsrc/scuwdt_v2_0/src
make -C ps7_cortexa9_0/libsrc/scuwdt_v2_0/src -s libs  "SHELL=/bin/sh" "COMPILER=arm-xilinx-eabi-gcc" "ARCHIVER=arm-xilinx-eabi-ar" "COMPILER_FLAGS=  -O2 -c" "EXTRA_COMPILER_FLAGS=-g"
Compiling scuwdt
Running Make libs in ps7_cortexa9_0/libsrc/sdps_v2_3/src
make -C ps7_cortexa9_0/libsrc/sdps_v2_3/src -s libs  "SHELL=/bin/sh" "COMPILER=arm-xilinx-eabi-gcc" "ARCHIVER=arm-xilinx-eabi-ar" "COMPILER_FLAGS=  -O2 -c" "EXTRA_COMPILER_FLAGS=-g"
Compiling sdps
Running Make libs in ps7_cortexa9_0/libsrc/standalone_v4_2/src
make -C ps7_cortexa9_0/libsrc/standalone_v4_2/src -s libs  "SHELL=/bin/sh" "COMPILER=arm-xilinx-eabi-gcc" "ARCHIVER=arm-xilinx-eabi-ar" "COMPILER_FLAGS=  -O2 -c" "EXTRA_COMPILER_FLAGS=-g"
Compiling standalone
Running Make libs in ps7_cortexa9_0/libsrc/ttcps_v2_0/src
make -C ps7_cortexa9_0/libsrc/ttcps_v2_0/src -s libs  "SHELL=/bin/sh" "COMPILER=arm-xilinx-eabi-gcc" "ARCHIVER=arm-xilinx-eabi-ar" "COMPILER_FLAGS=  -O2 -c" "EXTRA_COMPILER_FLAGS=-g"
Compiling ttcps
Running Make libs in ps7_cortexa9_0/libsrc/uartps_v2_2/src
make -C ps7_cortexa9_0/libsrc/uartps_v2_2/src -s libs  "SHELL=/bin/sh" "COMPILER=arm-xilinx-eabi-gcc" "ARCHIVER=arm-xilinx-eabi-ar" "COMPILER_FLAGS=  -O2 -c" "EXTRA_COMPILER_FLAGS=-g"
Compiling uartps
Running Make libs in ps7_cortexa9_0/libsrc/usbps_v2_2/src
make -C ps7_cortexa9_0/libsrc/usbps_v2_2/src -s libs  "SHELL=/bin/sh" "COMPILER=arm-xilinx-eabi-gcc" "ARCHIVER=arm-xilinx-eabi-ar" "COMPILER_FLAGS=  -O2 -c" "EXTRA_COMPILER_FLAGS=-g"
Compiling usbps
Running Make libs in ps7_cortexa9_0/libsrc/xadcps_v2_1/src
make -C ps7_cortexa9_0/libsrc/xadcps_v2_1/src -s libs  "SHELL=/bin/sh" "COMPILER=arm-xilinx-eabi-gcc" "ARCHIVER=arm-xilinx-eabi-ar" "COMPILER_FLAGS=  -O2 -c" "EXTRA_COMPILER_FLAGS=-g"
Compiling xadcps
Finished building libraries
19:55:10 **** Auto Build of configuration Debug for project data_log ****
make all 
Building file: ../src/helloworld.c
Invoking: ARM gcc compiler
arm-xilinx-eabi-gcc -Wall -O0 -g3 -c -fmessage-length=0 -MT"src/helloworld.o" -I../../data_log_bsp/ps7_cortexa9_0/include -MMD -MP -MF"src/helloworld.d" -MT"src/helloworld.d" -o "src/helloworld.o" "../src/helloworld.c"
../src/helloworld.c: In function 'read_bram':
../src/helloworld.c:137:4: warning: pointer targets in passing argument 2 of 'XUartPs_Send' differ in signedness [-Wpointer-sign]
    XUartPs_Send(&Uart_Ps, &my_char, 1);
    ^
In file included from ../src/helloworld.c:52:0:
../../data_log_bsp/ps7_cortexa9_0/include/xuartps.h:447:14: note: expected 'u8 *' but argument is of type 'char *'
 unsigned int XUartPs_Send(XUartPs *InstancePtr, u8 *BufferPtr,
              ^
../src/helloworld.c: In function 'Bram_full_InterruptHandler':
../src/helloworld.c:160:7: warning: unused variable 'interrupt_char' [-Wunused-variable]
  char interrupt_char = 'z';
       ^
../src/helloworld.c: In function 'Uart_keyboard_Handler':
../src/helloworld.c:662:4: warning: pointer targets in passing argument 2 of 'XUartPs_Send' differ in signedness [-Wpointer-sign]
    XUartPs_Send(&Uart_Ps, &test, 1) ;
    ^
In file included from ../src/helloworld.c:52:0:
../../data_log_bsp/ps7_cortexa9_0/include/xuartps.h:447:14: note: expected 'u8 *' but argument is of type 'char *'
 unsigned int XUartPs_Send(XUartPs *InstancePtr, u8 *BufferPtr,
              ^
../src/helloworld.c:664:4: warning: pointer targets in passing argument 2 of 'XUartPs_Send' differ in signedness [-Wpointer-sign]
    XUartPs_Send(&Uart_Ps, &test, 1);
    ^
In file included from ../src/helloworld.c:52:0:
../../data_log_bsp/ps7_cortexa9_0/include/xuartps.h:447:14: note: expected 'u8 *' but argument is of type 'char *'
 unsigned int XUartPs_Send(XUartPs *InstancePtr, u8 *BufferPtr,
              ^
../src/helloworld.c:666:4: warning: pointer targets in passing argument 2 of 'XUartPs_Send' differ in signedness [-Wpointer-sign]
    XUartPs_Send(&Uart_Ps, &test, 1);
    ^
In file included from ../src/helloworld.c:52:0:
../../data_log_bsp/ps7_cortexa9_0/include/xuartps.h:447:14: note: expected 'u8 *' but argument is of type 'char *'
 unsigned int XUartPs_Send(XUartPs *InstancePtr, u8 *BufferPtr,
              ^
../src/helloworld.c:668:4: warning: pointer targets in passing argument 2 of 'XUartPs_Send' differ in signedness [-Wpointer-sign]
    XUartPs_Send(&Uart_Ps, &test, 1);
    ^
In file included from ../src/helloworld.c:52:0:
../../data_log_bsp/ps7_cortexa9_0/include/xuartps.h:447:14: note: expected 'u8 *' but argument is of type 'char *'
 unsigned int XUartPs_Send(XUartPs *InstancePtr, u8 *BufferPtr,
              ^
../src/helloworld.c:670:4: warning: pointer targets in passing argument 2 of 'XUartPs_Send' differ in signedness [-Wpointer-sign]
    XUartPs_Send(&Uart_Ps, &test, 1);
    ^
In file included from ../src/helloworld.c:52:0:
../../data_log_bsp/ps7_cortexa9_0/include/xuartps.h:447:14: note: expected 'u8 *' but argument is of type 'char *'
 unsigned int XUartPs_Send(XUartPs *InstancePtr, u8 *BufferPtr,
              ^
../src/helloworld.c:672:4: warning: pointer targets in passing argument 2 of 'XUartPs_Send' differ in signedness [-Wpointer-sign]
    XUartPs_Send(&Uart_Ps, &test, 1);
    ^
In file included from ../src/helloworld.c:52:0:
../../data_log_bsp/ps7_cortexa9_0/include/xuartps.h:447:14: note: expected 'u8 *' but argument is of type 'char *'
 unsigned int XUartPs_Send(XUartPs *InstancePtr, u8 *BufferPtr,
              ^
../src/helloworld.c:678:5: warning: pointer targets in passing argument 2 of 'XUartPs_Send' differ in signedness [-Wpointer-sign]
     XUartPs_Send(&Uart_Ps, &test, 1) ;
     ^
In file included from ../src/helloworld.c:52:0:
../../data_log_bsp/ps7_cortexa9_0/include/xuartps.h:447:14: note: expected 'u8 *' but argument is of type 'char *'
 unsigned int XUartPs_Send(XUartPs *InstancePtr, u8 *BufferPtr,
              ^
../src/helloworld.c:680:5: warning: pointer targets in passing argument 2 of 'XUartPs_Send' differ in signedness [-Wpointer-sign]
     XUartPs_Send(&Uart_Ps, &test, 1);
     ^
In file included from ../src/helloworld.c:52:0:
../../data_log_bsp/ps7_cortexa9_0/include/xuartps.h:447:14: note: expected 'u8 *' but argument is of type 'char *'
 unsigned int XUartPs_Send(XUartPs *InstancePtr, u8 *BufferPtr,
              ^
../src/helloworld.c:682:5: warning: pointer targets in passing argument 2 of 'XUartPs_Send' differ in signedness [-Wpointer-sign]
     XUartPs_Send(&Uart_Ps, &test, 1);
     ^
In file included from ../src/helloworld.c:52:0:
../../data_log_bsp/ps7_cortexa9_0/include/xuartps.h:447:14: note: expected 'u8 *' but argument is of type 'char *'
 unsigned int XUartPs_Send(XUartPs *InstancePtr, u8 *BufferPtr,
              ^
../src/helloworld.c:684:5: warning: pointer targets in passing argument 2 of 'XUartPs_Send' differ in signedness [-Wpointer-sign]
     XUartPs_Send(&Uart_Ps, &test, 1);
     ^
In file included from ../src/helloworld.c:52:0:
../../data_log_bsp/ps7_cortexa9_0/include/xuartps.h:447:14: note: expected 'u8 *' but argument is of type 'char *'
 unsigned int XUartPs_Send(XUartPs *InstancePtr, u8 *BufferPtr,
              ^
../src/helloworld.c:686:5: warning: pointer targets in passing argument 2 of 'XUartPs_Send' differ in signedness [-Wpointer-sign]
     XUartPs_Send(&Uart_Ps, &test, 1);
     ^
In file included from ../src/helloworld.c:52:0:
../../data_log_bsp/ps7_cortexa9_0/include/xuartps.h:447:14: note: expected 'u8 *' but argument is of type 'char *'
 unsigned int XUartPs_Send(XUartPs *InstancePtr, u8 *BufferPtr,
              ^
../src/helloworld.c:688:5: warning: pointer targets in passing argument 2 of 'XUartPs_Send' differ in signedness [-Wpointer-sign]
     XUartPs_Send(&Uart_Ps, &test, 1);
     ^
In file included from ../src/helloworld.c:52:0:
../../data_log_bsp/ps7_cortexa9_0/include/xuartps.h:447:14: note: expected 'u8 *' but argument is of type 'char *'
 unsigned int XUartPs_Send(XUartPs *InstancePtr, u8 *BufferPtr,
              ^
../src/helloworld.c: At top level:
../src/helloworld.c:93:11: warning: 'RecvBuffer' defined but not used [-Wunused-variable]
 static u8 RecvBuffer[TEST_BUFFER_SIZE]; /* Buffer for Receiving Data */
           ^
../src/helloworld.c:108:12: warning: 'fine_clk_delay_val' defined but not used [-Wunused-variable]
 static int fine_clk_delay_val=0;
            ^
../src/helloworld.c:111:12: warning: 'fine_data_delay_val' defined but not used [-Wunused-variable]
 static int fine_data_delay_val=0;
            ^
Finished building: ../src/helloworld.c
 
Building file: ../src/platform.c
Invoking: ARM gcc compiler
arm-xilinx-eabi-gcc -Wall -O0 -g3 -c -fmessage-length=0 -MT"src/platform.o" -I../../data_log_bsp/ps7_cortexa9_0/include -MMD -MP -MF"src/platform.d" -MT"src/platform.d" -o "src/platform.o" "../src/platform.c"
Finished building: ../src/platform.c
 
Building target: data_log.elf
Invoking: ARM gcc linker
arm-xilinx-eabi-gcc -Wl,-T -Wl,../src/lscript.ld -L../../data_log_bsp/ps7_cortexa9_0/lib -o "data_log.elf"  ./src/helloworld.o ./src/platform.o   -Wl,--start-group,-lxil,-lgcc,-lc,--end-group
Finished building target: data_log.elf
 
Invoking: ARM Print Size
arm-xilinx-eabi-size data_log.elf  |tee "data_log.elf.size"
   text	   data	    bss	    dec	    hex	filename
  37104	   2048	  22996	  62148	   f2c4	data_log.elf
Finished building: data_log.elf.size
 
19:57:49 **** Incremental Build of configuration Debug for project data_log ****
make all 
make: Nothing to be done for `all'.
