21:27:42 **** Build of project trial_figaro_bsp ****
make -k all 
Running Make include in ps7_cortexa9_0/libsrc/bram_v4_0/src
make -C ps7_cortexa9_0/libsrc/bram_v4_0/src -s include  "SHELL=/bin/sh" "COMPILER=arm-xilinx-eabi-gcc" "ARCHIVER=arm-xilinx-eabi-ar" "COMPILER_FLAGS=  -O2 -c" "EXTRA_COMPILER_FLAGS=-g"
Running Make include in ps7_cortexa9_0/libsrc/cpu_cortexa9_v2_1/src
make -C ps7_cortexa9_0/libsrc/cpu_cortexa9_v2_1/src -s include  "SHELL=/bin/sh" "COMPILER=arm-xilinx-eabi-gcc" "ARCHIVER=arm-xilinx-eabi-ar" "COMPILER_FLAGS=  -O2 -c" "EXTRA_COMPILER_FLAGS=-g"
Running Make include in ps7_cortexa9_0/libsrc/devcfg_v3_2/src
make -C ps7_cortexa9_0/libsrc/devcfg_v3_2/src -s include  "SHELL=/bin/sh" "COMPILER=arm-xilinx-eabi-gcc" "ARCHIVER=arm-xilinx-eabi-ar" "COMPILER_FLAGS=  -O2 -c" "EXTRA_COMPILER_FLAGS=-g"
Running Make include in ps7_cortexa9_0/libsrc/dmaps_v2_1/src
make -C ps7_cortexa9_0/libsrc/dmaps_v2_1/src -s include  "SHELL=/bin/sh" "COMPILER=arm-xilinx-eabi-gcc" "ARCHIVER=arm-xilinx-eabi-ar" "COMPILER_FLAGS=  -O2 -c" "EXTRA_COMPILER_FLAGS=-g"
Running Make include in ps7_cortexa9_0/libsrc/emacps_v2_2/src
make -C ps7_cortexa9_0/libsrc/emacps_v2_2/src -s include  "SHELL=/bin/sh" "COMPILER=arm-xilinx-eabi-gcc" "ARCHIVER=arm-xilinx-eabi-ar" "COMPILER_FLAGS=  -O2 -c" "EXTRA_COMPILER_FLAGS=-g"
Running Make include in ps7_cortexa9_0/libsrc/gpiops_v2_2/src
make -C ps7_cortexa9_0/libsrc/gpiops_v2_2/src -s include  "SHELL=/bin/sh" "COMPILER=arm-xilinx-eabi-gcc" "ARCHIVER=arm-xilinx-eabi-ar" "COMPILER_FLAGS=  -O2 -c" "EXTRA_COMPILER_FLAGS=-g"
Running Make include in ps7_cortexa9_0/libsrc/gpio_v4_0/src
make -C ps7_cortexa9_0/libsrc/gpio_v4_0/src -s include  "SHELL=/bin/sh" "COMPILER=arm-xilinx-eabi-gcc" "ARCHIVER=arm-xilinx-eabi-ar" "COMPILER_FLAGS=  -O2 -c" "EXTRA_COMPILER_FLAGS=-g"
Running Make include in ps7_cortexa9_0/libsrc/qspips_v3_1/src
make -C ps7_cortexa9_0/libsrc/qspips_v3_1/src -s include  "SHELL=/bin/sh" "COMPILER=arm-xilinx-eabi-gcc" "ARCHIVER=arm-xilinx-eabi-ar" "COMPILER_FLAGS=  -O2 -c" "EXTRA_COMPILER_FLAGS=-g"
Running Make include in ps7_cortexa9_0/libsrc/scugic_v2_1/src
make -C ps7_cortexa9_0/libsrc/scugic_v2_1/src -s include  "SHELL=/bin/sh" "COMPILER=arm-xilinx-eabi-gcc" "ARCHIVER=arm-xilinx-eabi-ar" "COMPILER_FLAGS=  -O2 -c" "EXTRA_COMPILER_FLAGS=-g"
Running Make include in ps7_cortexa9_0/libsrc/scutimer_v2_0/src
make -C ps7_cortexa9_0/libsrc/scutimer_v2_0/src -s include  "SHELL=/bin/sh" "COMPILER=arm-xilinx-eabi-gcc" "ARCHIVER=arm-xilinx-eabi-ar" "COMPILER_FLAGS=  -O2 -c" "EXTRA_COMPILER_FLAGS=-g"
Running Make include in ps7_cortexa9_0/libsrc/scuwdt_v2_0/src
make -C ps7_cortexa9_0/libsrc/scuwdt_v2_0/src -s include  "SHELL=/bin/sh" "COMPILER=arm-xilinx-eabi-gcc" "ARCHIVER=arm-xilinx-eabi-ar" "COMPILER_FLAGS=  -O2 -c" "EXTRA_COMPILER_FLAGS=-g"
Running Make include in ps7_cortexa9_0/libsrc/sdps_v2_3/src
make -C ps7_cortexa9_0/libsrc/sdps_v2_3/src -s include  "SHELL=/bin/sh" "COMPILER=arm-xilinx-eabi-gcc" "ARCHIVER=arm-xilinx-eabi-ar" "COMPILER_FLAGS=  -O2 -c" "EXTRA_COMPILER_FLAGS=-g"
Running Make include in ps7_cortexa9_0/libsrc/standalone_v4_2/src
make -C ps7_cortexa9_0/libsrc/standalone_v4_2/src -s include  "SHELL=/bin/sh" "COMPILER=arm-xilinx-eabi-gcc" "ARCHIVER=arm-xilinx-eabi-ar" "COMPILER_FLAGS=  -O2 -c" "EXTRA_COMPILER_FLAGS=-g"
Running Make include in ps7_cortexa9_0/libsrc/ttcps_v2_0/src
make -C ps7_cortexa9_0/libsrc/ttcps_v2_0/src -s include  "SHELL=/bin/sh" "COMPILER=arm-xilinx-eabi-gcc" "ARCHIVER=arm-xilinx-eabi-ar" "COMPILER_FLAGS=  -O2 -c" "EXTRA_COMPILER_FLAGS=-g"
Running Make include in ps7_cortexa9_0/libsrc/uartps_v2_2/src
make -C ps7_cortexa9_0/libsrc/uartps_v2_2/src -s include  "SHELL=/bin/sh" "COMPILER=arm-xilinx-eabi-gcc" "ARCHIVER=arm-xilinx-eabi-ar" "COMPILER_FLAGS=  -O2 -c" "EXTRA_COMPILER_FLAGS=-g"
Running Make include in ps7_cortexa9_0/libsrc/usbps_v2_2/src
make -C ps7_cortexa9_0/libsrc/usbps_v2_2/src -s include  "SHELL=/bin/sh" "COMPILER=arm-xilinx-eabi-gcc" "ARCHIVER=arm-xilinx-eabi-ar" "COMPILER_FLAGS=  -O2 -c" "EXTRA_COMPILER_FLAGS=-g"
Running Make include in ps7_cortexa9_0/libsrc/xadcps_v2_1/src
make -C ps7_cortexa9_0/libsrc/xadcps_v2_1/src -s include  "SHELL=/bin/sh" "COMPILER=arm-xilinx-eabi-gcc" "ARCHIVER=arm-xilinx-eabi-ar" "COMPILER_FLAGS=  -O2 -c" "EXTRA_COMPILER_FLAGS=-g"
Running Make libs in ps7_cortexa9_0/libsrc/bram_v4_0/src
make -C ps7_cortexa9_0/libsrc/bram_v4_0/src -s libs  "SHELL=/bin/sh" "COMPILER=arm-xilinx-eabi-gcc" "ARCHIVER=arm-xilinx-eabi-ar" "COMPILER_FLAGS=  -O2 -c" "EXTRA_COMPILER_FLAGS=-g"
Compiling bram
arm-xilinx-eabi-ar: creating ../../../lib/libxil.a
Running Make libs in ps7_cortexa9_0/libsrc/cpu_cortexa9_v2_1/src
make -C ps7_cortexa9_0/libsrc/cpu_cortexa9_v2_1/src -s libs  "SHELL=/bin/sh" "COMPILER=arm-xilinx-eabi-gcc" "ARCHIVER=arm-xilinx-eabi-ar" "COMPILER_FLAGS=  -O2 -c" "EXTRA_COMPILER_FLAGS=-g"
Compiling cpu_cortexa9
Running Make libs in ps7_cortexa9_0/libsrc/devcfg_v3_2/src
make -C ps7_cortexa9_0/libsrc/devcfg_v3_2/src -s libs  "SHELL=/bin/sh" "COMPILER=arm-xilinx-eabi-gcc" "ARCHIVER=arm-xilinx-eabi-ar" "COMPILER_FLAGS=  -O2 -c" "EXTRA_COMPILER_FLAGS=-g"
Compiling devcfg
Running Make libs in ps7_cortexa9_0/libsrc/dmaps_v2_1/src
make -C ps7_cortexa9_0/libsrc/dmaps_v2_1/src -s libs  "SHELL=/bin/sh" "COMPILER=arm-xilinx-eabi-gcc" "ARCHIVER=arm-xilinx-eabi-ar" "COMPILER_FLAGS=  -O2 -c" "EXTRA_COMPILER_FLAGS=-g"
Compiling dmaps
Running Make libs in ps7_cortexa9_0/libsrc/emacps_v2_2/src
make -C ps7_cortexa9_0/libsrc/emacps_v2_2/src -s libs  "SHELL=/bin/sh" "COMPILER=arm-xilinx-eabi-gcc" "ARCHIVER=arm-xilinx-eabi-ar" "COMPILER_FLAGS=  -O2 -c" "EXTRA_COMPILER_FLAGS=-g"
Compiling emacps
Running Make libs in ps7_cortexa9_0/libsrc/gpiops_v2_2/src
make -C ps7_cortexa9_0/libsrc/gpiops_v2_2/src -s libs  "SHELL=/bin/sh" "COMPILER=arm-xilinx-eabi-gcc" "ARCHIVER=arm-xilinx-eabi-ar" "COMPILER_FLAGS=  -O2 -c" "EXTRA_COMPILER_FLAGS=-g"
Compiling gpiops
Running Make libs in ps7_cortexa9_0/libsrc/gpio_v4_0/src
make -C ps7_cortexa9_0/libsrc/gpio_v4_0/src -s libs  "SHELL=/bin/sh" "COMPILER=arm-xilinx-eabi-gcc" "ARCHIVER=arm-xilinx-eabi-ar" "COMPILER_FLAGS=  -O2 -c" "EXTRA_COMPILER_FLAGS=-g"
Compiling gpio
Running Make libs in ps7_cortexa9_0/libsrc/qspips_v3_1/src
make -C ps7_cortexa9_0/libsrc/qspips_v3_1/src -s libs  "SHELL=/bin/sh" "COMPILER=arm-xilinx-eabi-gcc" "ARCHIVER=arm-xilinx-eabi-ar" "COMPILER_FLAGS=  -O2 -c" "EXTRA_COMPILER_FLAGS=-g"
Compiling qspips
Running Make libs in ps7_cortexa9_0/libsrc/scugic_v2_1/src
make -C ps7_cortexa9_0/libsrc/scugic_v2_1/src -s libs  "SHELL=/bin/sh" "COMPILER=arm-xilinx-eabi-gcc" "ARCHIVER=arm-xilinx-eabi-ar" "COMPILER_FLAGS=  -O2 -c" "EXTRA_COMPILER_FLAGS=-g"
Compiling scugic
Running Make libs in ps7_cortexa9_0/libsrc/scutimer_v2_0/src
make -C ps7_cortexa9_0/libsrc/scutimer_v2_0/src -s libs  "SHELL=/bin/sh" "COMPILER=arm-xilinx-eabi-gcc" "ARCHIVER=arm-xilinx-eabi-ar" "COMPILER_FLAGS=  -O2 -c" "EXTRA_COMPILER_FLAGS=-g"
Compiling scutimer
Running Make libs in ps7_cortexa9_0/libsrc/scuwdt_v2_0/src
make -C ps7_cortexa9_0/libsrc/scuwdt_v2_0/src -s libs  "SHELL=/bin/sh" "COMPILER=arm-xilinx-eabi-gcc" "ARCHIVER=arm-xilinx-eabi-ar" "COMPILER_FLAGS=  -O2 -c" "EXTRA_COMPILER_FLAGS=-g"
Compiling scuwdt
Running Make libs in ps7_cortexa9_0/libsrc/sdps_v2_3/src
make -C ps7_cortexa9_0/libsrc/sdps_v2_3/src -s libs  "SHELL=/bin/sh" "COMPILER=arm-xilinx-eabi-gcc" "ARCHIVER=arm-xilinx-eabi-ar" "COMPILER_FLAGS=  -O2 -c" "EXTRA_COMPILER_FLAGS=-g"
Compiling sdps
Running Make libs in ps7_cortexa9_0/libsrc/standalone_v4_2/src
make -C ps7_cortexa9_0/libsrc/standalone_v4_2/src -s libs  "SHELL=/bin/sh" "COMPILER=arm-xilinx-eabi-gcc" "ARCHIVER=arm-xilinx-eabi-ar" "COMPILER_FLAGS=  -O2 -c" "EXTRA_COMPILER_FLAGS=-g"
Compiling standalone
Running Make libs in ps7_cortexa9_0/libsrc/ttcps_v2_0/src
make -C ps7_cortexa9_0/libsrc/ttcps_v2_0/src -s libs  "SHELL=/bin/sh" "COMPILER=arm-xilinx-eabi-gcc" "ARCHIVER=arm-xilinx-eabi-ar" "COMPILER_FLAGS=  -O2 -c" "EXTRA_COMPILER_FLAGS=-g"
Compiling ttcps
Running Make libs in ps7_cortexa9_0/libsrc/uartps_v2_2/src
make -C ps7_cortexa9_0/libsrc/uartps_v2_2/src -s libs  "SHELL=/bin/sh" "COMPILER=arm-xilinx-eabi-gcc" "ARCHIVER=arm-xilinx-eabi-ar" "COMPILER_FLAGS=  -O2 -c" "EXTRA_COMPILER_FLAGS=-g"
Compiling uartps
Running Make libs in ps7_cortexa9_0/libsrc/usbps_v2_2/src
make -C ps7_cortexa9_0/libsrc/usbps_v2_2/src -s libs  "SHELL=/bin/sh" "COMPILER=arm-xilinx-eabi-gcc" "ARCHIVER=arm-xilinx-eabi-ar" "COMPILER_FLAGS=  -O2 -c" "EXTRA_COMPILER_FLAGS=-g"
Compiling usbps
Running Make libs in ps7_cortexa9_0/libsrc/xadcps_v2_1/src
make -C ps7_cortexa9_0/libsrc/xadcps_v2_1/src -s libs  "SHELL=/bin/sh" "COMPILER=arm-xilinx-eabi-gcc" "ARCHIVER=arm-xilinx-eabi-ar" "COMPILER_FLAGS=  -O2 -c" "EXTRA_COMPILER_FLAGS=-g"
Compiling xadcps
Finished building libraries
21:27:53 **** Build of configuration Debug for project trial_figaro ****
make all 
Building file: ../src/helloworld.c
Invoking: ARM gcc compiler
arm-xilinx-eabi-gcc -Wall -O0 -g3 -c -fmessage-length=0 -MT"src/helloworld.o" -I../../trial_figaro_bsp/ps7_cortexa9_0/include -MMD -MP -MF"src/helloworld.d" -MT"src/helloworld.d" -o "src/helloworld.o" "../src/helloworld.c"
Finished building: ../src/helloworld.c
 
Building file: ../src/platform.c
Invoking: ARM gcc compiler
arm-xilinx-eabi-gcc -Wall -O0 -g3 -c -fmessage-length=0 -MT"src/platform.o" -I../../trial_figaro_bsp/ps7_cortexa9_0/include -MMD -MP -MF"src/platform.d" -MT"src/platform.d" -o "src/platform.o" "../src/platform.c"
Finished building: ../src/platform.c
 
Building target: trial_figaro.elf
Invoking: ARM gcc linker
arm-xilinx-eabi-gcc -Wl,-T -Wl,../src/lscript.ld -L../../trial_figaro_bsp/ps7_cortexa9_0/lib -o "trial_figaro.elf"  ./src/helloworld.o ./src/platform.o   -Wl,--start-group,-lxil,-lgcc,-lc,--end-group
Finished building target: trial_figaro.elf
 
Invoking: ARM Print Size
arm-xilinx-eabi-size trial_figaro.elf  |tee "trial_figaro.elf.size"
   text	   data	    bss	    dec	    hex	filename
  22920	   1152	  22564	  46636	   b62c	trial_figaro.elf
Finished building: trial_figaro.elf.size
 
21:30:40 **** Incremental Build of configuration Debug for project trial_figaro ****
make all 
make: Nothing to be done for `all'.
21:31:37 **** Auto Build of configuration Debug for project trial_figaro ****
make all 
Building file: ../src/helloworld.c
Invoking: ARM gcc compiler
arm-xilinx-eabi-gcc -Wall -O0 -g3 -c -fmessage-length=0 -MT"src/helloworld.o" -I../../trial_figaro_bsp/ps7_cortexa9_0/include -MMD -MP -MF"src/helloworld.d" -MT"src/helloworld.d" -o "src/helloworld.o" "../src/helloworld.c"
Finished building: ../src/helloworld.c
 
Building target: trial_figaro.elf
Invoking: ARM gcc linker
arm-xilinx-eabi-gcc -Wl,-T -Wl,../src/lscript.ld -L../../trial_figaro_bsp/ps7_cortexa9_0/lib -o "trial_figaro.elf"  ./src/helloworld.o ./src/platform.o   -Wl,--start-group,-lxil,-lgcc,-lc,--end-group
Finished building target: trial_figaro.elf
 
Invoking: ARM Print Size
arm-xilinx-eabi-size trial_figaro.elf  |tee "trial_figaro.elf.size"
   text	   data	    bss	    dec	    hex	filename
  22912	   1152	  22564	  46628	   b624	trial_figaro.elf
Finished building: trial_figaro.elf.size
 
21:32:17 **** Incremental Build of configuration Debug for project trial_figaro ****
make all 
make: Nothing to be done for `all'.
22:31:58 **** Build of project reading_TRNG_data_bsp ****
make -k all 
Running Make include in ps7_cortexa9_0/libsrc/bram_v4_0/src
make -C ps7_cortexa9_0/libsrc/bram_v4_0/src -s include  "SHELL=/bin/sh" "COMPILER=arm-xilinx-eabi-gcc" "ARCHIVER=arm-xilinx-eabi-ar" "COMPILER_FLAGS=  -O2 -c" "EXTRA_COMPILER_FLAGS=-g"
Running Make include in ps7_cortexa9_0/libsrc/cpu_cortexa9_v2_1/src
make -C ps7_cortexa9_0/libsrc/cpu_cortexa9_v2_1/src -s include  "SHELL=/bin/sh" "COMPILER=arm-xilinx-eabi-gcc" "ARCHIVER=arm-xilinx-eabi-ar" "COMPILER_FLAGS=  -O2 -c" "EXTRA_COMPILER_FLAGS=-g"
Running Make include in ps7_cortexa9_0/libsrc/devcfg_v3_2/src
make -C ps7_cortexa9_0/libsrc/devcfg_v3_2/src -s include  "SHELL=/bin/sh" "COMPILER=arm-xilinx-eabi-gcc" "ARCHIVER=arm-xilinx-eabi-ar" "COMPILER_FLAGS=  -O2 -c" "EXTRA_COMPILER_FLAGS=-g"
Running Make include in ps7_cortexa9_0/libsrc/dmaps_v2_1/src
make -C ps7_cortexa9_0/libsrc/dmaps_v2_1/src -s include  "SHELL=/bin/sh" "COMPILER=arm-xilinx-eabi-gcc" "ARCHIVER=arm-xilinx-eabi-ar" "COMPILER_FLAGS=  -O2 -c" "EXTRA_COMPILER_FLAGS=-g"
Running Make include in ps7_cortexa9_0/libsrc/emacps_v2_2/src
make -C ps7_cortexa9_0/libsrc/emacps_v2_2/src -s include  "SHELL=/bin/sh" "COMPILER=arm-xilinx-eabi-gcc" "ARCHIVER=arm-xilinx-eabi-ar" "COMPILER_FLAGS=  -O2 -c" "EXTRA_COMPILER_FLAGS=-g"
Running Make include in ps7_cortexa9_0/libsrc/gpiops_v2_2/src
make -C ps7_cortexa9_0/libsrc/gpiops_v2_2/src -s include  "SHELL=/bin/sh" "COMPILER=arm-xilinx-eabi-gcc" "ARCHIVER=arm-xilinx-eabi-ar" "COMPILER_FLAGS=  -O2 -c" "EXTRA_COMPILER_FLAGS=-g"
Running Make include in ps7_cortexa9_0/libsrc/gpio_v4_0/src
make -C ps7_cortexa9_0/libsrc/gpio_v4_0/src -s include  "SHELL=/bin/sh" "COMPILER=arm-xilinx-eabi-gcc" "ARCHIVER=arm-xilinx-eabi-ar" "COMPILER_FLAGS=  -O2 -c" "EXTRA_COMPILER_FLAGS=-g"
Running Make include in ps7_cortexa9_0/libsrc/qspips_v3_1/src
make -C ps7_cortexa9_0/libsrc/qspips_v3_1/src -s include  "SHELL=/bin/sh" "COMPILER=arm-xilinx-eabi-gcc" "ARCHIVER=arm-xilinx-eabi-ar" "COMPILER_FLAGS=  -O2 -c" "EXTRA_COMPILER_FLAGS=-g"
Running Make include in ps7_cortexa9_0/libsrc/scugic_v2_1/src
make -C ps7_cortexa9_0/libsrc/scugic_v2_1/src -s include  "SHELL=/bin/sh" "COMPILER=arm-xilinx-eabi-gcc" "ARCHIVER=arm-xilinx-eabi-ar" "COMPILER_FLAGS=  -O2 -c" "EXTRA_COMPILER_FLAGS=-g"
Running Make include in ps7_cortexa9_0/libsrc/scutimer_v2_0/src
make -C ps7_cortexa9_0/libsrc/scutimer_v2_0/src -s include  "SHELL=/bin/sh" "COMPILER=arm-xilinx-eabi-gcc" "ARCHIVER=arm-xilinx-eabi-ar" "COMPILER_FLAGS=  -O2 -c" "EXTRA_COMPILER_FLAGS=-g"
Running Make include in ps7_cortexa9_0/libsrc/scuwdt_v2_0/src
make -C ps7_cortexa9_0/libsrc/scuwdt_v2_0/src -s include  "SHELL=/bin/sh" "COMPILER=arm-xilinx-eabi-gcc" "ARCHIVER=arm-xilinx-eabi-ar" "COMPILER_FLAGS=  -O2 -c" "EXTRA_COMPILER_FLAGS=-g"
Running Make include in ps7_cortexa9_0/libsrc/sdps_v2_3/src
make -C ps7_cortexa9_0/libsrc/sdps_v2_3/src -s include  "SHELL=/bin/sh" "COMPILER=arm-xilinx-eabi-gcc" "ARCHIVER=arm-xilinx-eabi-ar" "COMPILER_FLAGS=  -O2 -c" "EXTRA_COMPILER_FLAGS=-g"
Running Make include in ps7_cortexa9_0/libsrc/standalone_v4_2/src
make -C ps7_cortexa9_0/libsrc/standalone_v4_2/src -s include  "SHELL=/bin/sh" "COMPILER=arm-xilinx-eabi-gcc" "ARCHIVER=arm-xilinx-eabi-ar" "COMPILER_FLAGS=  -O2 -c" "EXTRA_COMPILER_FLAGS=-g"
Running Make include in ps7_cortexa9_0/libsrc/ttcps_v2_0/src
make -C ps7_cortexa9_0/libsrc/ttcps_v2_0/src -s include  "SHELL=/bin/sh" "COMPILER=arm-xilinx-eabi-gcc" "ARCHIVER=arm-xilinx-eabi-ar" "COMPILER_FLAGS=  -O2 -c" "EXTRA_COMPILER_FLAGS=-g"
Running Make include in ps7_cortexa9_0/libsrc/uartps_v2_2/src
make -C ps7_cortexa9_0/libsrc/uartps_v2_2/src -s include  "SHELL=/bin/sh" "COMPILER=arm-xilinx-eabi-gcc" "ARCHIVER=arm-xilinx-eabi-ar" "COMPILER_FLAGS=  -O2 -c" "EXTRA_COMPILER_FLAGS=-g"
Running Make include in ps7_cortexa9_0/libsrc/usbps_v2_2/src
make -C ps7_cortexa9_0/libsrc/usbps_v2_2/src -s include  "SHELL=/bin/sh" "COMPILER=arm-xilinx-eabi-gcc" "ARCHIVER=arm-xilinx-eabi-ar" "COMPILER_FLAGS=  -O2 -c" "EXTRA_COMPILER_FLAGS=-g"
Running Make include in ps7_cortexa9_0/libsrc/xadcps_v2_1/src
make -C ps7_cortexa9_0/libsrc/xadcps_v2_1/src -s include  "SHELL=/bin/sh" "COMPILER=arm-xilinx-eabi-gcc" "ARCHIVER=arm-xilinx-eabi-ar" "COMPILER_FLAGS=  -O2 -c" "EXTRA_COMPILER_FLAGS=-g"
Running Make libs in ps7_cortexa9_0/libsrc/bram_v4_0/src
make -C ps7_cortexa9_0/libsrc/bram_v4_0/src -s libs  "SHELL=/bin/sh" "COMPILER=arm-xilinx-eabi-gcc" "ARCHIVER=arm-xilinx-eabi-ar" "COMPILER_FLAGS=  -O2 -c" "EXTRA_COMPILER_FLAGS=-g"
Compiling bram
arm-xilinx-eabi-ar: creating ../../../lib/libxil.a
Running Make libs in ps7_cortexa9_0/libsrc/cpu_cortexa9_v2_1/src
make -C ps7_cortexa9_0/libsrc/cpu_cortexa9_v2_1/src -s libs  "SHELL=/bin/sh" "COMPILER=arm-xilinx-eabi-gcc" "ARCHIVER=arm-xilinx-eabi-ar" "COMPILER_FLAGS=  -O2 -c" "EXTRA_COMPILER_FLAGS=-g"
Compiling cpu_cortexa9
Running Make libs in ps7_cortexa9_0/libsrc/devcfg_v3_2/src
make -C ps7_cortexa9_0/libsrc/devcfg_v3_2/src -s libs  "SHELL=/bin/sh" "COMPILER=arm-xilinx-eabi-gcc" "ARCHIVER=arm-xilinx-eabi-ar" "COMPILER_FLAGS=  -O2 -c" "EXTRA_COMPILER_FLAGS=-g"
Compiling devcfg
Running Make libs in ps7_cortexa9_0/libsrc/dmaps_v2_1/src
make -C ps7_cortexa9_0/libsrc/dmaps_v2_1/src -s libs  "SHELL=/bin/sh" "COMPILER=arm-xilinx-eabi-gcc" "ARCHIVER=arm-xilinx-eabi-ar" "COMPILER_FLAGS=  -O2 -c" "EXTRA_COMPILER_FLAGS=-g"
Compiling dmaps
Running Make libs in ps7_cortexa9_0/libsrc/emacps_v2_2/src
make -C ps7_cortexa9_0/libsrc/emacps_v2_2/src -s libs  "SHELL=/bin/sh" "COMPILER=arm-xilinx-eabi-gcc" "ARCHIVER=arm-xilinx-eabi-ar" "COMPILER_FLAGS=  -O2 -c" "EXTRA_COMPILER_FLAGS=-g"
Compiling emacps
Running Make libs in ps7_cortexa9_0/libsrc/gpiops_v2_2/src
make -C ps7_cortexa9_0/libsrc/gpiops_v2_2/src -s libs  "SHELL=/bin/sh" "COMPILER=arm-xilinx-eabi-gcc" "ARCHIVER=arm-xilinx-eabi-ar" "COMPILER_FLAGS=  -O2 -c" "EXTRA_COMPILER_FLAGS=-g"
Compiling gpiops
Running Make libs in ps7_cortexa9_0/libsrc/gpio_v4_0/src
make -C ps7_cortexa9_0/libsrc/gpio_v4_0/src -s libs  "SHELL=/bin/sh" "COMPILER=arm-xilinx-eabi-gcc" "ARCHIVER=arm-xilinx-eabi-ar" "COMPILER_FLAGS=  -O2 -c" "EXTRA_COMPILER_FLAGS=-g"
Compiling gpio
Running Make libs in ps7_cortexa9_0/libsrc/qspips_v3_1/src
make -C ps7_cortexa9_0/libsrc/qspips_v3_1/src -s libs  "SHELL=/bin/sh" "COMPILER=arm-xilinx-eabi-gcc" "ARCHIVER=arm-xilinx-eabi-ar" "COMPILER_FLAGS=  -O2 -c" "EXTRA_COMPILER_FLAGS=-g"
Compiling qspips
Running Make libs in ps7_cortexa9_0/libsrc/scugic_v2_1/src
make -C ps7_cortexa9_0/libsrc/scugic_v2_1/src -s libs  "SHELL=/bin/sh" "COMPILER=arm-xilinx-eabi-gcc" "ARCHIVER=arm-xilinx-eabi-ar" "COMPILER_FLAGS=  -O2 -c" "EXTRA_COMPILER_FLAGS=-g"
Compiling scugic
Running Make libs in ps7_cortexa9_0/libsrc/scutimer_v2_0/src
make -C ps7_cortexa9_0/libsrc/scutimer_v2_0/src -s libs  "SHELL=/bin/sh" "COMPILER=arm-xilinx-eabi-gcc" "ARCHIVER=arm-xilinx-eabi-ar" "COMPILER_FLAGS=  -O2 -c" "EXTRA_COMPILER_FLAGS=-g"
Compiling scutimer
Running Make libs in ps7_cortexa9_0/libsrc/scuwdt_v2_0/src
make -C ps7_cortexa9_0/libsrc/scuwdt_v2_0/src -s libs  "SHELL=/bin/sh" "COMPILER=arm-xilinx-eabi-gcc" "ARCHIVER=arm-xilinx-eabi-ar" "COMPILER_FLAGS=  -O2 -c" "EXTRA_COMPILER_FLAGS=-g"
Compiling scuwdt
Running Make libs in ps7_cortexa9_0/libsrc/sdps_v2_3/src
make -C ps7_cortexa9_0/libsrc/sdps_v2_3/src -s libs  "SHELL=/bin/sh" "COMPILER=arm-xilinx-eabi-gcc" "ARCHIVER=arm-xilinx-eabi-ar" "COMPILER_FLAGS=  -O2 -c" "EXTRA_COMPILER_FLAGS=-g"
Compiling sdps
Running Make libs in ps7_cortexa9_0/libsrc/standalone_v4_2/src
make -C ps7_cortexa9_0/libsrc/standalone_v4_2/src -s libs  "SHELL=/bin/sh" "COMPILER=arm-xilinx-eabi-gcc" "ARCHIVER=arm-xilinx-eabi-ar" "COMPILER_FLAGS=  -O2 -c" "EXTRA_COMPILER_FLAGS=-g"
Compiling standalone
Running Make libs in ps7_cortexa9_0/libsrc/ttcps_v2_0/src
make -C ps7_cortexa9_0/libsrc/ttcps_v2_0/src -s libs  "SHELL=/bin/sh" "COMPILER=arm-xilinx-eabi-gcc" "ARCHIVER=arm-xilinx-eabi-ar" "COMPILER_FLAGS=  -O2 -c" "EXTRA_COMPILER_FLAGS=-g"
Compiling ttcps
Running Make libs in ps7_cortexa9_0/libsrc/uartps_v2_2/src
make -C ps7_cortexa9_0/libsrc/uartps_v2_2/src -s libs  "SHELL=/bin/sh" "COMPILER=arm-xilinx-eabi-gcc" "ARCHIVER=arm-xilinx-eabi-ar" "COMPILER_FLAGS=  -O2 -c" "EXTRA_COMPILER_FLAGS=-g"
Compiling uartps
Running Make libs in ps7_cortexa9_0/libsrc/usbps_v2_2/src
make -C ps7_cortexa9_0/libsrc/usbps_v2_2/src -s libs  "SHELL=/bin/sh" "COMPILER=arm-xilinx-eabi-gcc" "ARCHIVER=arm-xilinx-eabi-ar" "COMPILER_FLAGS=  -O2 -c" "EXTRA_COMPILER_FLAGS=-g"
Compiling usbps
Running Make libs in ps7_cortexa9_0/libsrc/xadcps_v2_1/src
make -C ps7_cortexa9_0/libsrc/xadcps_v2_1/src -s libs  "SHELL=/bin/sh" "COMPILER=arm-xilinx-eabi-gcc" "ARCHIVER=arm-xilinx-eabi-ar" "COMPILER_FLAGS=  -O2 -c" "EXTRA_COMPILER_FLAGS=-g"
Compiling xadcps
Finished building libraries
22:32:06 **** Build of configuration Debug for project reading_TRNG_data ****
make all 
Building file: ../src/helloworld.c
Invoking: ARM gcc compiler
arm-xilinx-eabi-gcc -Wall -O0 -g3 -c -fmessage-length=0 -MT"src/helloworld.o" -I../../reading_TRNG_data_bsp/ps7_cortexa9_0/include -MMD -MP -MF"src/helloworld.d" -MT"src/helloworld.d" -o "src/helloworld.o" "../src/helloworld.c"
Finished building: ../src/helloworld.c
 
Building file: ../src/platform.c
Invoking: ARM gcc compiler
arm-xilinx-eabi-gcc -Wall -O0 -g3 -c -fmessage-length=0 -MT"src/platform.o" -I../../reading_TRNG_data_bsp/ps7_cortexa9_0/include -MMD -MP -MF"src/platform.d" -MT"src/platform.d" -o "src/platform.o" "../src/platform.c"
Finished building: ../src/platform.c
 
Building target: reading_TRNG_data.elf
Invoking: ARM gcc linker
arm-xilinx-eabi-gcc -Wl,-T -Wl,../src/lscript.ld -L../../reading_TRNG_data_bsp/ps7_cortexa9_0/lib -o "reading_TRNG_data.elf"  ./src/helloworld.o ./src/platform.o   -Wl,--start-group,-lxil,-lgcc,-lc,--end-group
Finished building target: reading_TRNG_data.elf
 
Invoking: ARM Print Size
arm-xilinx-eabi-size reading_TRNG_data.elf  |tee "reading_TRNG_data.elf.size"
   text	   data	    bss	    dec	    hex	filename
  22920	   1152	  22564	  46636	   b62c	reading_TRNG_data.elf
Finished building: reading_TRNG_data.elf.size
 
22:44:31 **** Auto Build of configuration Debug for project reading_TRNG_data ****
make all 
Building file: ../src/helloworld.c
Invoking: ARM gcc compiler
arm-xilinx-eabi-gcc -Wall -O0 -g3 -c -fmessage-length=0 -MT"src/helloworld.o" -I../../reading_TRNG_data_bsp/ps7_cortexa9_0/include -MMD -MP -MF"src/helloworld.d" -MT"src/helloworld.d" -o "src/helloworld.o" "../src/helloworld.c"
../src/helloworld.c:49:22: fatal error: ps7_init.h: No such file or directory
 #include "ps7_init.h"
                      ^
compilation terminated.
make: *** [src/helloworld.o] Error 1
22:44:42 **** Auto Build of configuration Debug for project reading_TRNG_data ****
make all 
Building file: ../src/helloworld.c
Invoking: ARM gcc compiler
arm-xilinx-eabi-gcc -Wall -O0 -g3 -c -fmessage-length=0 -MT"src/helloworld.o" -I../../reading_TRNG_data_bsp/ps7_cortexa9_0/include -MMD -MP -MF"src/helloworld.d" -MT"src/helloworld.d" -o "src/helloworld.o" "../src/helloworld.c"
In file included from ../src/helloworld.c:52:0:
../../reading_TRNG_data_bsp/ps7_cortexa9_0/include/xbasic_types.h:115:2: warning: #warning The xbasics_type.h file is deprecated and users should use xil_types.h and xil_assert. [-Wcpp]
 #warning  The xbasics_type.h file is deprecated and users should use xil_types.h and xil_assert.
  ^
../../reading_TRNG_data_bsp/ps7_cortexa9_0/include/xbasic_types.h:116:2: warning: #warning Please refer the Standalone BSP UG647 for further details [-Wcpp]
 #warning  Please refer the Standalone BSP UG647 for further details
  ^
../src/helloworld.c:62:17: warning: initialization makes pointer from integer without a cast [enabled by default]
 u16* maskAddr = 0x40000000;
                 ^
../src/helloworld.c: In function 'write_frame':
../src/helloworld.c:76:4: warning: implicit declaration of function 'renderBox' [-Wimplicit-function-declaration]
    u16 value = renderBox(row, col);
    ^
../src/helloworld.c: In function 'main':
../src/helloworld.c:87:5: warning: implicit declaration of function 'ps7_post_config' [-Wimplicit-function-declaration]
     ps7_post_config();
     ^
Finished building: ../src/helloworld.c
 
Building target: reading_TRNG_data.elf
Invoking: ARM gcc linker
arm-xilinx-eabi-gcc -Wl,-T -Wl,../src/lscript.ld -L../../reading_TRNG_data_bsp/ps7_cortexa9_0/lib -o "reading_TRNG_data.elf"  ./src/helloworld.o ./src/platform.o   -Wl,--start-group,-lxil,-lgcc,-lc,--end-group
./src/helloworld.o: In function `write_frame':
/home/srihari/Hardware_securiy/UART_arm_core/Fiagaro_data_collect/Fiagaro_data_collect.sdk/reading_TRNG_data/Debug/../src/helloworld.c:76: undefined reference to `renderBox'
./src/helloworld.o: In function `main':
/home/srihari/Hardware_securiy/UART_arm_core/Fiagaro_data_collect/Fiagaro_data_collect.sdk/reading_TRNG_data/Debug/../src/helloworld.c:87: undefined reference to `ps7_post_config'
collect2: error: ld returned 1 exit status
make: *** [reading_TRNG_data.elf] Error 1
18:22:34 **** Clean-only build of configuration Debug for project reading_TRNG_data ****
make clean 
rm -rf  ./src/helloworld.o ./src/platform.o  ./src/helloworld.d ./src/platform.d  reading_TRNG_data.elf.size  reading_TRNG_data.elf
 
18:22:35 **** Auto Build of configuration Debug for project reading_TRNG_data ****
make all 
Building file: ../src/helloworld.c
Invoking: ARM gcc compiler
arm-xilinx-eabi-gcc -Wall -O0 -g3 -c -fmessage-length=0 -MT"src/helloworld.o" -I../../reading_TRNG_data_bsp/ps7_cortexa9_0/include -MMD -MP -MF"src/helloworld.d" -MT"src/helloworld.d" -o "src/helloworld.o" "../src/helloworld.c"
In file included from ../src/helloworld.c:52:0:
../../reading_TRNG_data_bsp/ps7_cortexa9_0/include/xbasic_types.h:115:2: warning: #warning The xbasics_type.h file is deprecated and users should use xil_types.h and xil_assert. [-Wcpp]
 #warning  The xbasics_type.h file is deprecated and users should use xil_types.h and xil_assert.
  ^
../../reading_TRNG_data_bsp/ps7_cortexa9_0/include/xbasic_types.h:116:2: warning: #warning Please refer the Standalone BSP UG647 for further details [-Wcpp]
 #warning  Please refer the Standalone BSP UG647 for further details
  ^
../src/helloworld.c:62:21: warning: initialization makes pointer from integer without a cast [enabled by default]
 u16* bram_address = 0x40000000;
                     ^
../src/helloworld.c: In function 'read_bram':
../src/helloworld.c:78:4: warning: implicit declaration of function 'xil_printf' [-Wimplicit-function-declaration]
    xil_printf("%d \n",value); 
    ^
Finished building: ../src/helloworld.c
 
Building file: ../src/platform.c
Invoking: ARM gcc compiler
arm-xilinx-eabi-gcc -Wall -O0 -g3 -c -fmessage-length=0 -MT"src/platform.o" -I../../reading_TRNG_data_bsp/ps7_cortexa9_0/include -MMD -MP -MF"src/platform.d" -MT"src/platform.d" -o "src/platform.o" "../src/platform.c"
Finished building: ../src/platform.c
 
Building target: reading_TRNG_data.elf
Invoking: ARM gcc linker
arm-xilinx-eabi-gcc -Wl,-T -Wl,../src/lscript.ld -L../../reading_TRNG_data_bsp/ps7_cortexa9_0/lib -o "reading_TRNG_data.elf"  ./src/helloworld.o ./src/platform.o   -Wl,--start-group,-lxil,-lgcc,-lc,--end-group
Finished building target: reading_TRNG_data.elf
 
Invoking: ARM Print Size
arm-xilinx-eabi-size reading_TRNG_data.elf  |tee "reading_TRNG_data.elf.size"
   text	   data	    bss	    dec	    hex	filename
  25336	   1168	  22564	  49068	   bfac	reading_TRNG_data.elf
Finished building: reading_TRNG_data.elf.size
 
18:24:19 **** Auto Build of configuration Debug for project reading_TRNG_data ****
make all 
Building file: ../src/helloworld.c
Invoking: ARM gcc compiler
arm-xilinx-eabi-gcc -Wall -O0 -g3 -c -fmessage-length=0 -MT"src/helloworld.o" -I../../reading_TRNG_data_bsp/ps7_cortexa9_0/include -MMD -MP -MF"src/helloworld.d" -MT"src/helloworld.d" -o "src/helloworld.o" "../src/helloworld.c"
In file included from ../src/helloworld.c:52:0:
../../reading_TRNG_data_bsp/ps7_cortexa9_0/include/xbasic_types.h:115:2: warning: #warning The xbasics_type.h file is deprecated and users should use xil_types.h and xil_assert. [-Wcpp]
 #warning  The xbasics_type.h file is deprecated and users should use xil_types.h and xil_assert.
  ^
../../reading_TRNG_data_bsp/ps7_cortexa9_0/include/xbasic_types.h:116:2: warning: #warning Please refer the Standalone BSP UG647 for further details [-Wcpp]
 #warning  Please refer the Standalone BSP UG647 for further details
  ^
../src/helloworld.c:62:21: warning: initialization makes pointer from integer without a cast [enabled by default]
 u16* bram_address = 0x40000000;
                     ^
../src/helloworld.c:67:26: error: unknown type name 'XScuGic'
 int SetupInterruptSystem(XScuGic *XScuGicInstancePtr)
                          ^
../src/helloworld.c: In function 'intialize_interrupt_system':
../src/helloworld.c:78:2: error: 'GicConfig' undeclared (first use in this function)
  GicConfig = XScuGic_LookupConfig(device_id);
  ^
../src/helloworld.c:78:2: note: each undeclared identifier is reported only once for each function it appears in
../src/helloworld.c:78:2: warning: implicit declaration of function 'XScuGic_LookupConfig' [-Wimplicit-function-declaration]
../src/helloworld.c:80:10: error: 'XST_FAILURE' undeclared (first use in this function)
   return XST_FAILURE;
          ^
../src/helloworld.c:82:2: warning: implicit declaration of function 'XScuGic_CfgInitialize' [-Wimplicit-function-declaration]
  status = XScuGic_CfgInitialize( &InterruptController ,GicConfig,GicConfig->CpuBaseAddress);
  ^
../src/helloworld.c:82:35: error: 'InterruptController' undeclared (first use in this function)
  status = XScuGic_CfgInitialize( &InterruptController ,GicConfig,GicConfig->CpuBaseAddress);
                                   ^
../src/helloworld.c:83:16: error: 'XST_SUCCESS' undeclared (first use in this function)
  if (status != XST_SUCCESS)
                ^
../src/helloworld.c:86:2: warning: implicit declaration of function 'SetupInterruptSystem' [-Wimplicit-function-declaration]
  status = SetupInterruptSystem (&InterruptController );
  ^
../src/helloworld.c:90:2: warning: implicit declaration of function 'XScuGic_Connect' [-Wimplicit-function-declaration]
  status =XScuGic_Connect (&InterruptController , XPAR_FABRIC_AXI_DMA_0_S2MM_INTROUT_INTR ,
  ^
../src/helloworld.c:90:50: error: 'XPAR_FABRIC_AXI_DMA_0_S2MM_INTROUT_INTR' undeclared (first use in this function)
  status =XScuGic_Connect (&InterruptController , XPAR_FABRIC_AXI_DMA_0_S2MM_INTROUT_INTR ,
                                                  ^
../src/helloworld.c:91:5: error: 'Xil_ExceptionHandler' undeclared (first use in this function)
    (Xil_ExceptionHandler) InterruptHandler,NULL);
     ^
../src/helloworld.c:91:27: error: expected ')' before 'InterruptHandler'
    (Xil_ExceptionHandler) InterruptHandler,NULL);
                           ^
../src/helloworld.c:96:2: warning: implicit declaration of function 'XScuGic_Enable' [-Wimplicit-function-declaration]
  XScuGic_Enable ( &InterruptController ,XPAR_FABRIC_AXI_DMA_0_S2MM_INTROUT_INTR);
  ^
../src/helloworld.c: In function 'read_bram':
../src/helloworld.c:112:4: warning: implicit declaration of function 'xil_printf' [-Wimplicit-function-declaration]
    xil_printf("%d \n",value); 
    ^
../src/helloworld.c: In function 'intialize_interrupt_system':
../src/helloworld.c:100:1: warning: control reaches end of non-void function [-Wreturn-type]
 }
 ^
make: *** [src/helloworld.o] Error 1
18:24:41 **** Auto Build of configuration Debug for project reading_TRNG_data ****
make all 
Building file: ../src/helloworld.c
Invoking: ARM gcc compiler
arm-xilinx-eabi-gcc -Wall -O0 -g3 -c -fmessage-length=0 -MT"src/helloworld.o" -I../../reading_TRNG_data_bsp/ps7_cortexa9_0/include -MMD -MP -MF"src/helloworld.d" -MT"src/helloworld.d" -o "src/helloworld.o" "../src/helloworld.c"
In file included from ../src/helloworld.c:52:0:
../../reading_TRNG_data_bsp/ps7_cortexa9_0/include/xbasic_types.h:115:2: warning: #warning The xbasics_type.h file is deprecated and users should use xil_types.h and xil_assert. [-Wcpp]
 #warning  The xbasics_type.h file is deprecated and users should use xil_types.h and xil_assert.
  ^
../../reading_TRNG_data_bsp/ps7_cortexa9_0/include/xbasic_types.h:116:2: warning: #warning Please refer the Standalone BSP UG647 for further details [-Wcpp]
 #warning  Please refer the Standalone BSP UG647 for further details
  ^
../src/helloworld.c:62:21: warning: initialization makes pointer from integer without a cast [enabled by default]
 u16* bram_address = 0x40000000;
                     ^
../src/helloworld.c:63:1: error: unknown type name 'XScuGic'
 XScuGic InterruptController ;
 ^
../src/helloworld.c:65:1: error: unknown type name 'XScuGic_Config'
 static XScuGic_Config *GicConfig;
 ^
../src/helloworld.c:70:26: error: unknown type name 'XScuGic'
 int SetupInterruptSystem(XScuGic *XScuGicInstancePtr)
                          ^
../src/helloworld.c: In function 'intialize_interrupt_system':
../src/helloworld.c:81:2: warning: implicit declaration of function 'XScuGic_LookupConfig' [-Wimplicit-function-declaration]
  GicConfig = XScuGic_LookupConfig(device_id);
  ^
../src/helloworld.c:81:12: warning: assignment makes pointer from integer without a cast [enabled by default]
  GicConfig = XScuGic_LookupConfig(device_id);
            ^
../src/helloworld.c:83:10: error: 'XST_FAILURE' undeclared (first use in this function)
   return XST_FAILURE;
          ^
../src/helloworld.c:83:10: note: each undeclared identifier is reported only once for each function it appears in
../src/helloworld.c:85:2: warning: implicit declaration of function 'XScuGic_CfgInitialize' [-Wimplicit-function-declaration]
  status = XScuGic_CfgInitialize( &InterruptController ,GicConfig,GicConfig->CpuBaseAddress);
  ^
../src/helloworld.c:85:75: error: request for member 'CpuBaseAddress' in something not a structure or union
  status = XScuGic_CfgInitialize( &InterruptController ,GicConfig,GicConfig->CpuBaseAddress);
                                                                           ^
../src/helloworld.c:86:16: error: 'XST_SUCCESS' undeclared (first use in this function)
  if (status != XST_SUCCESS)
                ^
../src/helloworld.c:89:2: warning: implicit declaration of function 'SetupInterruptSystem' [-Wimplicit-function-declaration]
  status = SetupInterruptSystem (&InterruptController );
  ^
../src/helloworld.c:93:2: warning: implicit declaration of function 'XScuGic_Connect' [-Wimplicit-function-declaration]
  status =XScuGic_Connect (&InterruptController , XPAR_FABRIC_AXI_DMA_0_S2MM_INTROUT_INTR ,
  ^
../src/helloworld.c:93:50: error: 'XPAR_FABRIC_AXI_DMA_0_S2MM_INTROUT_INTR' undeclared (first use in this function)
  status =XScuGic_Connect (&InterruptController , XPAR_FABRIC_AXI_DMA_0_S2MM_INTROUT_INTR ,
                                                  ^
../src/helloworld.c:94:5: error: 'Xil_ExceptionHandler' undeclared (first use in this function)
    (Xil_ExceptionHandler) InterruptHandler,NULL);
     ^
../src/helloworld.c:94:27: error: expected ')' before 'InterruptHandler'
    (Xil_ExceptionHandler) InterruptHandler,NULL);
                           ^
../src/helloworld.c:99:2: warning: implicit declaration of function 'XScuGic_Enable' [-Wimplicit-function-declaration]
  XScuGic_Enable ( &InterruptController ,XPAR_FABRIC_AXI_DMA_0_S2MM_INTROUT_INTR);
  ^
../src/helloworld.c: In function 'read_bram':
../src/helloworld.c:115:4: warning: implicit declaration of function 'xil_printf' [-Wimplicit-function-declaration]
    xil_printf("%d \n",value); 
    ^
../src/helloworld.c: In function 'intialize_interrupt_system':
../src/helloworld.c:103:1: warning: control reaches end of non-void function [-Wreturn-type]
 }
 ^
make: *** [src/helloworld.o] Error 1
18:24:59 **** Auto Build of configuration Debug for project reading_TRNG_data ****
make all 
Building file: ../src/helloworld.c
Invoking: ARM gcc compiler
arm-xilinx-eabi-gcc -Wall -O0 -g3 -c -fmessage-length=0 -MT"src/helloworld.o" -I../../reading_TRNG_data_bsp/ps7_cortexa9_0/include -MMD -MP -MF"src/helloworld.d" -MT"src/helloworld.d" -o "src/helloworld.o" "../src/helloworld.c"
In file included from ../src/helloworld.c:52:0:
../../reading_TRNG_data_bsp/ps7_cortexa9_0/include/xbasic_types.h:115:2: warning: #warning The xbasics_type.h file is deprecated and users should use xil_types.h and xil_assert. [-Wcpp]
 #warning  The xbasics_type.h file is deprecated and users should use xil_types.h and xil_assert.
  ^
../../reading_TRNG_data_bsp/ps7_cortexa9_0/include/xbasic_types.h:116:2: warning: #warning Please refer the Standalone BSP UG647 for further details [-Wcpp]
 #warning  Please refer the Standalone BSP UG647 for further details
  ^
../src/helloworld.c:56:6: error: conflicting types for 'print'
 void print(char *str);
      ^
In file included from ../../reading_TRNG_data_bsp/ps7_cortexa9_0/include/xil_io.h:65:0,
                 from ../../reading_TRNG_data_bsp/ps7_cortexa9_0/include/xscugic.h:151,
                 from ../src/helloworld.c:54:
../../reading_TRNG_data_bsp/ps7_cortexa9_0/include/xil_printf.h:39:6: note: previous declaration of 'print' was here
 void print( const char *ptr);
      ^
../src/helloworld.c:63:21: warning: initialization makes pointer from integer without a cast [enabled by default]
 u16* bram_address = 0x40000000;
                     ^
../src/helloworld.c: In function 'intialize_interrupt_system':
../src/helloworld.c:94:50: error: 'XPAR_FABRIC_AXI_DMA_0_S2MM_INTROUT_INTR' undeclared (first use in this function)
  status =XScuGic_Connect (&InterruptController , XPAR_FABRIC_AXI_DMA_0_S2MM_INTROUT_INTR ,
                                                  ^
../src/helloworld.c:94:50: note: each undeclared identifier is reported only once for each function it appears in
../src/helloworld.c:95:27: error: 'InterruptHandler' undeclared (first use in this function)
    (Xil_ExceptionHandler) InterruptHandler,NULL);
                           ^
make: *** [src/helloworld.o] Error 1
18:27:22 **** Auto Build of configuration Debug for project reading_TRNG_data ****
make all 
Building file: ../src/helloworld.c
Invoking: ARM gcc compiler
arm-xilinx-eabi-gcc -Wall -O0 -g3 -c -fmessage-length=0 -MT"src/helloworld.o" -I../../reading_TRNG_data_bsp/ps7_cortexa9_0/include -MMD -MP -MF"src/helloworld.d" -MT"src/helloworld.d" -o "src/helloworld.o" "../src/helloworld.c"
In file included from ../src/helloworld.c:52:0:
../../reading_TRNG_data_bsp/ps7_cortexa9_0/include/xbasic_types.h:115:2: warning: #warning The xbasics_type.h file is deprecated and users should use xil_types.h and xil_assert. [-Wcpp]
 #warning  The xbasics_type.h file is deprecated and users should use xil_types.h and xil_assert.
  ^
../../reading_TRNG_data_bsp/ps7_cortexa9_0/include/xbasic_types.h:116:2: warning: #warning Please refer the Standalone BSP UG647 for further details [-Wcpp]
 #warning  Please refer the Standalone BSP UG647 for further details
  ^
../src/helloworld.c:56:6: error: conflicting types for 'print'
 void print(char *str);
      ^
In file included from ../../reading_TRNG_data_bsp/ps7_cortexa9_0/include/xil_io.h:65:0,
                 from ../../reading_TRNG_data_bsp/ps7_cortexa9_0/include/xscugic.h:151,
                 from ../src/helloworld.c:54:
../../reading_TRNG_data_bsp/ps7_cortexa9_0/include/xil_printf.h:39:6: note: previous declaration of 'print' was here
 void print( const char *ptr);
      ^
../src/helloworld.c:63:21: warning: initialization makes pointer from integer without a cast [enabled by default]
 u16* bram_address = 0x40000000;
                     ^
../src/helloworld.c: In function 'intialize_interrupt_system':
../src/helloworld.c:95:27: error: 'InterruptHandler' undeclared (first use in this function)
    (Xil_ExceptionHandler) InterruptHandler,NULL);
                           ^
../src/helloworld.c:95:27: note: each undeclared identifier is reported only once for each function it appears in
make: *** [src/helloworld.o] Error 1
18:29:11 **** Auto Build of configuration Debug for project reading_TRNG_data ****
make all 
Building file: ../src/helloworld.c
Invoking: ARM gcc compiler
arm-xilinx-eabi-gcc -Wall -O0 -g3 -c -fmessage-length=0 -MT"src/helloworld.o" -I../../reading_TRNG_data_bsp/ps7_cortexa9_0/include -MMD -MP -MF"src/helloworld.d" -MT"src/helloworld.d" -o "src/helloworld.o" "../src/helloworld.c"
In file included from ../src/helloworld.c:52:0:
../../reading_TRNG_data_bsp/ps7_cortexa9_0/include/xbasic_types.h:115:2: warning: #warning The xbasics_type.h file is deprecated and users should use xil_types.h and xil_assert. [-Wcpp]
 #warning  The xbasics_type.h file is deprecated and users should use xil_types.h and xil_assert.
  ^
../../reading_TRNG_data_bsp/ps7_cortexa9_0/include/xbasic_types.h:116:2: warning: #warning Please refer the Standalone BSP UG647 for further details [-Wcpp]
 #warning  Please refer the Standalone BSP UG647 for further details
  ^
../src/helloworld.c:56:6: error: conflicting types for 'print'
 void print(char *str);
      ^
In file included from ../../reading_TRNG_data_bsp/ps7_cortexa9_0/include/xil_io.h:65:0,
                 from ../../reading_TRNG_data_bsp/ps7_cortexa9_0/include/xscugic.h:151,
                 from ../src/helloworld.c:54:
../../reading_TRNG_data_bsp/ps7_cortexa9_0/include/xil_printf.h:39:6: note: previous declaration of 'print' was here
 void print( const char *ptr);
      ^
../src/helloworld.c:63:21: warning: initialization makes pointer from integer without a cast [enabled by default]
 u16* bram_address = 0x40000000;
                     ^
make: *** [src/helloworld.o] Error 1
18:29:48 **** Auto Build of configuration Debug for project reading_TRNG_data ****
make all 
Building file: ../src/helloworld.c
Invoking: ARM gcc compiler
arm-xilinx-eabi-gcc -Wall -O0 -g3 -c -fmessage-length=0 -MT"src/helloworld.o" -I../../reading_TRNG_data_bsp/ps7_cortexa9_0/include -MMD -MP -MF"src/helloworld.d" -MT"src/helloworld.d" -o "src/helloworld.o" "../src/helloworld.c"
In file included from ../src/helloworld.c:52:0:
../../reading_TRNG_data_bsp/ps7_cortexa9_0/include/xbasic_types.h:115:2: warning: #warning The xbasics_type.h file is deprecated and users should use xil_types.h and xil_assert. [-Wcpp]
 #warning  The xbasics_type.h file is deprecated and users should use xil_types.h and xil_assert.
  ^
../../reading_TRNG_data_bsp/ps7_cortexa9_0/include/xbasic_types.h:116:2: warning: #warning Please refer the Standalone BSP UG647 for further details [-Wcpp]
 #warning  Please refer the Standalone BSP UG647 for further details
  ^
../src/helloworld.c:63:21: warning: initialization makes pointer from integer without a cast [enabled by default]
 u16* bram_address = 0x40000000;
                     ^
Finished building: ../src/helloworld.c
 
Building target: reading_TRNG_data.elf
Invoking: ARM gcc linker
arm-xilinx-eabi-gcc -Wl,-T -Wl,../src/lscript.ld -L../../reading_TRNG_data_bsp/ps7_cortexa9_0/lib -o "reading_TRNG_data.elf"  ./src/helloworld.o ./src/platform.o   -Wl,--start-group,-lxil,-lgcc,-lc,--end-group
Finished building target: reading_TRNG_data.elf
 
Invoking: ARM Print Size
arm-xilinx-eabi-size reading_TRNG_data.elf  |tee "reading_TRNG_data.elf.size"
   text	   data	    bss	    dec	    hex	filename
  28180	   1944	  22580	  52704	   cde0	reading_TRNG_data.elf
Finished building: reading_TRNG_data.elf.size
 
18:30:27 **** Auto Build of configuration Debug for project reading_TRNG_data ****
make all 
Building file: ../src/helloworld.c
Invoking: ARM gcc compiler
arm-xilinx-eabi-gcc -Wall -O0 -g3 -c -fmessage-length=0 -MT"src/helloworld.o" -I../../reading_TRNG_data_bsp/ps7_cortexa9_0/include -MMD -MP -MF"src/helloworld.d" -MT"src/helloworld.d" -o "src/helloworld.o" "../src/helloworld.c"
In file included from ../src/helloworld.c:52:0:
../../reading_TRNG_data_bsp/ps7_cortexa9_0/include/xbasic_types.h:115:2: warning: #warning The xbasics_type.h file is deprecated and users should use xil_types.h and xil_assert. [-Wcpp]
 #warning  The xbasics_type.h file is deprecated and users should use xil_types.h and xil_assert.
  ^
../../reading_TRNG_data_bsp/ps7_cortexa9_0/include/xbasic_types.h:116:2: warning: #warning Please refer the Standalone BSP UG647 for further details [-Wcpp]
 #warning  Please refer the Standalone BSP UG647 for further details
  ^
../src/helloworld.c:63:21: warning: initialization makes pointer from integer without a cast [enabled by default]
 u16* bram_address = 0x40000000;
                     ^
Finished building: ../src/helloworld.c
 
Building target: reading_TRNG_data.elf
Invoking: ARM gcc linker
arm-xilinx-eabi-gcc -Wl,-T -Wl,../src/lscript.ld -L../../reading_TRNG_data_bsp/ps7_cortexa9_0/lib -o "reading_TRNG_data.elf"  ./src/helloworld.o ./src/platform.o   -Wl,--start-group,-lxil,-lgcc,-lc,--end-group
Finished building target: reading_TRNG_data.elf
 
Invoking: ARM Print Size
arm-xilinx-eabi-size reading_TRNG_data.elf  |tee "reading_TRNG_data.elf.size"
   text	   data	    bss	    dec	    hex	filename
  28204	   1944	  22580	  52728	   cdf8	reading_TRNG_data.elf
Finished building: reading_TRNG_data.elf.size
 
18:34:52 **** Incremental Build of configuration Debug for project reading_TRNG_data ****
make all 
make: Nothing to be done for `all'.
18:34:52 **** Incremental Build of configuration Debug for project trial_figaro ****
make all 
make: Nothing to be done for `all'.
18:35:26 **** Incremental Build of configuration Debug for project reading_TRNG_data ****
make all 
make: Nothing to be done for `all'.
18:35:26 **** Incremental Build of configuration Debug for project trial_figaro ****
make all 
make: Nothing to be done for `all'.
18:36:46 **** Incremental Build of configuration Debug for project reading_TRNG_data ****
make all 
make: Nothing to be done for `all'.
18:36:46 **** Incremental Build of configuration Debug for project trial_figaro ****
make all 
make: Nothing to be done for `all'.
19:39:11 **** Auto Build of configuration Debug for project reading_TRNG_data ****
make all 
Building file: ../src/helloworld.c
Invoking: ARM gcc compiler
arm-xilinx-eabi-gcc -Wall -O0 -g3 -c -fmessage-length=0 -MT"src/helloworld.o" -I../../reading_TRNG_data_bsp/ps7_cortexa9_0/include -MMD -MP -MF"src/helloworld.d" -MT"src/helloworld.d" -o "src/helloworld.o" "../src/helloworld.c"
In file included from ../src/helloworld.c:54:0:
../../reading_TRNG_data_bsp/ps7_cortexa9_0/include/xbasic_types.h:115:2: warning: #warning The xbasics_type.h file is deprecated and users should use xil_types.h and xil_assert. [-Wcpp]
 #warning  The xbasics_type.h file is deprecated and users should use xil_types.h and xil_assert.
  ^
../../reading_TRNG_data_bsp/ps7_cortexa9_0/include/xbasic_types.h:116:2: warning: #warning Please refer the Standalone BSP UG647 for further details [-Wcpp]
 #warning  Please refer the Standalone BSP UG647 for further details
  ^
../src/helloworld.c:65:21: warning: initialization makes pointer from integer without a cast [enabled by default]
 u16* bram_address = 0x40000000;
                     ^
../src/helloworld.c: In function 'intialize_interrupt_system':
../src/helloworld.c:122:22: error: 'Gpio' undeclared (first use in this function)
  XGpioPs_SetIntrType(Gpio, INPUT_BANK, 0x00, 0x00, 0x00);
                      ^
../src/helloworld.c:122:22: note: each undeclared identifier is reported only once for each function it appears in
../src/helloworld.c:122:28: error: 'INPUT_BANK' undeclared (first use in this function)
  XGpioPs_SetIntrType(Gpio, INPUT_BANK, 0x00, 0x00, 0x00);
                            ^
../src/helloworld.c:127:49: error: 'IntrHandler' undeclared (first use in this function)
  XGpioPs_SetCallbackHandler(Gpio, (void *)Gpio, IntrHandler);
                                                 ^
make: *** [src/helloworld.o] Error 1
20:32:04 **** Auto Build of configuration Debug for project reading_TRNG_data ****
make all 
Building file: ../src/helloworld.c
Invoking: ARM gcc compiler
arm-xilinx-eabi-gcc -Wall -O0 -g3 -c -fmessage-length=0 -MT"src/helloworld.o" -I../../reading_TRNG_data_bsp/ps7_cortexa9_0/include -MMD -MP -MF"src/helloworld.d" -MT"src/helloworld.d" -o "src/helloworld.o" "../src/helloworld.c"
In file included from ../src/helloworld.c:54:0:
../../reading_TRNG_data_bsp/ps7_cortexa9_0/include/xbasic_types.h:115:2: warning: #warning The xbasics_type.h file is deprecated and users should use xil_types.h and xil_assert. [-Wcpp]
 #warning  The xbasics_type.h file is deprecated and users should use xil_types.h and xil_assert.
  ^
../../reading_TRNG_data_bsp/ps7_cortexa9_0/include/xbasic_types.h:116:2: warning: #warning Please refer the Standalone BSP UG647 for further details [-Wcpp]
 #warning  Please refer the Standalone BSP UG647 for further details
  ^
../src/helloworld.c:65:21: warning: initialization makes pointer from integer without a cast [enabled by default]
 u16* bram_address = 0x40000000;
                     ^
../src/helloworld.c: In function 'intialize_interrupt_system':
../src/helloworld.c:115:52: error: 'Gpio' undeclared (first use in this function)
    (Xil_ExceptionHandler) InterruptHandler,(void *)Gpio);
                                                    ^
../src/helloworld.c:115:52: note: each undeclared identifier is reported only once for each function it appears in
../src/helloworld.c:127:2: warning: passing argument 3 of 'XGpioPs_SetCallbackHandler' from incompatible pointer type [enabled by default]
  XGpioPs_SetCallbackHandler(Gpio, (void *)Gpio, InterruptHandler);
  ^
In file included from ../src/helloworld.c:50:0:
../../reading_TRNG_data_bsp/ps7_cortexa9_0/include/xgpiops.h:232:6: note: expected 'XGpioPs_Handler' but argument is of type 'void (*)(void)'
 void XGpioPs_SetCallbackHandler(XGpioPs *InstancePtr, void *CallBackRef,
      ^
../src/helloworld.c: In function 'main':
../src/helloworld.c:158:2: warning: implicit declaration of function 'GpioIntrExample' [-Wimplicit-function-declaration]
  Status = GpioIntrExample(&Intc, &Gpio, GPIO_DEVICE_ID,
  ^
../src/helloworld.c:158:28: error: 'Intc' undeclared (first use in this function)
  Status = GpioIntrExample(&Intc, &Gpio, GPIO_DEVICE_ID,
                            ^
../src/helloworld.c:158:41: error: 'GPIO_DEVICE_ID' undeclared (first use in this function)
  Status = GpioIntrExample(&Intc, &Gpio, GPIO_DEVICE_ID,
                                         ^
../src/helloworld.c:159:6: error: 'GPIO_INTERRUPT_ID' undeclared (first use in this function)
      GPIO_INTERRUPT_ID);
      ^
../src/helloworld.c:150:9: warning: variable 'Status' set but not used [-Wunused-but-set-variable]
     int Status;
         ^
make: *** [src/helloworld.o] Error 1
20:32:58 **** Auto Build of configuration Debug for project reading_TRNG_data ****
make all 
Building file: ../src/helloworld.c
Invoking: ARM gcc compiler
arm-xilinx-eabi-gcc -Wall -O0 -g3 -c -fmessage-length=0 -MT"src/helloworld.o" -I../../reading_TRNG_data_bsp/ps7_cortexa9_0/include -MMD -MP -MF"src/helloworld.d" -MT"src/helloworld.d" -o "src/helloworld.o" "../src/helloworld.c"
In file included from ../src/helloworld.c:54:0:
../../reading_TRNG_data_bsp/ps7_cortexa9_0/include/xbasic_types.h:115:2: warning: #warning The xbasics_type.h file is deprecated and users should use xil_types.h and xil_assert. [-Wcpp]
 #warning  The xbasics_type.h file is deprecated and users should use xil_types.h and xil_assert.
  ^
../../reading_TRNG_data_bsp/ps7_cortexa9_0/include/xbasic_types.h:116:2: warning: #warning Please refer the Standalone BSP UG647 for further details [-Wcpp]
 #warning  Please refer the Standalone BSP UG647 for further details
  ^
../src/helloworld.c:65:21: warning: initialization makes pointer from integer without a cast [enabled by default]
 u16* bram_address = 0x40000000;
                     ^
../src/helloworld.c: In function 'intialize_interrupt_system':
../src/helloworld.c:115:52: error: 'Gpio' undeclared (first use in this function)
    (Xil_ExceptionHandler) InterruptHandler,(void *)Gpio);
                                                    ^
../src/helloworld.c:115:52: note: each undeclared identifier is reported only once for each function it appears in
../src/helloworld.c:127:2: warning: passing argument 3 of 'XGpioPs_SetCallbackHandler' from incompatible pointer type [enabled by default]
  XGpioPs_SetCallbackHandler(Gpio, (void *)Gpio, InterruptHandler);
  ^
In file included from ../src/helloworld.c:50:0:
../../reading_TRNG_data_bsp/ps7_cortexa9_0/include/xgpiops.h:232:6: note: expected 'XGpioPs_Handler' but argument is of type 'void (*)(void *)'
 void XGpioPs_SetCallbackHandler(XGpioPs *InstancePtr, void *CallBackRef,
      ^
../src/helloworld.c: In function 'main':
../src/helloworld.c:158:2: warning: implicit declaration of function 'GpioIntrExample' [-Wimplicit-function-declaration]
  Status = GpioIntrExample(&Intc, &Gpio, GPIO_DEVICE_ID,
  ^
../src/helloworld.c:158:28: error: 'Intc' undeclared (first use in this function)
  Status = GpioIntrExample(&Intc, &Gpio, GPIO_DEVICE_ID,
                            ^
../src/helloworld.c:158:41: error: 'GPIO_DEVICE_ID' undeclared (first use in this function)
  Status = GpioIntrExample(&Intc, &Gpio, GPIO_DEVICE_ID,
                                         ^
../src/helloworld.c:159:6: error: 'GPIO_INTERRUPT_ID' undeclared (first use in this function)
      GPIO_INTERRUPT_ID);
      ^
../src/helloworld.c:150:9: warning: variable 'Status' set but not used [-Wunused-but-set-variable]
     int Status;
         ^
make: *** [src/helloworld.o] Error 1
20:33:22 **** Auto Build of configuration Debug for project reading_TRNG_data ****
make all 
Building file: ../src/helloworld.c
Invoking: ARM gcc compiler
arm-xilinx-eabi-gcc -Wall -O0 -g3 -c -fmessage-length=0 -MT"src/helloworld.o" -I../../reading_TRNG_data_bsp/ps7_cortexa9_0/include -MMD -MP -MF"src/helloworld.d" -MT"src/helloworld.d" -o "src/helloworld.o" "../src/helloworld.c"
In file included from ../src/helloworld.c:54:0:
../../reading_TRNG_data_bsp/ps7_cortexa9_0/include/xbasic_types.h:115:2: warning: #warning The xbasics_type.h file is deprecated and users should use xil_types.h and xil_assert. [-Wcpp]
 #warning  The xbasics_type.h file is deprecated and users should use xil_types.h and xil_assert.
  ^
../../reading_TRNG_data_bsp/ps7_cortexa9_0/include/xbasic_types.h:116:2: warning: #warning Please refer the Standalone BSP UG647 for further details [-Wcpp]
 #warning  Please refer the Standalone BSP UG647 for further details
  ^
../src/helloworld.c:65:21: warning: initialization makes pointer from integer without a cast [enabled by default]
 u16* bram_address = 0x40000000;
                     ^
../src/helloworld.c: In function 'intialize_interrupt_system':
../src/helloworld.c:115:4: error: cannot convert to a pointer type
    (Xil_ExceptionHandler) InterruptHandler,(void *)Gpio);
    ^
../src/helloworld.c:122:2: error: incompatible type for argument 1 of 'XGpioPs_SetIntrType'
  XGpioPs_SetIntrType(Gpio, INPUT_BANK, 0x00, 0x00, 0x00);
  ^
In file included from ../src/helloworld.c:50:0:
../../reading_TRNG_data_bsp/ps7_cortexa9_0/include/xgpiops.h:228:6: note: expected 'struct XGpioPs *' but argument is of type 'XGpioPs'
 void XGpioPs_SetIntrType(XGpioPs *InstancePtr, u8 Bank, u32 IntrType,
      ^
../src/helloworld.c:127:2: error: cannot convert to a pointer type
  XGpioPs_SetCallbackHandler(Gpio, (void *)Gpio, InterruptHandler);
  ^
../src/helloworld.c:127:2: error: incompatible type for argument 1 of 'XGpioPs_SetCallbackHandler'
In file included from ../src/helloworld.c:50:0:
../../reading_TRNG_data_bsp/ps7_cortexa9_0/include/xgpiops.h:232:6: note: expected 'struct XGpioPs *' but argument is of type 'XGpioPs'
 void XGpioPs_SetCallbackHandler(XGpioPs *InstancePtr, void *CallBackRef,
      ^
../src/helloworld.c:127:2: warning: passing argument 3 of 'XGpioPs_SetCallbackHandler' from incompatible pointer type [enabled by default]
  XGpioPs_SetCallbackHandler(Gpio, (void *)Gpio, InterruptHandler);
  ^
In file included from ../src/helloworld.c:50:0:
../../reading_TRNG_data_bsp/ps7_cortexa9_0/include/xgpiops.h:232:6: note: expected 'XGpioPs_Handler' but argument is of type 'void (*)(void *)'
 void XGpioPs_SetCallbackHandler(XGpioPs *InstancePtr, void *CallBackRef,
      ^
../src/helloworld.c:133:2: error: incompatible type for argument 1 of 'XGpioPs_IntrEnable'
  XGpioPs_IntrEnable(Gpio, INPUT_BANK, 0xFFFFFFFF);
  ^
In file included from ../src/helloworld.c:50:0:
../../reading_TRNG_data_bsp/ps7_cortexa9_0/include/xgpiops.h:223:6: note: expected 'struct XGpioPs *' but argument is of type 'XGpioPs'
 void XGpioPs_IntrEnable(XGpioPs *InstancePtr, u8 Bank, u32 Mask);
      ^
../src/helloworld.c: In function 'main':
../src/helloworld.c:158:2: warning: implicit declaration of function 'GpioIntrExample' [-Wimplicit-function-declaration]
  Status = GpioIntrExample(&Intc, &Gpio, GPIO_DEVICE_ID,
  ^
../src/helloworld.c:158:28: error: 'Intc' undeclared (first use in this function)
  Status = GpioIntrExample(&Intc, &Gpio, GPIO_DEVICE_ID,
                            ^
../src/helloworld.c:158:28: note: each undeclared identifier is reported only once for each function it appears in
../src/helloworld.c:158:41: error: 'GPIO_DEVICE_ID' undeclared (first use in this function)
  Status = GpioIntrExample(&Intc, &Gpio, GPIO_DEVICE_ID,
                                         ^
../src/helloworld.c:159:6: error: 'GPIO_INTERRUPT_ID' undeclared (first use in this function)
      GPIO_INTERRUPT_ID);
      ^
../src/helloworld.c:150:9: warning: variable 'Status' set but not used [-Wunused-but-set-variable]
     int Status;
         ^
make: *** [src/helloworld.o] Error 1
20:35:42 **** Auto Build of configuration Debug for project reading_TRNG_data ****
make all 
Building file: ../src/helloworld.c
Invoking: ARM gcc compiler
arm-xilinx-eabi-gcc -Wall -O0 -g3 -c -fmessage-length=0 -MT"src/helloworld.o" -I../../reading_TRNG_data_bsp/ps7_cortexa9_0/include -MMD -MP -MF"src/helloworld.d" -MT"src/helloworld.d" -o "src/helloworld.o" "../src/helloworld.c"
In file included from ../src/helloworld.c:54:0:
../../reading_TRNG_data_bsp/ps7_cortexa9_0/include/xbasic_types.h:115:2: warning: #warning The xbasics_type.h file is deprecated and users should use xil_types.h and xil_assert. [-Wcpp]
 #warning  The xbasics_type.h file is deprecated and users should use xil_types.h and xil_assert.
  ^
../../reading_TRNG_data_bsp/ps7_cortexa9_0/include/xbasic_types.h:116:2: warning: #warning Please refer the Standalone BSP UG647 for further details [-Wcpp]
 #warning  Please refer the Standalone BSP UG647 for further details
  ^
../src/helloworld.c:65:21: warning: initialization makes pointer from integer without a cast [enabled by default]
 u16* bram_address = 0x40000000;
                     ^
../src/helloworld.c: In function 'intialize_interrupt_system':
../src/helloworld.c:127:2: warning: passing argument 3 of 'XGpioPs_SetCallbackHandler' from incompatible pointer type [enabled by default]
  XGpioPs_SetCallbackHandler(&Gpio, (void *)&Gpio, InterruptHandler);
  ^
In file included from ../src/helloworld.c:50:0:
../../reading_TRNG_data_bsp/ps7_cortexa9_0/include/xgpiops.h:232:6: note: expected 'XGpioPs_Handler' but argument is of type 'void (*)(void *)'
 void XGpioPs_SetCallbackHandler(XGpioPs *InstancePtr, void *CallBackRef,
      ^
../src/helloworld.c: In function 'main':
../src/helloworld.c:158:2: warning: implicit declaration of function 'GpioIntrExample' [-Wimplicit-function-declaration]
  Status = GpioIntrExample(&Intc, &Gpio, GPIO_DEVICE_ID,
  ^
../src/helloworld.c:158:28: error: 'Intc' undeclared (first use in this function)
  Status = GpioIntrExample(&Intc, &Gpio, GPIO_DEVICE_ID,
                            ^
../src/helloworld.c:158:28: note: each undeclared identifier is reported only once for each function it appears in
../src/helloworld.c:158:41: error: 'GPIO_DEVICE_ID' undeclared (first use in this function)
  Status = GpioIntrExample(&Intc, &Gpio, GPIO_DEVICE_ID,
                                         ^
../src/helloworld.c:159:6: error: 'GPIO_INTERRUPT_ID' undeclared (first use in this function)
      GPIO_INTERRUPT_ID);
      ^
../src/helloworld.c:150:9: warning: variable 'Status' set but not used [-Wunused-but-set-variable]
     int Status;
         ^
make: *** [src/helloworld.o] Error 1
20:35:54 **** Auto Build of configuration Debug for project reading_TRNG_data ****
make all 
Building file: ../src/helloworld.c
Invoking: ARM gcc compiler
arm-xilinx-eabi-gcc -Wall -O0 -g3 -c -fmessage-length=0 -MT"src/helloworld.o" -I../../reading_TRNG_data_bsp/ps7_cortexa9_0/include -MMD -MP -MF"src/helloworld.d" -MT"src/helloworld.d" -o "src/helloworld.o" "../src/helloworld.c"
In file included from ../src/helloworld.c:54:0:
../../reading_TRNG_data_bsp/ps7_cortexa9_0/include/xbasic_types.h:115:2: warning: #warning The xbasics_type.h file is deprecated and users should use xil_types.h and xil_assert. [-Wcpp]
 #warning  The xbasics_type.h file is deprecated and users should use xil_types.h and xil_assert.
  ^
../../reading_TRNG_data_bsp/ps7_cortexa9_0/include/xbasic_types.h:116:2: warning: #warning Please refer the Standalone BSP UG647 for further details [-Wcpp]
 #warning  Please refer the Standalone BSP UG647 for further details
  ^
../src/helloworld.c:65:21: warning: initialization makes pointer from integer without a cast [enabled by default]
 u16* bram_address = 0x40000000;
                     ^
../src/helloworld.c: In function 'intialize_interrupt_system':
../src/helloworld.c:127:2: warning: passing argument 3 of 'XGpioPs_SetCallbackHandler' from incompatible pointer type [enabled by default]
  XGpioPs_SetCallbackHandler(&Gpio, (void *)&Gpio, &InterruptHandler);
  ^
In file included from ../src/helloworld.c:50:0:
../../reading_TRNG_data_bsp/ps7_cortexa9_0/include/xgpiops.h:232:6: note: expected 'XGpioPs_Handler' but argument is of type 'void (*)(void *)'
 void XGpioPs_SetCallbackHandler(XGpioPs *InstancePtr, void *CallBackRef,
      ^
../src/helloworld.c: In function 'main':
../src/helloworld.c:158:2: warning: implicit declaration of function 'GpioIntrExample' [-Wimplicit-function-declaration]
  Status = GpioIntrExample(&Intc, &Gpio, GPIO_DEVICE_ID,
  ^
../src/helloworld.c:158:28: error: 'Intc' undeclared (first use in this function)
  Status = GpioIntrExample(&Intc, &Gpio, GPIO_DEVICE_ID,
                            ^
../src/helloworld.c:158:28: note: each undeclared identifier is reported only once for each function it appears in
../src/helloworld.c:158:41: error: 'GPIO_DEVICE_ID' undeclared (first use in this function)
  Status = GpioIntrExample(&Intc, &Gpio, GPIO_DEVICE_ID,
                                         ^
../src/helloworld.c:159:6: error: 'GPIO_INTERRUPT_ID' undeclared (first use in this function)
      GPIO_INTERRUPT_ID);
      ^
../src/helloworld.c:150:9: warning: variable 'Status' set but not used [-Wunused-but-set-variable]
     int Status;
         ^
make: *** [src/helloworld.o] Error 1
20:36:14 **** Auto Build of configuration Debug for project reading_TRNG_data ****
make all 
Building file: ../src/helloworld.c
Invoking: ARM gcc compiler
arm-xilinx-eabi-gcc -Wall -O0 -g3 -c -fmessage-length=0 -MT"src/helloworld.o" -I../../reading_TRNG_data_bsp/ps7_cortexa9_0/include -MMD -MP -MF"src/helloworld.d" -MT"src/helloworld.d" -o "src/helloworld.o" "../src/helloworld.c"
In file included from ../src/helloworld.c:54:0:
../../reading_TRNG_data_bsp/ps7_cortexa9_0/include/xbasic_types.h:115:2: warning: #warning The xbasics_type.h file is deprecated and users should use xil_types.h and xil_assert. [-Wcpp]
 #warning  The xbasics_type.h file is deprecated and users should use xil_types.h and xil_assert.
  ^
../../reading_TRNG_data_bsp/ps7_cortexa9_0/include/xbasic_types.h:116:2: warning: #warning Please refer the Standalone BSP UG647 for further details [-Wcpp]
 #warning  Please refer the Standalone BSP UG647 for further details
  ^
../src/helloworld.c:65:21: warning: initialization makes pointer from integer without a cast [enabled by default]
 u16* bram_address = 0x40000000;
                     ^
../src/helloworld.c: In function 'intialize_interrupt_system':
../src/helloworld.c:127:2: warning: passing argument 3 of 'XGpioPs_SetCallbackHandler' from incompatible pointer type [enabled by default]
  XGpioPs_SetCallbackHandler(&Gpio, (void *)&Gpio, &InterruptHandler);
  ^
In file included from ../src/helloworld.c:50:0:
../../reading_TRNG_data_bsp/ps7_cortexa9_0/include/xgpiops.h:232:6: note: expected 'XGpioPs_Handler' but argument is of type 'void (*)(void *)'
 void XGpioPs_SetCallbackHandler(XGpioPs *InstancePtr, void *CallBackRef,
      ^
../src/helloworld.c: In function 'main':
../src/helloworld.c:150:9: warning: unused variable 'Status' [-Wunused-variable]
     int Status;
         ^
Finished building: ../src/helloworld.c
 
Building target: reading_TRNG_data.elf
Invoking: ARM gcc linker
arm-xilinx-eabi-gcc -Wl,-T -Wl,../src/lscript.ld -L../../reading_TRNG_data_bsp/ps7_cortexa9_0/lib -o "reading_TRNG_data.elf"  ./src/helloworld.o ./src/platform.o   -Wl,--start-group,-lxil,-lgcc,-lc,--end-group
Finished building target: reading_TRNG_data.elf
 
Invoking: ARM Print Size
arm-xilinx-eabi-size reading_TRNG_data.elf  |tee "reading_TRNG_data.elf.size"
   text	   data	    bss	    dec	    hex	filename
  35304	   1960	  22612	  59876	   e9e4	reading_TRNG_data.elf
Finished building: reading_TRNG_data.elf.size
 
20:36:45 **** Auto Build of configuration Debug for project reading_TRNG_data ****
make all 
Building file: ../src/helloworld.c
Invoking: ARM gcc compiler
arm-xilinx-eabi-gcc -Wall -O0 -g3 -c -fmessage-length=0 -MT"src/helloworld.o" -I../../reading_TRNG_data_bsp/ps7_cortexa9_0/include -MMD -MP -MF"src/helloworld.d" -MT"src/helloworld.d" -o "src/helloworld.o" "../src/helloworld.c"
In file included from ../src/helloworld.c:54:0:
../../reading_TRNG_data_bsp/ps7_cortexa9_0/include/xbasic_types.h:115:2: warning: #warning The xbasics_type.h file is deprecated and users should use xil_types.h and xil_assert. [-Wcpp]
 #warning  The xbasics_type.h file is deprecated and users should use xil_types.h and xil_assert.
  ^
../../reading_TRNG_data_bsp/ps7_cortexa9_0/include/xbasic_types.h:116:2: warning: #warning Please refer the Standalone BSP UG647 for further details [-Wcpp]
 #warning  Please refer the Standalone BSP UG647 for further details
  ^
../src/helloworld.c:65:21: warning: initialization makes pointer from integer without a cast [enabled by default]
 u16* bram_address = 0x40000000;
                     ^
../src/helloworld.c: In function 'intialize_interrupt_system':
../src/helloworld.c:127:2: warning: passing argument 3 of 'XGpioPs_SetCallbackHandler' from incompatible pointer type [enabled by default]
  XGpioPs_SetCallbackHandler(&Gpio, (void *)&Gpio, InterruptHandler);
  ^
In file included from ../src/helloworld.c:50:0:
../../reading_TRNG_data_bsp/ps7_cortexa9_0/include/xgpiops.h:232:6: note: expected 'XGpioPs_Handler' but argument is of type 'void (*)(void *)'
 void XGpioPs_SetCallbackHandler(XGpioPs *InstancePtr, void *CallBackRef,
      ^
../src/helloworld.c: In function 'main':
../src/helloworld.c:150:9: warning: unused variable 'Status' [-Wunused-variable]
     int Status;
         ^
Finished building: ../src/helloworld.c
 
Building target: reading_TRNG_data.elf
Invoking: ARM gcc linker
arm-xilinx-eabi-gcc -Wl,-T -Wl,../src/lscript.ld -L../../reading_TRNG_data_bsp/ps7_cortexa9_0/lib -o "reading_TRNG_data.elf"  ./src/helloworld.o ./src/platform.o   -Wl,--start-group,-lxil,-lgcc,-lc,--end-group
Finished building target: reading_TRNG_data.elf
 
Invoking: ARM Print Size
arm-xilinx-eabi-size reading_TRNG_data.elf  |tee "reading_TRNG_data.elf.size"
   text	   data	    bss	    dec	    hex	filename
  35304	   1960	  22612	  59876	   e9e4	reading_TRNG_data.elf
Finished building: reading_TRNG_data.elf.size
 
20:37:52 **** Auto Build of configuration Debug for project reading_TRNG_data ****
make all 
Building file: ../src/helloworld.c
Invoking: ARM gcc compiler
arm-xilinx-eabi-gcc -Wall -O0 -g3 -c -fmessage-length=0 -MT"src/helloworld.o" -I../../reading_TRNG_data_bsp/ps7_cortexa9_0/include -MMD -MP -MF"src/helloworld.d" -MT"src/helloworld.d" -o "src/helloworld.o" "../src/helloworld.c"
In file included from ../src/helloworld.c:54:0:
../../reading_TRNG_data_bsp/ps7_cortexa9_0/include/xbasic_types.h:115:2: warning: #warning The xbasics_type.h file is deprecated and users should use xil_types.h and xil_assert. [-Wcpp]
 #warning  The xbasics_type.h file is deprecated and users should use xil_types.h and xil_assert.
  ^
../../reading_TRNG_data_bsp/ps7_cortexa9_0/include/xbasic_types.h:116:2: warning: #warning Please refer the Standalone BSP UG647 for further details [-Wcpp]
 #warning  Please refer the Standalone BSP UG647 for further details
  ^
../src/helloworld.c:65:21: warning: initialization makes pointer from integer without a cast [enabled by default]
 u16* bram_address = 0x40000000;
                     ^
../src/helloworld.c: In function 'intialize_interrupt_system':
../src/helloworld.c:127:2: warning: passing argument 3 of 'XGpioPs_SetCallbackHandler' from incompatible pointer type [enabled by default]
  XGpioPs_SetCallbackHandler(&Gpio, (void *)&Gpio, InterruptHandler);
  ^
In file included from ../src/helloworld.c:50:0:
../../reading_TRNG_data_bsp/ps7_cortexa9_0/include/xgpiops.h:232:6: note: expected 'XGpioPs_Handler' but argument is of type 'void (*)(void *)'
 void XGpioPs_SetCallbackHandler(XGpioPs *InstancePtr, void *CallBackRef,
      ^
../src/helloworld.c: In function 'main':
../src/helloworld.c:150:9: warning: unused variable 'Status' [-Wunused-variable]
     int Status;
         ^
Finished building: ../src/helloworld.c
 
Building target: reading_TRNG_data.elf
Invoking: ARM gcc linker
arm-xilinx-eabi-gcc -Wl,-T -Wl,../src/lscript.ld -L../../reading_TRNG_data_bsp/ps7_cortexa9_0/lib -o "reading_TRNG_data.elf"  ./src/helloworld.o ./src/platform.o   -Wl,--start-group,-lxil,-lgcc,-lc,--end-group
Finished building target: reading_TRNG_data.elf
 
Invoking: ARM Print Size
arm-xilinx-eabi-size reading_TRNG_data.elf  |tee "reading_TRNG_data.elf.size"
   text	   data	    bss	    dec	    hex	filename
  35304	   1960	  22612	  59876	   e9e4	reading_TRNG_data.elf
Finished building: reading_TRNG_data.elf.size
 
20:38:39 **** Auto Build of configuration Debug for project reading_TRNG_data ****
make all 
Building file: ../src/helloworld.c
Invoking: ARM gcc compiler
arm-xilinx-eabi-gcc -Wall -O0 -g3 -c -fmessage-length=0 -MT"src/helloworld.o" -I../../reading_TRNG_data_bsp/ps7_cortexa9_0/include -MMD -MP -MF"src/helloworld.d" -MT"src/helloworld.d" -o "src/helloworld.o" "../src/helloworld.c"
In file included from ../src/helloworld.c:54:0:
../../reading_TRNG_data_bsp/ps7_cortexa9_0/include/xbasic_types.h:115:2: warning: #warning The xbasics_type.h file is deprecated and users should use xil_types.h and xil_assert. [-Wcpp]
 #warning  The xbasics_type.h file is deprecated and users should use xil_types.h and xil_assert.
  ^
../../reading_TRNG_data_bsp/ps7_cortexa9_0/include/xbasic_types.h:116:2: warning: #warning Please refer the Standalone BSP UG647 for further details [-Wcpp]
 #warning  Please refer the Standalone BSP UG647 for further details
  ^
../src/helloworld.c:65:21: warning: initialization makes pointer from integer without a cast [enabled by default]
 u16* bram_address = 0x40000000;
                     ^
../src/helloworld.c: In function 'intialize_interrupt_system':
../src/helloworld.c:127:2: warning: passing argument 3 of 'XGpioPs_SetCallbackHandler' from incompatible pointer type [enabled by default]
  XGpioPs_SetCallbackHandler(&Gpio, (void *)&Gpio, InterruptHandler);
  ^
In file included from ../src/helloworld.c:50:0:
../../reading_TRNG_data_bsp/ps7_cortexa9_0/include/xgpiops.h:232:6: note: expected 'XGpioPs_Handler' but argument is of type 'void (*)(void *)'
 void XGpioPs_SetCallbackHandler(XGpioPs *InstancePtr, void *CallBackRef,
      ^
../src/helloworld.c: In function 'main':
../src/helloworld.c:150:9: warning: unused variable 'Status' [-Wunused-variable]
     int Status;
         ^
Finished building: ../src/helloworld.c
 
Building target: reading_TRNG_data.elf
Invoking: ARM gcc linker
arm-xilinx-eabi-gcc -Wl,-T -Wl,../src/lscript.ld -L../../reading_TRNG_data_bsp/ps7_cortexa9_0/lib -o "reading_TRNG_data.elf"  ./src/helloworld.o ./src/platform.o   -Wl,--start-group,-lxil,-lgcc,-lc,--end-group
Finished building target: reading_TRNG_data.elf
 
Invoking: ARM Print Size
arm-xilinx-eabi-size reading_TRNG_data.elf  |tee "reading_TRNG_data.elf.size"
   text	   data	    bss	    dec	    hex	filename
  35304	   1960	  22612	  59876	   e9e4	reading_TRNG_data.elf
Finished building: reading_TRNG_data.elf.size
 
20:40:20 **** Auto Build of configuration Debug for project reading_TRNG_data ****
make all 
Building file: ../src/helloworld.c
Invoking: ARM gcc compiler
arm-xilinx-eabi-gcc -Wall -O0 -g3 -c -fmessage-length=0 -MT"src/helloworld.o" -I../../reading_TRNG_data_bsp/ps7_cortexa9_0/include -MMD -MP -MF"src/helloworld.d" -MT"src/helloworld.d" -o "src/helloworld.o" "../src/helloworld.c"
In file included from ../src/helloworld.c:54:0:
../../reading_TRNG_data_bsp/ps7_cortexa9_0/include/xbasic_types.h:115:2: warning: #warning The xbasics_type.h file is deprecated and users should use xil_types.h and xil_assert. [-Wcpp]
 #warning  The xbasics_type.h file is deprecated and users should use xil_types.h and xil_assert.
  ^
../../reading_TRNG_data_bsp/ps7_cortexa9_0/include/xbasic_types.h:116:2: warning: #warning Please refer the Standalone BSP UG647 for further details [-Wcpp]
 #warning  Please refer the Standalone BSP UG647 for further details
  ^
../src/helloworld.c:65:21: warning: initialization makes pointer from integer without a cast [enabled by default]
 u16* bram_address = 0x40000000;
                     ^
../src/helloworld.c:86:13: error: conflicting types for 'InterruptHandler'
 static void InterruptHandler(void *CallBackRef)
             ^
../src/helloworld.c:73:13: note: previous declaration of 'InterruptHandler' was here
 static void InterruptHandler(void *CallBackRef,int Bank, u32 Status);
             ^
../src/helloworld.c: In function 'intialize_interrupt_system':
../src/helloworld.c:127:2: warning: passing argument 3 of 'XGpioPs_SetCallbackHandler' from incompatible pointer type [enabled by default]
  XGpioPs_SetCallbackHandler(&Gpio, (void *)&Gpio, InterruptHandler);
  ^
In file included from ../src/helloworld.c:50:0:
../../reading_TRNG_data_bsp/ps7_cortexa9_0/include/xgpiops.h:232:6: note: expected 'XGpioPs_Handler' but argument is of type 'void (*)(void *)'
 void XGpioPs_SetCallbackHandler(XGpioPs *InstancePtr, void *CallBackRef,
      ^
../src/helloworld.c: In function 'main':
../src/helloworld.c:150:9: warning: unused variable 'Status' [-Wunused-variable]
     int Status;
         ^
make: *** [src/helloworld.o] Error 1
20:40:33 **** Auto Build of configuration Debug for project reading_TRNG_data ****
make all 
Building file: ../src/helloworld.c
Invoking: ARM gcc compiler
arm-xilinx-eabi-gcc -Wall -O0 -g3 -c -fmessage-length=0 -MT"src/helloworld.o" -I../../reading_TRNG_data_bsp/ps7_cortexa9_0/include -MMD -MP -MF"src/helloworld.d" -MT"src/helloworld.d" -o "src/helloworld.o" "../src/helloworld.c"
In file included from ../src/helloworld.c:54:0:
../../reading_TRNG_data_bsp/ps7_cortexa9_0/include/xbasic_types.h:115:2: warning: #warning The xbasics_type.h file is deprecated and users should use xil_types.h and xil_assert. [-Wcpp]
 #warning  The xbasics_type.h file is deprecated and users should use xil_types.h and xil_assert.
  ^
../../reading_TRNG_data_bsp/ps7_cortexa9_0/include/xbasic_types.h:116:2: warning: #warning Please refer the Standalone BSP UG647 for further details [-Wcpp]
 #warning  Please refer the Standalone BSP UG647 for further details
  ^
../src/helloworld.c:65:21: warning: initialization makes pointer from integer without a cast [enabled by default]
 u16* bram_address = 0x40000000;
                     ^
../src/helloworld.c: In function 'main':
../src/helloworld.c:150:9: warning: unused variable 'Status' [-Wunused-variable]
     int Status;
         ^
Finished building: ../src/helloworld.c
 
Building target: reading_TRNG_data.elf
Invoking: ARM gcc linker
arm-xilinx-eabi-gcc -Wl,-T -Wl,../src/lscript.ld -L../../reading_TRNG_data_bsp/ps7_cortexa9_0/lib -o "reading_TRNG_data.elf"  ./src/helloworld.o ./src/platform.o   -Wl,--start-group,-lxil,-lgcc,-lc,--end-group
Finished building target: reading_TRNG_data.elf
 
Invoking: ARM Print Size
arm-xilinx-eabi-size reading_TRNG_data.elf  |tee "reading_TRNG_data.elf.size"
   text	   data	    bss	    dec	    hex	filename
  35304	   1960	  22612	  59876	   e9e4	reading_TRNG_data.elf
Finished building: reading_TRNG_data.elf.size
 
21:54:21 **** Auto Build of configuration Debug for project reading_TRNG_data ****
make all 
Building file: ../src/helloworld.c
Invoking: ARM gcc compiler
arm-xilinx-eabi-gcc -Wall -O0 -g3 -c -fmessage-length=0 -MT"src/helloworld.o" -I../../reading_TRNG_data_bsp/ps7_cortexa9_0/include -MMD -MP -MF"src/helloworld.d" -MT"src/helloworld.d" -o "src/helloworld.o" "../src/helloworld.c"
In file included from ../src/helloworld.c:54:0:
../../reading_TRNG_data_bsp/ps7_cortexa9_0/include/xbasic_types.h:115:2: warning: #warning The xbasics_type.h file is deprecated and users should use xil_types.h and xil_assert. [-Wcpp]
 #warning  The xbasics_type.h file is deprecated and users should use xil_types.h and xil_assert.
  ^
../../reading_TRNG_data_bsp/ps7_cortexa9_0/include/xbasic_types.h:116:2: warning: #warning Please refer the Standalone BSP UG647 for further details [-Wcpp]
 #warning  Please refer the Standalone BSP UG647 for further details
  ^
../src/helloworld.c:68:21: warning: initialization makes pointer from integer without a cast [enabled by default]
 u16* bram_address = 0x40000000;
                     ^
../src/helloworld.c: In function 'main':
../src/helloworld.c:136:5: warning: implicit declaration of function 'XGpio_Initialize' [-Wimplicit-function-declaration]
     Status = XGpio_Initialize(&Gpio, XPAR_AXI_GPIO_0_DEVICE_ID);
     ^
../src/helloworld.c:146:2: warning: implicit declaration of function 'XGpio_SelfTest' [-Wimplicit-function-declaration]
  XGpio_SelfTest(&Gpio);
  ^
../src/helloworld.c:152:2: warning: implicit declaration of function 'XGpio_SetDataDirection' [-Wimplicit-function-declaration]
  XGpio_SetDataDirection(&Gpio, BRAM_FULL_CHANNEL, 0x1);
  ^
../src/helloworld.c: In function 'intialize_interrupt_system':
../src/helloworld.c:123:1: warning: control reaches end of non-void function [-Wreturn-type]
 }
 ^
Finished building: ../src/helloworld.c
 
Building target: reading_TRNG_data.elf
Invoking: ARM gcc linker
arm-xilinx-eabi-gcc -Wl,-T -Wl,../src/lscript.ld -L../../reading_TRNG_data_bsp/ps7_cortexa9_0/lib -o "reading_TRNG_data.elf"  ./src/helloworld.o ./src/platform.o   -Wl,--start-group,-lxil,-lgcc,-lc,--end-group
Finished building target: reading_TRNG_data.elf
 
Invoking: ARM Print Size
arm-xilinx-eabi-size reading_TRNG_data.elf  |tee "reading_TRNG_data.elf.size"
   text	   data	    bss	    dec	    hex	filename
  29560	   1960	  22612	  54132	   d374	reading_TRNG_data.elf
Finished building: reading_TRNG_data.elf.size
 
22:05:17 **** Auto Build of configuration Debug for project reading_TRNG_data ****
make all 
Building file: ../src/helloworld.c
Invoking: ARM gcc compiler
arm-xilinx-eabi-gcc -Wall -O0 -g3 -c -fmessage-length=0 -MT"src/helloworld.o" -I../../reading_TRNG_data_bsp/ps7_cortexa9_0/include -MMD -MP -MF"src/helloworld.d" -MT"src/helloworld.d" -o "src/helloworld.o" "../src/helloworld.c"
In file included from ../src/helloworld.c:54:0:
../../reading_TRNG_data_bsp/ps7_cortexa9_0/include/xbasic_types.h:115:2: warning: #warning The xbasics_type.h file is deprecated and users should use xil_types.h and xil_assert. [-Wcpp]
 #warning  The xbasics_type.h file is deprecated and users should use xil_types.h and xil_assert.
  ^
../../reading_TRNG_data_bsp/ps7_cortexa9_0/include/xbasic_types.h:116:2: warning: #warning Please refer the Standalone BSP UG647 for further details [-Wcpp]
 #warning  Please refer the Standalone BSP UG647 for further details
  ^
../src/helloworld.c:69:21: warning: initialization makes pointer from integer without a cast [enabled by default]
 u16* bram_address = 0x40000000;
                     ^
../src/helloworld.c: In function 'InterruptHandler':
../src/helloworld.c:99:2: warning: implicit declaration of function 'XGpio_InterruptDisable' [-Wimplicit-function-declaration]
[...]
Compiling usbps
Running Make libs in ps7_cortexa9_0/libsrc/xadcps_v2_1/src
make -C ps7_cortexa9_0/libsrc/xadcps_v2_1/src -s libs  "SHELL=/bin/sh" "COMPILER=arm-xilinx-eabi-gcc" "ARCHIVER=arm-xilinx-eabi-ar" "COMPILER_FLAGS=  -O2 -c" "EXTRA_COMPILER_FLAGS=-g"
Compiling xadcps
Finished building libraries
17:54:25 **** Auto Build of configuration Debug for project trial_figaro ****
make all 
Building file: ../src/platform.c
Invoking: ARM gcc compiler
arm-xilinx-eabi-gcc -Wall -O0 -g3 -c -fmessage-length=0 -MT"src/platform.o" -I../../trial_figaro_bsp/ps7_cortexa9_0/include -MMD -MP -MF"src/platform.d" -MT"src/platform.d" -o "src/platform.o" "../src/platform.c"
Finished building: ../src/platform.c
 
Building target: trial_figaro.elf
Invoking: ARM gcc linker
arm-xilinx-eabi-gcc -Wl,-T -Wl,../src/lscript.ld -L../../trial_figaro_bsp/ps7_cortexa9_0/lib -o "trial_figaro.elf"  ./src/helloworld.o ./src/platform.o   -Wl,--start-group,-lxil,-lgcc,-lc,--end-group
Finished building target: trial_figaro.elf
 
Invoking: ARM Print Size
arm-xilinx-eabi-size trial_figaro.elf  |tee "trial_figaro.elf.size"
   text	   data	    bss	    dec	    hex	filename
  22912	   1152	  22564	  46628	   b624	trial_figaro.elf
Finished building: trial_figaro.elf.size
 
17:55:01 **** Incremental Build of configuration Debug for project reading_TRNG_data ****
make all 
make: Nothing to be done for `all'.
17:55:01 **** Incremental Build of configuration Debug for project trial_figaro ****
make all 
make: Nothing to be done for `all'.
17:55:21 **** Incremental Build of configuration Debug for project reading_TRNG_data ****
make all 
make: Nothing to be done for `all'.
17:55:21 **** Incremental Build of configuration Debug for project trial_figaro ****
make all 
make: Nothing to be done for `all'.
17:55:48 **** Incremental Build of configuration Debug for project reading_TRNG_data ****
make all 
make: Nothing to be done for `all'.
17:55:48 **** Incremental Build of configuration Debug for project trial_figaro ****
make all 
make: Nothing to be done for `all'.
17:57:03 **** Auto Build of configuration Debug for project reading_TRNG_data ****
make all 
Building file: ../src/helloworld.c
Invoking: ARM gcc compiler
arm-xilinx-eabi-gcc -Wall -O0 -g3 -c -fmessage-length=0 -MT"src/helloworld.o" -I../../reading_TRNG_data_bsp/ps7_cortexa9_0/include -MMD -MP -MF"src/helloworld.d" -MT"src/helloworld.d" -o "src/helloworld.o" "../src/helloworld.c"
In file included from ../src/helloworld.c:54:0:
../../reading_TRNG_data_bsp/ps7_cortexa9_0/include/xbasic_types.h:115:2: warning: #warning The xbasics_type.h file is deprecated and users should use xil_types.h and xil_assert. [-Wcpp]
 #warning  The xbasics_type.h file is deprecated and users should use xil_types.h and xil_assert.
  ^
../../reading_TRNG_data_bsp/ps7_cortexa9_0/include/xbasic_types.h:116:2: warning: #warning Please refer the Standalone BSP UG647 for further details [-Wcpp]
 #warning  Please refer the Standalone BSP UG647 for further details
  ^
../src/helloworld.c:77:13: warning: 'BRAM_BASE_ADDRESS_2' defined but not used [-Wunused-variable]
 static u16* BRAM_BASE_ADDRESS_2 = (u16 *)0x40000000;
             ^
Finished building: ../src/helloworld.c
 
Building target: reading_TRNG_data.elf
Invoking: ARM gcc linker
arm-xilinx-eabi-gcc -Wl,-T -Wl,../src/lscript.ld -L../../reading_TRNG_data_bsp/ps7_cortexa9_0/lib -o "reading_TRNG_data.elf"  ./src/helloworld.o ./src/platform.o   -Wl,--start-group,-lxil,-lgcc,-lc,--end-group
Finished building target: reading_TRNG_data.elf
 
Invoking: ARM Print Size
arm-xilinx-eabi-size reading_TRNG_data.elf  |tee "reading_TRNG_data.elf.size"
   text	   data	    bss	    dec	    hex	filename
  31112	   1952	  22612	  55676	   d97c	reading_TRNG_data.elf
Finished building: reading_TRNG_data.elf.size
 
17:57:21 **** Auto Build of configuration Debug for project reading_TRNG_data ****
make all 
Building file: ../src/helloworld.c
Invoking: ARM gcc compiler
arm-xilinx-eabi-gcc -Wall -O0 -g3 -c -fmessage-length=0 -MT"src/helloworld.o" -I../../reading_TRNG_data_bsp/ps7_cortexa9_0/include -MMD -MP -MF"src/helloworld.d" -MT"src/helloworld.d" -o "src/helloworld.o" "../src/helloworld.c"
In file included from ../src/helloworld.c:54:0:
../../reading_TRNG_data_bsp/ps7_cortexa9_0/include/xbasic_types.h:115:2: warning: #warning The xbasics_type.h file is deprecated and users should use xil_types.h and xil_assert. [-Wcpp]
 #warning  The xbasics_type.h file is deprecated and users should use xil_types.h and xil_assert.
  ^
../../reading_TRNG_data_bsp/ps7_cortexa9_0/include/xbasic_types.h:116:2: warning: #warning Please refer the Standalone BSP UG647 for further details [-Wcpp]
 #warning  Please refer the Standalone BSP UG647 for further details
  ^
Finished building: ../src/helloworld.c
 
Building target: reading_TRNG_data.elf
Invoking: ARM gcc linker
arm-xilinx-eabi-gcc -Wl,-T -Wl,../src/lscript.ld -L../../reading_TRNG_data_bsp/ps7_cortexa9_0/lib -o "reading_TRNG_data.elf"  ./src/helloworld.o ./src/platform.o   -Wl,--start-group,-lxil,-lgcc,-lc,--end-group
Finished building target: reading_TRNG_data.elf
 
Invoking: ARM Print Size
arm-xilinx-eabi-size reading_TRNG_data.elf  |tee "reading_TRNG_data.elf.size"
   text	   data	    bss	    dec	    hex	filename
  31112	   1952	  22612	  55676	   d97c	reading_TRNG_data.elf
Finished building: reading_TRNG_data.elf.size
 
17:58:05 **** Auto Build of configuration Debug for project reading_TRNG_data ****
make all 
Building file: ../src/helloworld.c
Invoking: ARM gcc compiler
arm-xilinx-eabi-gcc -Wall -O0 -g3 -c -fmessage-length=0 -MT"src/helloworld.o" -I../../reading_TRNG_data_bsp/ps7_cortexa9_0/include -MMD -MP -MF"src/helloworld.d" -MT"src/helloworld.d" -o "src/helloworld.o" "../src/helloworld.c"
In file included from ../src/helloworld.c:54:0:
../../reading_TRNG_data_bsp/ps7_cortexa9_0/include/xbasic_types.h:115:2: warning: #warning The xbasics_type.h file is deprecated and users should use xil_types.h and xil_assert. [-Wcpp]
 #warning  The xbasics_type.h file is deprecated and users should use xil_types.h and xil_assert.
  ^
../../reading_TRNG_data_bsp/ps7_cortexa9_0/include/xbasic_types.h:116:2: warning: #warning Please refer the Standalone BSP UG647 for further details [-Wcpp]
 #warning  Please refer the Standalone BSP UG647 for further details
  ^
Finished building: ../src/helloworld.c
 
Building target: reading_TRNG_data.elf
Invoking: ARM gcc linker
arm-xilinx-eabi-gcc -Wl,-T -Wl,../src/lscript.ld -L../../reading_TRNG_data_bsp/ps7_cortexa9_0/lib -o "reading_TRNG_data.elf"  ./src/helloworld.o ./src/platform.o   -Wl,--start-group,-lxil,-lgcc,-lc,--end-group
Finished building target: reading_TRNG_data.elf
 
Invoking: ARM Print Size
arm-xilinx-eabi-size reading_TRNG_data.elf  |tee "reading_TRNG_data.elf.size"
   text	   data	    bss	    dec	    hex	filename
  31112	   1952	  22612	  55676	   d97c	reading_TRNG_data.elf
Finished building: reading_TRNG_data.elf.size
 
17:59:08 **** Incremental Build of configuration Debug for project reading_TRNG_data ****
make all 
make: Nothing to be done for `all'.
17:59:09 **** Incremental Build of configuration Debug for project trial_figaro ****
make all 
make: Nothing to be done for `all'.
18:02:04 **** Auto Build of configuration Debug for project reading_TRNG_data ****
make all 
Building file: ../src/helloworld.c
Invoking: ARM gcc compiler
arm-xilinx-eabi-gcc -Wall -O0 -g3 -c -fmessage-length=0 -MT"src/helloworld.o" -I../../reading_TRNG_data_bsp/ps7_cortexa9_0/include -MMD -MP -MF"src/helloworld.d" -MT"src/helloworld.d" -o "src/helloworld.o" "../src/helloworld.c"
In file included from ../src/helloworld.c:54:0:
../../reading_TRNG_data_bsp/ps7_cortexa9_0/include/xbasic_types.h:115:2: warning: #warning The xbasics_type.h file is deprecated and users should use xil_types.h and xil_assert. [-Wcpp]
 #warning  The xbasics_type.h file is deprecated and users should use xil_types.h and xil_assert.
  ^
../../reading_TRNG_data_bsp/ps7_cortexa9_0/include/xbasic_types.h:116:2: warning: #warning Please refer the Standalone BSP UG647 for further details [-Wcpp]
 #warning  Please refer the Standalone BSP UG647 for further details
  ^
Finished building: ../src/helloworld.c
 
Building target: reading_TRNG_data.elf
Invoking: ARM gcc linker
arm-xilinx-eabi-gcc -Wl,-T -Wl,../src/lscript.ld -L../../reading_TRNG_data_bsp/ps7_cortexa9_0/lib -o "reading_TRNG_data.elf"  ./src/helloworld.o ./src/platform.o   -Wl,--start-group,-lxil,-lgcc,-lc,--end-group
Finished building target: reading_TRNG_data.elf
 
Invoking: ARM Print Size
arm-xilinx-eabi-size reading_TRNG_data.elf  |tee "reading_TRNG_data.elf.size"
   text	   data	    bss	    dec	    hex	filename
  31108	   1952	  22612	  55672	   d978	reading_TRNG_data.elf
Finished building: reading_TRNG_data.elf.size
 
18:02:22 **** Auto Build of configuration Debug for project reading_TRNG_data ****
make all 
Building file: ../src/helloworld.c
Invoking: ARM gcc compiler
arm-xilinx-eabi-gcc -Wall -O0 -g3 -c -fmessage-length=0 -MT"src/helloworld.o" -I../../reading_TRNG_data_bsp/ps7_cortexa9_0/include -MMD -MP -MF"src/helloworld.d" -MT"src/helloworld.d" -o "src/helloworld.o" "../src/helloworld.c"
In file included from ../src/helloworld.c:54:0:
../../reading_TRNG_data_bsp/ps7_cortexa9_0/include/xbasic_types.h:115:2: warning: #warning The xbasics_type.h file is deprecated and users should use xil_types.h and xil_assert. [-Wcpp]
 #warning  The xbasics_type.h file is deprecated and users should use xil_types.h and xil_assert.
  ^
../../reading_TRNG_data_bsp/ps7_cortexa9_0/include/xbasic_types.h:116:2: warning: #warning Please refer the Standalone BSP UG647 for further details [-Wcpp]
 #warning  Please refer the Standalone BSP UG647 for further details
  ^
Finished building: ../src/helloworld.c
 
Building target: reading_TRNG_data.elf
Invoking: ARM gcc linker
arm-xilinx-eabi-gcc -Wl,-T -Wl,../src/lscript.ld -L../../reading_TRNG_data_bsp/ps7_cortexa9_0/lib -o "reading_TRNG_data.elf"  ./src/helloworld.o ./src/platform.o   -Wl,--start-group,-lxil,-lgcc,-lc,--end-group
Finished building target: reading_TRNG_data.elf
 
Invoking: ARM Print Size
arm-xilinx-eabi-size reading_TRNG_data.elf  |tee "reading_TRNG_data.elf.size"
   text	   data	    bss	    dec	    hex	filename
  31108	   1952	  22612	  55672	   d978	reading_TRNG_data.elf
Finished building: reading_TRNG_data.elf.size
 
18:03:41 **** Auto Build of configuration Debug for project reading_TRNG_data ****
make all 
Building file: ../src/helloworld.c
Invoking: ARM gcc compiler
arm-xilinx-eabi-gcc -Wall -O0 -g3 -c -fmessage-length=0 -MT"src/helloworld.o" -I../../reading_TRNG_data_bsp/ps7_cortexa9_0/include -MMD -MP -MF"src/helloworld.d" -MT"src/helloworld.d" -o "src/helloworld.o" "../src/helloworld.c"
In file included from ../src/helloworld.c:54:0:
../../reading_TRNG_data_bsp/ps7_cortexa9_0/include/xbasic_types.h:115:2: warning: #warning The xbasics_type.h file is deprecated and users should use xil_types.h and xil_assert. [-Wcpp]
 #warning  The xbasics_type.h file is deprecated and users should use xil_types.h and xil_assert.
  ^
../../reading_TRNG_data_bsp/ps7_cortexa9_0/include/xbasic_types.h:116:2: warning: #warning Please refer the Standalone BSP UG647 for further details [-Wcpp]
 #warning  Please refer the Standalone BSP UG647 for further details
  ^
Finished building: ../src/helloworld.c
 
Building target: reading_TRNG_data.elf
Invoking: ARM gcc linker
arm-xilinx-eabi-gcc -Wl,-T -Wl,../src/lscript.ld -L../../reading_TRNG_data_bsp/ps7_cortexa9_0/lib -o "reading_TRNG_data.elf"  ./src/helloworld.o ./src/platform.o   -Wl,--start-group,-lxil,-lgcc,-lc,--end-group
Finished building target: reading_TRNG_data.elf
 
Invoking: ARM Print Size
arm-xilinx-eabi-size reading_TRNG_data.elf  |tee "reading_TRNG_data.elf.size"
   text	   data	    bss	    dec	    hex	filename
  31092	   1952	  22612	  55656	   d968	reading_TRNG_data.elf
Finished building: reading_TRNG_data.elf.size
 
18:04:15 **** Incremental Build of configuration Debug for project reading_TRNG_data ****
make all 
make: Nothing to be done for `all'.
18:04:15 **** Incremental Build of configuration Debug for project trial_figaro ****
make all 
make: Nothing to be done for `all'.
18:05:13 **** Incremental Build of configuration Debug for project reading_TRNG_data ****
make all 
make: Nothing to be done for `all'.
18:05:13 **** Incremental Build of configuration Debug for project trial_figaro ****
make all 
make: Nothing to be done for `all'.
18:15:33 **** Auto Build of configuration Debug for project reading_TRNG_data ****
make all 
Building file: ../src/helloworld.c
Invoking: ARM gcc compiler
arm-xilinx-eabi-gcc -Wall -O0 -g3 -c -fmessage-length=0 -MT"src/helloworld.o" -I../../reading_TRNG_data_bsp/ps7_cortexa9_0/include -MMD -MP -MF"src/helloworld.d" -MT"src/helloworld.d" -o "src/helloworld.o" "../src/helloworld.c"
In file included from ../src/helloworld.c:54:0:
../../reading_TRNG_data_bsp/ps7_cortexa9_0/include/xbasic_types.h:115:2: warning: #warning The xbasics_type.h file is deprecated and users should use xil_types.h and xil_assert. [-Wcpp]
 #warning  The xbasics_type.h file is deprecated and users should use xil_types.h and xil_assert.
  ^
../../reading_TRNG_data_bsp/ps7_cortexa9_0/include/xbasic_types.h:116:2: warning: #warning Please refer the Standalone BSP UG647 for further details [-Wcpp]
 #warning  Please refer the Standalone BSP UG647 for further details
  ^
Finished building: ../src/helloworld.c
 
Building target: reading_TRNG_data.elf
Invoking: ARM gcc linker
arm-xilinx-eabi-gcc -Wl,-T -Wl,../src/lscript.ld -L../../reading_TRNG_data_bsp/ps7_cortexa9_0/lib -o "reading_TRNG_data.elf"  ./src/helloworld.o ./src/platform.o   -Wl,--start-group,-lxil,-lgcc,-lc,--end-group
Finished building target: reading_TRNG_data.elf
 
Invoking: ARM Print Size
arm-xilinx-eabi-size reading_TRNG_data.elf  |tee "reading_TRNG_data.elf.size"
   text	   data	    bss	    dec	    hex	filename
  31088	   1952	  22612	  55652	   d964	reading_TRNG_data.elf
Finished building: reading_TRNG_data.elf.size
 
18:17:17 **** Incremental Build of configuration Debug for project reading_TRNG_data ****
make all 
make: Nothing to be done for `all'.
18:17:18 **** Incremental Build of configuration Debug for project trial_figaro ****
make all 
make: Nothing to be done for `all'.
18:18:01 **** Incremental Build of configuration Debug for project reading_TRNG_data ****
make all 
make: Nothing to be done for `all'.
18:18:01 **** Incremental Build of configuration Debug for project trial_figaro ****
make all 
make: Nothing to be done for `all'.
18:20:38 **** Auto Build of configuration Debug for project reading_TRNG_data ****
make all 
Building file: ../src/helloworld.c
Invoking: ARM gcc compiler
arm-xilinx-eabi-gcc -Wall -O0 -g3 -c -fmessage-length=0 -MT"src/helloworld.o" -I../../reading_TRNG_data_bsp/ps7_cortexa9_0/include -MMD -MP -MF"src/helloworld.d" -MT"src/helloworld.d" -o "src/helloworld.o" "../src/helloworld.c"
In file included from ../src/helloworld.c:54:0:
../../reading_TRNG_data_bsp/ps7_cortexa9_0/include/xbasic_types.h:115:2: warning: #warning The xbasics_type.h file is deprecated and users should use xil_types.h and xil_assert. [-Wcpp]
 #warning  The xbasics_type.h file is deprecated and users should use xil_types.h and xil_assert.
  ^
../../reading_TRNG_data_bsp/ps7_cortexa9_0/include/xbasic_types.h:116:2: warning: #warning Please refer the Standalone BSP UG647 for further details [-Wcpp]
 #warning  Please refer the Standalone BSP UG647 for further details
  ^
Finished building: ../src/helloworld.c
 
Building target: reading_TRNG_data.elf
Invoking: ARM gcc linker
arm-xilinx-eabi-gcc -Wl,-T -Wl,../src/lscript.ld -L../../reading_TRNG_data_bsp/ps7_cortexa9_0/lib -o "reading_TRNG_data.elf"  ./src/helloworld.o ./src/platform.o   -Wl,--start-group,-lxil,-lgcc,-lc,--end-group
Finished building target: reading_TRNG_data.elf
 
Invoking: ARM Print Size
arm-xilinx-eabi-size reading_TRNG_data.elf  |tee "reading_TRNG_data.elf.size"
   text	   data	    bss	    dec	    hex	filename
  31088	   1952	  22612	  55652	   d964	reading_TRNG_data.elf
Finished building: reading_TRNG_data.elf.size
 
18:21:03 **** Auto Build of configuration Debug for project reading_TRNG_data ****
make all 
Building file: ../src/helloworld.c
Invoking: ARM gcc compiler
arm-xilinx-eabi-gcc -Wall -O0 -g3 -c -fmessage-length=0 -MT"src/helloworld.o" -I../../reading_TRNG_data_bsp/ps7_cortexa9_0/include -MMD -MP -MF"src/helloworld.d" -MT"src/helloworld.d" -o "src/helloworld.o" "../src/helloworld.c"
In file included from ../src/helloworld.c:54:0:
../../reading_TRNG_data_bsp/ps7_cortexa9_0/include/xbasic_types.h:115:2: warning: #warning The xbasics_type.h file is deprecated and users should use xil_types.h and xil_assert. [-Wcpp]
 #warning  The xbasics_type.h file is deprecated and users should use xil_types.h and xil_assert.
  ^
../../reading_TRNG_data_bsp/ps7_cortexa9_0/include/xbasic_types.h:116:2: warning: #warning Please refer the Standalone BSP UG647 for further details [-Wcpp]
 #warning  Please refer the Standalone BSP UG647 for further details
  ^
Finished building: ../src/helloworld.c
 
Building target: reading_TRNG_data.elf
Invoking: ARM gcc linker
arm-xilinx-eabi-gcc -Wl,-T -Wl,../src/lscript.ld -L../../reading_TRNG_data_bsp/ps7_cortexa9_0/lib -o "reading_TRNG_data.elf"  ./src/helloworld.o ./src/platform.o   -Wl,--start-group,-lxil,-lgcc,-lc,--end-group
Finished building target: reading_TRNG_data.elf
 
Invoking: ARM Print Size
arm-xilinx-eabi-size reading_TRNG_data.elf  |tee "reading_TRNG_data.elf.size"
   text	   data	    bss	    dec	    hex	filename
  31072	   1952	  22612	  55636	   d954	reading_TRNG_data.elf
Finished building: reading_TRNG_data.elf.size
 
18:21:09 **** Auto Build of configuration Debug for project reading_TRNG_data ****
make all 
Building file: ../src/helloworld.c
Invoking: ARM gcc compiler
arm-xilinx-eabi-gcc -Wall -O0 -g3 -c -fmessage-length=0 -MT"src/helloworld.o" -I../../reading_TRNG_data_bsp/ps7_cortexa9_0/include -MMD -MP -MF"src/helloworld.d" -MT"src/helloworld.d" -o "src/helloworld.o" "../src/helloworld.c"
In file included from ../src/helloworld.c:54:0:
../../reading_TRNG_data_bsp/ps7_cortexa9_0/include/xbasic_types.h:115:2: warning: #warning The xbasics_type.h file is deprecated and users should use xil_types.h and xil_assert. [-Wcpp]
 #warning  The xbasics_type.h file is deprecated and users should use xil_types.h and xil_assert.
  ^
../../reading_TRNG_data_bsp/ps7_cortexa9_0/include/xbasic_types.h:116:2: warning: #warning Please refer the Standalone BSP UG647 for further details [-Wcpp]
 #warning  Please refer the Standalone BSP UG647 for further details
  ^
Finished building: ../src/helloworld.c
 
Building target: reading_TRNG_data.elf
Invoking: ARM gcc linker
arm-xilinx-eabi-gcc -Wl,-T -Wl,../src/lscript.ld -L../../reading_TRNG_data_bsp/ps7_cortexa9_0/lib -o "reading_TRNG_data.elf"  ./src/helloworld.o ./src/platform.o   -Wl,--start-group,-lxil,-lgcc,-lc,--end-group
Finished building target: reading_TRNG_data.elf
 
Invoking: ARM Print Size
arm-xilinx-eabi-size reading_TRNG_data.elf  |tee "reading_TRNG_data.elf.size"
   text	   data	    bss	    dec	    hex	filename
  30976	   1952	  22612	  55540	   d8f4	reading_TRNG_data.elf
Finished building: reading_TRNG_data.elf.size
 
18:21:35 **** Incremental Build of configuration Debug for project reading_TRNG_data ****
make all 
make: Nothing to be done for `all'.
18:21:35 **** Incremental Build of configuration Debug for project trial_figaro ****
make all 
make: Nothing to be done for `all'.
18:22:37 **** Incremental Build of configuration Debug for project reading_TRNG_data ****
make all 
make: Nothing to be done for `all'.
18:22:37 **** Incremental Build of configuration Debug for project trial_figaro ****
make all 
make: Nothing to be done for `all'.
