15:36:34 **** Build of project trial_delay_calib_bsp ****
make -k all 
Running Make include in ps7_cortexa9_0/libsrc/cpu_cortexa9_v2_1/src
make -C ps7_cortexa9_0/libsrc/cpu_cortexa9_v2_1/src -s include  "SHELL=/bin/sh" "COMPILER=arm-xilinx-eabi-gcc" "ARCHIVER=arm-xilinx-eabi-ar" "COMPILER_FLAGS=  -O2 -c" "EXTRA_COMPILER_FLAGS=-g"
Running Make include in ps7_cortexa9_0/libsrc/devcfg_v3_2/src
make -C ps7_cortexa9_0/libsrc/devcfg_v3_2/src -s include  "SHELL=/bin/sh" "COMPILER=arm-xilinx-eabi-gcc" "ARCHIVER=arm-xilinx-eabi-ar" "COMPILER_FLAGS=  -O2 -c" "EXTRA_COMPILER_FLAGS=-g"
Running Make include in ps7_cortexa9_0/libsrc/dmaps_v2_1/src
make -C ps7_cortexa9_0/libsrc/dmaps_v2_1/src -s include  "SHELL=/bin/sh" "COMPILER=arm-xilinx-eabi-gcc" "ARCHIVER=arm-xilinx-eabi-ar" "COMPILER_FLAGS=  -O2 -c" "EXTRA_COMPILER_FLAGS=-g"
Running Make include in ps7_cortexa9_0/libsrc/emacps_v2_2/src
make -C ps7_cortexa9_0/libsrc/emacps_v2_2/src -s include  "SHELL=/bin/sh" "COMPILER=arm-xilinx-eabi-gcc" "ARCHIVER=arm-xilinx-eabi-ar" "COMPILER_FLAGS=  -O2 -c" "EXTRA_COMPILER_FLAGS=-g"
Running Make include in ps7_cortexa9_0/libsrc/gpiops_v2_2/src
make -C ps7_cortexa9_0/libsrc/gpiops_v2_2/src -s include  "SHELL=/bin/sh" "COMPILER=arm-xilinx-eabi-gcc" "ARCHIVER=arm-xilinx-eabi-ar" "COMPILER_FLAGS=  -O2 -c" "EXTRA_COMPILER_FLAGS=-g"
Running Make include in ps7_cortexa9_0/libsrc/gpio_v4_0/src
make -C ps7_cortexa9_0/libsrc/gpio_v4_0/src -s include  "SHELL=/bin/sh" "COMPILER=arm-xilinx-eabi-gcc" "ARCHIVER=arm-xilinx-eabi-ar" "COMPILER_FLAGS=  -O2 -c" "EXTRA_COMPILER_FLAGS=-g"
Running Make include in ps7_cortexa9_0/libsrc/qspips_v3_1/src
make -C ps7_cortexa9_0/libsrc/qspips_v3_1/src -s include  "SHELL=/bin/sh" "COMPILER=arm-xilinx-eabi-gcc" "ARCHIVER=arm-xilinx-eabi-ar" "COMPILER_FLAGS=  -O2 -c" "EXTRA_COMPILER_FLAGS=-g"
Running Make include in ps7_cortexa9_0/libsrc/scugic_v2_1/src
make -C ps7_cortexa9_0/libsrc/scugic_v2_1/src -s include  "SHELL=/bin/sh" "COMPILER=arm-xilinx-eabi-gcc" "ARCHIVER=arm-xilinx-eabi-ar" "COMPILER_FLAGS=  -O2 -c" "EXTRA_COMPILER_FLAGS=-g"
Running Make include in ps7_cortexa9_0/libsrc/scutimer_v2_0/src
make -C ps7_cortexa9_0/libsrc/scutimer_v2_0/src -s include  "SHELL=/bin/sh" "COMPILER=arm-xilinx-eabi-gcc" "ARCHIVER=arm-xilinx-eabi-ar" "COMPILER_FLAGS=  -O2 -c" "EXTRA_COMPILER_FLAGS=-g"
Running Make include in ps7_cortexa9_0/libsrc/scuwdt_v2_0/src
make -C ps7_cortexa9_0/libsrc/scuwdt_v2_0/src -s include  "SHELL=/bin/sh" "COMPILER=arm-xilinx-eabi-gcc" "ARCHIVER=arm-xilinx-eabi-ar" "COMPILER_FLAGS=  -O2 -c" "EXTRA_COMPILER_FLAGS=-g"
Running Make include in ps7_cortexa9_0/libsrc/sdps_v2_3/src
make -C ps7_cortexa9_0/libsrc/sdps_v2_3/src -s include  "SHELL=/bin/sh" "COMPILER=arm-xilinx-eabi-gcc" "ARCHIVER=arm-xilinx-eabi-ar" "COMPILER_FLAGS=  -O2 -c" "EXTRA_COMPILER_FLAGS=-g"
Running Make include in ps7_cortexa9_0/libsrc/standalone_v4_2/src
make -C ps7_cortexa9_0/libsrc/standalone_v4_2/src -s include  "SHELL=/bin/sh" "COMPILER=arm-xilinx-eabi-gcc" "ARCHIVER=arm-xilinx-eabi-ar" "COMPILER_FLAGS=  -O2 -c" "EXTRA_COMPILER_FLAGS=-g"
Running Make include in ps7_cortexa9_0/libsrc/ttcps_v2_0/src
make -C ps7_cortexa9_0/libsrc/ttcps_v2_0/src -s include  "SHELL=/bin/sh" "COMPILER=arm-xilinx-eabi-gcc" "ARCHIVER=arm-xilinx-eabi-ar" "COMPILER_FLAGS=  -O2 -c" "EXTRA_COMPILER_FLAGS=-g"
Running Make include in ps7_cortexa9_0/libsrc/uartps_v2_2/src
make -C ps7_cortexa9_0/libsrc/uartps_v2_2/src -s include  "SHELL=/bin/sh" "COMPILER=arm-xilinx-eabi-gcc" "ARCHIVER=arm-xilinx-eabi-ar" "COMPILER_FLAGS=  -O2 -c" "EXTRA_COMPILER_FLAGS=-g"
Running Make include in ps7_cortexa9_0/libsrc/usbps_v2_2/src
make -C ps7_cortexa9_0/libsrc/usbps_v2_2/src -s include  "SHELL=/bin/sh" "COMPILER=arm-xilinx-eabi-gcc" "ARCHIVER=arm-xilinx-eabi-ar" "COMPILER_FLAGS=  -O2 -c" "EXTRA_COMPILER_FLAGS=-g"
Running Make include in ps7_cortexa9_0/libsrc/xadcps_v2_1/src
make -C ps7_cortexa9_0/libsrc/xadcps_v2_1/src -s include  "SHELL=/bin/sh" "COMPILER=arm-xilinx-eabi-gcc" "ARCHIVER=arm-xilinx-eabi-ar" "COMPILER_FLAGS=  -O2 -c" "EXTRA_COMPILER_FLAGS=-g"
Running Make libs in ps7_cortexa9_0/libsrc/cpu_cortexa9_v2_1/src
make -C ps7_cortexa9_0/libsrc/cpu_cortexa9_v2_1/src -s libs  "SHELL=/bin/sh" "COMPILER=arm-xilinx-eabi-gcc" "ARCHIVER=arm-xilinx-eabi-ar" "COMPILER_FLAGS=  -O2 -c" "EXTRA_COMPILER_FLAGS=-g"
Compiling cpu_cortexa9
Running Make libs in ps7_cortexa9_0/libsrc/devcfg_v3_2/src
make -C ps7_cortexa9_0/libsrc/devcfg_v3_2/src -s libs  "SHELL=/bin/sh" "COMPILER=arm-xilinx-eabi-gcc" "ARCHIVER=arm-xilinx-eabi-ar" "COMPILER_FLAGS=  -O2 -c" "EXTRA_COMPILER_FLAGS=-g"
Compiling devcfg
arm-xilinx-eabi-ar: creating ../../../lib/libxil.a
Running Make libs in ps7_cortexa9_0/libsrc/dmaps_v2_1/src
make -C ps7_cortexa9_0/libsrc/dmaps_v2_1/src -s libs  "SHELL=/bin/sh" "COMPILER=arm-xilinx-eabi-gcc" "ARCHIVER=arm-xilinx-eabi-ar" "COMPILER_FLAGS=  -O2 -c" "EXTRA_COMPILER_FLAGS=-g"
Compiling dmaps
Running Make libs in ps7_cortexa9_0/libsrc/emacps_v2_2/src
make -C ps7_cortexa9_0/libsrc/emacps_v2_2/src -s libs  "SHELL=/bin/sh" "COMPILER=arm-xilinx-eabi-gcc" "ARCHIVER=arm-xilinx-eabi-ar" "COMPILER_FLAGS=  -O2 -c" "EXTRA_COMPILER_FLAGS=-g"
Compiling emacps
Running Make libs in ps7_cortexa9_0/libsrc/gpiops_v2_2/src
make -C ps7_cortexa9_0/libsrc/gpiops_v2_2/src -s libs  "SHELL=/bin/sh" "COMPILER=arm-xilinx-eabi-gcc" "ARCHIVER=arm-xilinx-eabi-ar" "COMPILER_FLAGS=  -O2 -c" "EXTRA_COMPILER_FLAGS=-g"
Compiling gpiops
Running Make libs in ps7_cortexa9_0/libsrc/gpio_v4_0/src
make -C ps7_cortexa9_0/libsrc/gpio_v4_0/src -s libs  "SHELL=/bin/sh" "COMPILER=arm-xilinx-eabi-gcc" "ARCHIVER=arm-xilinx-eabi-ar" "COMPILER_FLAGS=  -O2 -c" "EXTRA_COMPILER_FLAGS=-g"
Compiling gpio
Running Make libs in ps7_cortexa9_0/libsrc/qspips_v3_1/src
make -C ps7_cortexa9_0/libsrc/qspips_v3_1/src -s libs  "SHELL=/bin/sh" "COMPILER=arm-xilinx-eabi-gcc" "ARCHIVER=arm-xilinx-eabi-ar" "COMPILER_FLAGS=  -O2 -c" "EXTRA_COMPILER_FLAGS=-g"
Compiling qspips
Running Make libs in ps7_cortexa9_0/libsrc/scugic_v2_1/src
make -C ps7_cortexa9_0/libsrc/scugic_v2_1/src -s libs  "SHELL=/bin/sh" "COMPILER=arm-xilinx-eabi-gcc" "ARCHIVER=arm-xilinx-eabi-ar" "COMPILER_FLAGS=  -O2 -c" "EXTRA_COMPILER_FLAGS=-g"
Compiling scugic
Running Make libs in ps7_cortexa9_0/libsrc/scutimer_v2_0/src
make -C ps7_cortexa9_0/libsrc/scutimer_v2_0/src -s libs  "SHELL=/bin/sh" "COMPILER=arm-xilinx-eabi-gcc" "ARCHIVER=arm-xilinx-eabi-ar" "COMPILER_FLAGS=  -O2 -c" "EXTRA_COMPILER_FLAGS=-g"
Compiling scutimer
Running Make libs in ps7_cortexa9_0/libsrc/scuwdt_v2_0/src
make -C ps7_cortexa9_0/libsrc/scuwdt_v2_0/src -s libs  "SHELL=/bin/sh" "COMPILER=arm-xilinx-eabi-gcc" "ARCHIVER=arm-xilinx-eabi-ar" "COMPILER_FLAGS=  -O2 -c" "EXTRA_COMPILER_FLAGS=-g"
Compiling scuwdt
Running Make libs in ps7_cortexa9_0/libsrc/sdps_v2_3/src
make -C ps7_cortexa9_0/libsrc/sdps_v2_3/src -s libs  "SHELL=/bin/sh" "COMPILER=arm-xilinx-eabi-gcc" "ARCHIVER=arm-xilinx-eabi-ar" "COMPILER_FLAGS=  -O2 -c" "EXTRA_COMPILER_FLAGS=-g"
Compiling sdps
Running Make libs in ps7_cortexa9_0/libsrc/standalone_v4_2/src
make -C ps7_cortexa9_0/libsrc/standalone_v4_2/src -s libs  "SHELL=/bin/sh" "COMPILER=arm-xilinx-eabi-gcc" "ARCHIVER=arm-xilinx-eabi-ar" "COMPILER_FLAGS=  -O2 -c" "EXTRA_COMPILER_FLAGS=-g"
Compiling standalone
Running Make libs in ps7_cortexa9_0/libsrc/ttcps_v2_0/src
make -C ps7_cortexa9_0/libsrc/ttcps_v2_0/src -s libs  "SHELL=/bin/sh" "COMPILER=arm-xilinx-eabi-gcc" "ARCHIVER=arm-xilinx-eabi-ar" "COMPILER_FLAGS=  -O2 -c" "EXTRA_COMPILER_FLAGS=-g"
Compiling ttcps
Running Make libs in ps7_cortexa9_0/libsrc/uartps_v2_2/src
make -C ps7_cortexa9_0/libsrc/uartps_v2_2/src -s libs  "SHELL=/bin/sh" "COMPILER=arm-xilinx-eabi-gcc" "ARCHIVER=arm-xilinx-eabi-ar" "COMPILER_FLAGS=  -O2 -c" "EXTRA_COMPILER_FLAGS=-g"
Compiling uartps
Running Make libs in ps7_cortexa9_0/libsrc/usbps_v2_2/src
make -C ps7_cortexa9_0/libsrc/usbps_v2_2/src -s libs  "SHELL=/bin/sh" "COMPILER=arm-xilinx-eabi-gcc" "ARCHIVER=arm-xilinx-eabi-ar" "COMPILER_FLAGS=  -O2 -c" "EXTRA_COMPILER_FLAGS=-g"
Compiling usbps
Running Make libs in ps7_cortexa9_0/libsrc/xadcps_v2_1/src
make -C ps7_cortexa9_0/libsrc/xadcps_v2_1/src -s libs  "SHELL=/bin/sh" "COMPILER=arm-xilinx-eabi-gcc" "ARCHIVER=arm-xilinx-eabi-ar" "COMPILER_FLAGS=  -O2 -c" "EXTRA_COMPILER_FLAGS=-g"
Compiling xadcps
Finished building libraries
15:36:41 **** Build of configuration Debug for project trial_delay_calib ****
make all 
Building file: ../src/helloworld.c
Invoking: ARM gcc compiler
arm-xilinx-eabi-gcc -Wall -O0 -g3 -c -fmessage-length=0 -MT"src/helloworld.o" -I../../trial_delay_calib_bsp/ps7_cortexa9_0/include -MMD -MP -MF"src/helloworld.d" -MT"src/helloworld.d" -o "src/helloworld.o" "../src/helloworld.c"
Finished building: ../src/helloworld.c
 
Building file: ../src/platform.c
Invoking: ARM gcc compiler
arm-xilinx-eabi-gcc -Wall -O0 -g3 -c -fmessage-length=0 -MT"src/platform.o" -I../../trial_delay_calib_bsp/ps7_cortexa9_0/include -MMD -MP -MF"src/platform.d" -MT"src/platform.d" -o "src/platform.o" "../src/platform.c"
Finished building: ../src/platform.c
 
Building target: trial_delay_calib.elf
Invoking: ARM gcc linker
arm-xilinx-eabi-gcc -Wl,-T -Wl,../src/lscript.ld -L../../trial_delay_calib_bsp/ps7_cortexa9_0/lib -o "trial_delay_calib.elf"  ./src/helloworld.o ./src/platform.o   -Wl,--start-group,-lxil,-lgcc,-lc,--end-group
Finished building target: trial_delay_calib.elf
 
Invoking: ARM Print Size
arm-xilinx-eabi-size trial_delay_calib.elf  |tee "trial_delay_calib.elf.size"
   text	   data	    bss	    dec	    hex	filename
  22920	   1152	  22564	  46636	   b62c	trial_delay_calib.elf
Finished building: trial_delay_calib.elf.size
 
15:40:27 **** Auto Build of configuration Debug for project trial_delay_calib ****
make all 
Building file: ../src/helloworld.c
Invoking: ARM gcc compiler
arm-xilinx-eabi-gcc -Wall -O0 -g3 -c -fmessage-length=0 -MT"src/helloworld.o" -I../../trial_delay_calib_bsp/ps7_cortexa9_0/include -MMD -MP -MF"src/helloworld.d" -MT"src/helloworld.d" -o "src/helloworld.o" "../src/helloworld.c"
../src/helloworld.c:1:25: fatal error: uartControl.h: No such file or directory
 #include "uartControl.h"
                         ^
compilation terminated.
make: *** [src/helloworld.o] Error 1
15:43:01 **** Auto Build of configuration Debug for project trial_delay_calib ****
make all 
Building file: ../src/helloworld.c
Invoking: ARM gcc compiler
arm-xilinx-eabi-gcc -Wall -O0 -g3 -c -fmessage-length=0 -MT"src/helloworld.o" -I../../trial_delay_calib_bsp/ps7_cortexa9_0/include -MMD -MP -MF"src/helloworld.d" -MT"src/helloworld.d" -o "src/helloworld.o" "../src/helloworld.c"
In file included from ../src/helloworld.c:8:0:
../../trial_delay_calib_bsp/ps7_cortexa9_0/include/xbasic_types.h:115:2: warning: #warning The xbasics_type.h file is deprecated and users should use xil_types.h and xil_assert. [-Wcpp]
 #warning  The xbasics_type.h file is deprecated and users should use xil_types.h and xil_assert.
  ^
../../trial_delay_calib_bsp/ps7_cortexa9_0/include/xbasic_types.h:116:2: warning: #warning Please refer the Standalone BSP UG647 for further details [-Wcpp]
 #warning  Please refer the Standalone BSP UG647 for further details
  ^
Finished building: ../src/helloworld.c
 
Building file: ../src/uartControl.c
Invoking: ARM gcc compiler
arm-xilinx-eabi-gcc -Wall -O0 -g3 -c -fmessage-length=0 -MT"src/uartControl.o" -I../../trial_delay_calib_bsp/ps7_cortexa9_0/include -MMD -MP -MF"src/uartControl.d" -MT"src/uartControl.d" -o "src/uartControl.o" "../src/uartControl.c"
In file included from ../src/uartControl.c:8:0:
../../trial_delay_calib_bsp/ps7_cortexa9_0/include/xbasic_types.h:115:2: warning: #warning The xbasics_type.h file is deprecated and users should use xil_types.h and xil_assert. [-Wcpp]
 #warning  The xbasics_type.h file is deprecated and users should use xil_types.h and xil_assert.
  ^
../../trial_delay_calib_bsp/ps7_cortexa9_0/include/xbasic_types.h:116:2: warning: #warning Please refer the Standalone BSP UG647 for further details [-Wcpp]
 #warning  Please refer the Standalone BSP UG647 for further details
  ^
Finished building: ../src/uartControl.c
 
Building target: trial_delay_calib.elf
Invoking: ARM gcc linker
arm-xilinx-eabi-gcc -Wl,-T -Wl,../src/lscript.ld -L../../trial_delay_calib_bsp/ps7_cortexa9_0/lib -o "trial_delay_calib.elf"  ./src/helloworld.o ./src/platform.o ./src/uartControl.o   -Wl,--start-group,-lxil,-lgcc,-lc,--end-group
./src/uartControl.o:(.data+0x4): multiple definition of `threshold'
./src/helloworld.o:(.data+0x4): first defined here
./src/uartControl.o:(.rodata+0x0): multiple definition of `THRESH_VALS'
./src/helloworld.o:(.rodata+0x0): first defined here
./src/uartControl.o:(.data+0x8): multiple definition of `frameRateSelect'
./src/helloworld.o:(.data+0x8): first defined here
./src/uartControl.o:(.rodata+0x8): multiple definition of `FRAME_RATE_VALS'
./src/helloworld.o:(.rodata+0x8): first defined here
./src/uartControl.o: In function `setContrast':
/home/srihari/Hardware_securiy/Metastability_RO/sdk_trial/trial_delay_calib/Debug/../src/uartControl.c:40: multiple definition of `setContrast'
./src/helloworld.o:/home/srihari/Hardware_securiy/Metastability_RO/sdk_trial/trial_delay_calib/Debug/../src/helloworld.c:40: first defined here
./src/uartControl.o: In function `setThreshold':
/home/srihari/Hardware_securiy/Metastability_RO/sdk_trial/trial_delay_calib/Debug/../src/uartControl.c:44: multiple definition of `setThreshold'
./src/helloworld.o:/home/srihari/Hardware_securiy/Metastability_RO/sdk_trial/trial_delay_calib/Debug/../src/helloworld.c:44: first defined here
./src/uartControl.o: In function `setupUartControl':
/home/srihari/Hardware_securiy/Metastability_RO/sdk_trial/trial_delay_calib/Debug/../src/uartControl.c:48: multiple definition of `setupUartControl'
./src/helloworld.o:/home/srihari/Hardware_securiy/Metastability_RO/sdk_trial/trial_delay_calib/Debug/../src/helloworld.c:48: first defined here
./src/uartControl.o: In function `Handler':
/home/srihari/Hardware_securiy/Metastability_RO/sdk_trial/trial_delay_calib/Debug/../src/uartControl.c:192: multiple definition of `Handler'
./src/helloworld.o:/home/srihari/Hardware_securiy/Metastability_RO/sdk_trial/trial_delay_calib/Debug/../src/helloworld.c:192: first defined here
../../trial_delay_calib_bsp/ps7_cortexa9_0/lib/libxil.a(xil-crt0.o): In function `_start':
/home/srihari/Hardware_securiy/Metastability_RO/sdk_trial/trial_delay_calib_bsp/ps7_cortexa9_0/libsrc/standalone_v4_2/src/xil-crt0.S:128: undefined reference to `main'
collect2: error: ld returned 1 exit status
make: *** [trial_delay_calib.elf] Error 1
15:52:38 **** Auto Build of configuration Debug for project trial_delay_calib ****
make all 
Building file: ../src/helloworld.c
Invoking: ARM gcc compiler
arm-xilinx-eabi-gcc -Wall -O0 -g3 -c -fmessage-length=0 -MT"src/helloworld.o" -I../../trial_delay_calib_bsp/ps7_cortexa9_0/include -MMD -MP -MF"src/helloworld.d" -MT"src/helloworld.d" -o "src/helloworld.o" "../src/helloworld.c"
../src/helloworld.c: In function 'main':
../src/helloworld.c:3:5: warning: implicit declaration of function 'init_platform' [-Wimplicit-function-declaration]
     init_platform();
     ^
../src/helloworld.c:4:5: error: 'maskAddr0' undeclared (first use in this function)
     maskAddr0 = BRAM_BASEADDR0;
     ^
../src/helloworld.c:4:5: note: each undeclared identifier is reported only once for each function it appears in
../src/helloworld.c:4:17: error: 'BRAM_BASEADDR0' undeclared (first use in this function)
     maskAddr0 = BRAM_BASEADDR0;
                 ^
../src/helloworld.c:5:5: error: 'maskAddr1' undeclared (first use in this function)
     maskAddr1 = BRAM_BASEADDR1;
     ^
../src/helloworld.c:5:17: error: 'BRAM_BASEADDR1' undeclared (first use in this function)
     maskAddr1 = BRAM_BASEADDR1;
                 ^
../src/helloworld.c:6:5: error: 'gpioBrightAddr' undeclared (first use in this function)
     gpioBrightAddr = GPIO_BRIGHT_BASEADDR;
     ^
../src/helloworld.c:6:22: error: 'GPIO_BRIGHT_BASEADDR' undeclared (first use in this function)
     gpioBrightAddr = GPIO_BRIGHT_BASEADDR;
                      ^
../src/helloworld.c:7:5: error: 'gpioThreshAddr' undeclared (first use in this function)
     gpioThreshAddr = GPIO_THRESH_BASEADDR;
     ^
../src/helloworld.c:7:22: error: 'GPIO_THRESH_BASEADDR' undeclared (first use in this function)
     gpioThreshAddr = GPIO_THRESH_BASEADDR;
                      ^
../src/helloworld.c:9:5: warning: implicit declaration of function 'setupUartControl' [-Wimplicit-function-declaration]
     setupUartControl();
     ^
../src/helloworld.c:13:9: error: 'playback_idx' undeclared (first use in this function)
      if(playback_idx >= 0){
         ^
../src/helloworld.c:14:7: warning: implicit declaration of function 'playback_frames' [-Wimplicit-function-declaration]
       playback_frames();
       ^
../src/helloworld.c:17:10: error: 'calibrate' undeclared (first use in this function)
       if(calibrate)
          ^
../src/helloworld.c:18:8: warning: implicit declaration of function 'write_calibration' [-Wimplicit-function-declaration]
        write_calibration();
        ^
../src/helloworld.c:20:8: warning: implicit declaration of function 'write_frame' [-Wimplicit-function-declaration]
        write_frame();
        ^
../src/helloworld.c:21:7: warning: implicit declaration of function 'copy_frame' [-Wimplicit-function-declaration]
       copy_frame();
       ^
../src/helloworld.c:25:5: warning: implicit declaration of function 'cleanup_platform' [-Wimplicit-function-declaration]
     cleanup_platform();
     ^
make: *** [src/helloworld.o] Error 1
15:52:58 **** Auto Build of configuration Debug for project trial_delay_calib ****
make all 
Building file: ../src/helloworld.c
Invoking: ARM gcc compiler
arm-xilinx-eabi-gcc -Wall -O0 -g3 -c -fmessage-length=0 -MT"src/helloworld.o" -I../../trial_delay_calib_bsp/ps7_cortexa9_0/include -MMD -MP -MF"src/helloworld.d" -MT"src/helloworld.d" -o "src/helloworld.o" "../src/helloworld.c"
../src/helloworld.c: In function 'main':
../src/helloworld.c:3:5: warning: implicit declaration of function 'init_platform' [-Wimplicit-function-declaration]
     init_platform();
     ^
../src/helloworld.c:4:5: error: 'gpioBrightAddr' undeclared (first use in this function)
     gpioBrightAddr = GPIO_BRIGHT_BASEADDR;
     ^
../src/helloworld.c:4:5: note: each undeclared identifier is reported only once for each function it appears in
../src/helloworld.c:4:22: error: 'GPIO_BRIGHT_BASEADDR' undeclared (first use in this function)
     gpioBrightAddr = GPIO_BRIGHT_BASEADDR;
                      ^
../src/helloworld.c:5:5: error: 'gpioThreshAddr' undeclared (first use in this function)
     gpioThreshAddr = GPIO_THRESH_BASEADDR;
     ^
../src/helloworld.c:5:22: error: 'GPIO_THRESH_BASEADDR' undeclared (first use in this function)
     gpioThreshAddr = GPIO_THRESH_BASEADDR;
                      ^
../src/helloworld.c:7:5: warning: implicit declaration of function 'setupUartControl' [-Wimplicit-function-declaration]
     setupUartControl();
     ^
../src/helloworld.c:12:5: warning: implicit declaration of function 'cleanup_platform' [-Wimplicit-function-declaration]
     cleanup_platform();
     ^
make: *** [src/helloworld.o] Error 1
15:55:02 **** Auto Build of configuration Debug for project trial_delay_calib ****
make all 
Building file: ../src/helloworld.c
Invoking: ARM gcc compiler
arm-xilinx-eabi-gcc -Wall -O0 -g3 -c -fmessage-length=0 -MT"src/helloworld.o" -I../../trial_delay_calib_bsp/ps7_cortexa9_0/include -MMD -MP -MF"src/helloworld.d" -MT"src/helloworld.d" -o "src/helloworld.o" "../src/helloworld.c"
In file included from ../src/helloworld.c:22:0:
../../trial_delay_calib_bsp/ps7_cortexa9_0/include/xbasic_types.h:115:2: warning: #warning The xbasics_type.h file is deprecated and users should use xil_types.h and xil_assert. [-Wcpp]
 #warning  The xbasics_type.h file is deprecated and users should use xil_types.h and xil_assert.
  ^
../../trial_delay_calib_bsp/ps7_cortexa9_0/include/xbasic_types.h:116:2: warning: #warning Please refer the Standalone BSP UG647 for further details [-Wcpp]
 #warning  Please refer the Standalone BSP UG647 for further details
  ^
../src/helloworld.c:25:7: warning: extra tokens at end of #endif directive [enabled by default]
 #endif#define FEET_WIDTH 32
       ^
../src/helloworld.c: In function 'main':
../src/helloworld.c:54:20: warning: assignment makes pointer from integer without a cast [enabled by default]
     gpioBrightAddr = GPIO_BRIGHT_BASEADDR;
                    ^
../src/helloworld.c:55:20: warning: assignment makes pointer from integer without a cast [enabled by default]
     gpioThreshAddr = GPIO_THRESH_BASEADDR;
                    ^
Finished building: ../src/helloworld.c
 
Building target: trial_delay_calib.elf
Invoking: ARM gcc linker
arm-xilinx-eabi-gcc -Wl,-T -Wl,../src/lscript.ld -L../../trial_delay_calib_bsp/ps7_cortexa9_0/lib -o "trial_delay_calib.elf"  ./src/helloworld.o ./src/platform.o ./src/uartControl.o   -Wl,--start-group,-lxil,-lgcc,-lc,--end-group
Finished building target: trial_delay_calib.elf
 
Invoking: ARM Print Size
arm-xilinx-eabi-size trial_delay_calib.elf  |tee "trial_delay_calib.elf.size"
   text	   data	    bss	    dec	    hex	filename
  71696	   3152	  22796	  97644	  17d6c	trial_delay_calib.elf
Finished building: trial_delay_calib.elf.size
 
15:55:29 **** Auto Build of configuration Debug for project trial_delay_calib ****
make all 
Building file: ../src/uartControl.c
Invoking: ARM gcc compiler
arm-xilinx-eabi-gcc -Wall -O0 -g3 -c -fmessage-length=0 -MT"src/uartControl.o" -I../../trial_delay_calib_bsp/ps7_cortexa9_0/include -MMD -MP -MF"src/uartControl.d" -MT"src/uartControl.d" -o "src/uartControl.o" "../src/uartControl.c"
In file included from ../src/uartControl.c:8:0:
../../trial_delay_calib_bsp/ps7_cortexa9_0/include/xbasic_types.h:115:2: warning: #warning The xbasics_type.h file is deprecated and users should use xil_types.h and xil_assert. [-Wcpp]
 #warning  The xbasics_type.h file is deprecated and users should use xil_types.h and xil_assert.
  ^
../../trial_delay_calib_bsp/ps7_cortexa9_0/include/xbasic_types.h:116:2: warning: #warning Please refer the Standalone BSP UG647 for further details [-Wcpp]
 #warning  Please refer the Standalone BSP UG647 for further details
  ^
Finished building: ../src/uartControl.c
 
Building target: trial_delay_calib.elf
Invoking: ARM gcc linker
arm-xilinx-eabi-gcc -Wl,-T -Wl,../src/lscript.ld -L../../trial_delay_calib_bsp/ps7_cortexa9_0/lib -o "trial_delay_calib.elf"  ./src/helloworld.o ./src/platform.o ./src/uartControl.o   -Wl,--start-group,-lxil,-lgcc,-lc,--end-group
Finished building target: trial_delay_calib.elf
 
Invoking: ARM Print Size
arm-xilinx-eabi-size trial_delay_calib.elf  |tee "trial_delay_calib.elf.size"
   text	   data	    bss	    dec	    hex	filename
  71696	   3152	  22796	  97644	  17d6c	trial_delay_calib.elf
Finished building: trial_delay_calib.elf.size
 
16:01:38 **** Auto Build of configuration Debug for project trial_delay_calib ****
make all 
Building file: ../src/helloworld.c
Invoking: ARM gcc compiler
arm-xilinx-eabi-gcc -Wall -O0 -g3 -c -fmessage-length=0 -MT"src/helloworld.o" -I../../trial_delay_calib_bsp/ps7_cortexa9_0/include -MMD -MP -MF"src/helloworld.d" -MT"src/helloworld.d" -o "src/helloworld.o" "../src/helloworld.c"
In file included from ../src/helloworld.c:22:0:
../../trial_delay_calib_bsp/ps7_cortexa9_0/include/xbasic_types.h:115:2: warning: #warning The xbasics_type.h file is deprecated and users should use xil_types.h and xil_assert. [-Wcpp]
 #warning  The xbasics_type.h file is deprecated and users should use xil_types.h and xil_assert.
  ^
../../trial_delay_calib_bsp/ps7_cortexa9_0/include/xbasic_types.h:116:2: warning: #warning Please refer the Standalone BSP UG647 for further details [-Wcpp]
 #warning  Please refer the Standalone BSP UG647 for further details
  ^
../src/helloworld.c:25:7: warning: extra tokens at end of #endif directive [enabled by default]
 #endif#define FEET_WIDTH 32
       ^
../src/helloworld.c: In function 'main':
../src/helloworld.c:55:20: warning: assignment makes pointer from integer without a cast [enabled by default]
     gpioBrightAddr = GPIO_BRIGHT_BASEADDR;
                    ^
../src/helloworld.c:56:20: warning: assignment makes pointer from integer without a cast [enabled by default]
     gpioThreshAddr = GPIO_THRESH_BASEADDR;
                    ^
Finished building: ../src/helloworld.c
 
Building target: trial_delay_calib.elf
Invoking: ARM gcc linker
arm-xilinx-eabi-gcc -Wl,-T -Wl,../src/lscript.ld -L../../trial_delay_calib_bsp/ps7_cortexa9_0/lib -o "trial_delay_calib.elf"  ./src/helloworld.o ./src/platform.o ./src/uartControl.o   -Wl,--start-group,-lxil,-lgcc,-lc,--end-group
Finished building target: trial_delay_calib.elf
 
Invoking: ARM Print Size
arm-xilinx-eabi-size trial_delay_calib.elf  |tee "trial_delay_calib.elf.size"
   text	   data	    bss	    dec	    hex	filename
  71856	   3152	  22796	  97804	  17e0c	trial_delay_calib.elf
Finished building: trial_delay_calib.elf.size
 
16:02:05 **** Incremental Build of configuration Debug for project trial_delay_calib ****
make all 
make: Nothing to be done for `all'.
16:02:39 **** Incremental Build of configuration Debug for project trial_delay_calib ****
make all 
make: Nothing to be done for `all'.
16:02:54 **** Incremental Build of configuration Debug for project trial_delay_calib ****
make all 
make: Nothing to be done for `all'.
16:03:15 **** Auto Build of configuration Debug for project trial_delay_calib ****
make all 
Building file: ../src/helloworld.c
Invoking: ARM gcc compiler
arm-xilinx-eabi-gcc -Wall -O0 -g3 -c -fmessage-length=0 -MT"src/helloworld.o" -I../../trial_delay_calib_bsp/ps7_cortexa9_0/include -MMD -MP -MF"src/helloworld.d" -MT"src/helloworld.d" -o "src/helloworld.o" "../src/helloworld.c"
In file included from ../src/helloworld.c:22:0:
../../trial_delay_calib_bsp/ps7_cortexa9_0/include/xbasic_types.h:115:2: warning: #warning The xbasics_type.h file is deprecated and users should use xil_types.h and xil_assert. [-Wcpp]
 #warning  The xbasics_type.h file is deprecated and users should use xil_types.h and xil_assert.
  ^
../../trial_delay_calib_bsp/ps7_cortexa9_0/include/xbasic_types.h:116:2: warning: #warning Please refer the Standalone BSP UG647 for further details [-Wcpp]
 #warning  Please refer the Standalone BSP UG647 for further details
  ^
../src/helloworld.c:25:7: warning: extra tokens at end of #endif directive [enabled by default]
 #endif#define FEET_WIDTH 32
       ^
../src/helloworld.c: In function 'main':
../src/helloworld.c:53:2: warning: implicit declaration of function 'xil_printf' [-Wimplicit-function-declaration]
  xil_printf("helloworld\n");
  ^
../src/helloworld.c:55:20: warning: assignment makes pointer from integer without a cast [enabled by default]
     gpioBrightAddr = GPIO_BRIGHT_BASEADDR;
                    ^
../src/helloworld.c:56:20: warning: assignment makes pointer from integer without a cast [enabled by default]
     gpioThreshAddr = GPIO_THRESH_BASEADDR;
                    ^
Finished building: ../src/helloworld.c
 
Building target: trial_delay_calib.elf
Invoking: ARM gcc linker
arm-xilinx-eabi-gcc -Wl,-T -Wl,../src/lscript.ld -L../../trial_delay_calib_bsp/ps7_cortexa9_0/lib -o "trial_delay_calib.elf"  ./src/helloworld.o ./src/platform.o ./src/uartControl.o   -Wl,--start-group,-lxil,-lgcc,-lc,--end-group
Finished building target: trial_delay_calib.elf
 
Invoking: ARM Print Size
arm-xilinx-eabi-size trial_delay_calib.elf  |tee "trial_delay_calib.elf.size"
   text	   data	    bss	    dec	    hex	filename
  73716	   3160	  22796	  99672	  18558	trial_delay_calib.elf
Finished building: trial_delay_calib.elf.size
 
16:03:18 **** Incremental Build of configuration Debug for project trial_delay_calib ****
make all 
make: Nothing to be done for `all'.
16:06:59 **** Auto Build of configuration Debug for project trial_delay_calib ****
make all 
Building file: ../src/uartControl.c
Invoking: ARM gcc compiler
arm-xilinx-eabi-gcc -Wall -O0 -g3 -c -fmessage-length=0 -MT"src/uartControl.o" -I../../trial_delay_calib_bsp/ps7_cortexa9_0/include -MMD -MP -MF"src/uartControl.d" -MT"src/uartControl.d" -o "src/uartControl.o" "../src/uartControl.c"
In file included from ../src/uartControl.c:8:0:
../../trial_delay_calib_bsp/ps7_cortexa9_0/include/xbasic_types.h:115:2: warning: #warning The xbasics_type.h file is deprecated and users should use xil_types.h and xil_assert. [-Wcpp]
 #warning  The xbasics_type.h file is deprecated and users should use xil_types.h and xil_assert.
  ^
../../trial_delay_calib_bsp/ps7_cortexa9_0/include/xbasic_types.h:116:2: warning: #warning Please refer the Standalone BSP UG647 for further details [-Wcpp]
 #warning  Please refer the Standalone BSP UG647 for further details
  ^
Finished building: ../src/uartControl.c
 
Building target: trial_delay_calib.elf
Invoking: ARM gcc linker
arm-xilinx-eabi-gcc -Wl,-T -Wl,../src/lscript.ld -L../../trial_delay_calib_bsp/ps7_cortexa9_0/lib -o "trial_delay_calib.elf"  ./src/helloworld.o ./src/platform.o ./src/uartControl.o   -Wl,--start-group,-lxil,-lgcc,-lc,--end-group
Finished building target: trial_delay_calib.elf
 
Invoking: ARM Print Size
arm-xilinx-eabi-size trial_delay_calib.elf  |tee "trial_delay_calib.elf.size"
   text	   data	    bss	    dec	    hex	filename
  73716	   3160	  22796	  99672	  18558	trial_delay_calib.elf
Finished building: trial_delay_calib.elf.size
 
16:07:03 **** Incremental Build of configuration Debug for project trial_delay_calib ****
make all 
make: Nothing to be done for `all'.
16:09:28 **** Auto Build of configuration Debug for project trial_delay_calib ****
make all 
Building file: ../src/helloworld.c
Invoking: ARM gcc compiler
arm-xilinx-eabi-gcc -Wall -O0 -g3 -c -fmessage-length=0 -MT"src/helloworld.o" -I../../trial_delay_calib_bsp/ps7_cortexa9_0/include -MMD -MP -MF"src/helloworld.d" -MT"src/helloworld.d" -o "src/helloworld.o" "../src/helloworld.c"
In file included from ../src/helloworld.c:22:0:
../../trial_delay_calib_bsp/ps7_cortexa9_0/include/xbasic_types.h:115:2: warning: #warning The xbasics_type.h file is deprecated and users should use xil_types.h and xil_assert. [-Wcpp]
 #warning  The xbasics_type.h file is deprecated and users should use xil_types.h and xil_assert.
  ^
../../trial_delay_calib_bsp/ps7_cortexa9_0/include/xbasic_types.h:116:2: warning: #warning Please refer the Standalone BSP UG647 for further details [-Wcpp]
 #warning  Please refer the Standalone BSP UG647 for further details
  ^
../src/helloworld.c:25:7: warning: extra tokens at end of #endif directive [enabled by default]
 #endif#define FEET_WIDTH 32
       ^
../src/helloworld.c: In function 'main':
../src/helloworld.c:52:2: warning: implicit declaration of function 'xil_printf' [-Wimplicit-function-declaration]
  xil_printf("helloworld\n");
  ^
../src/helloworld.c:54:20: warning: assignment makes pointer from integer without a cast [enabled by default]
     gpioBrightAddr = GPIO_BRIGHT_BASEADDR;
                    ^
../src/helloworld.c:55:20: warning: assignment makes pointer from integer without a cast [enabled by default]
     gpioThreshAddr = GPIO_THRESH_BASEADDR;
                    ^
../src/helloworld.c:60:11: error: 'check' undeclared (first use in this function)
        if(check ==3)
           ^
../src/helloworld.c:60:11: note: each undeclared identifier is reported only once for each function it appears in
make: *** [src/helloworld.o] Error 1
16:09:40 **** Auto Build of configuration Debug for project trial_delay_calib ****
make all 
Building file: ../src/helloworld.c
Invoking: ARM gcc compiler
arm-xilinx-eabi-gcc -Wall -O0 -g3 -c -fmessage-length=0 -MT"src/helloworld.o" -I../../trial_delay_calib_bsp/ps7_cortexa9_0/include -MMD -MP -MF"src/helloworld.d" -MT"src/helloworld.d" -o "src/helloworld.o" "../src/helloworld.c"
In file included from ../src/helloworld.c:22:0:
../../trial_delay_calib_bsp/ps7_cortexa9_0/include/xbasic_types.h:115:2: warning: #warning The xbasics_type.h file is deprecated and users should use xil_types.h and xil_assert. [-Wcpp]
 #warning  The xbasics_type.h file is deprecated and users should use xil_types.h and xil_assert.
  ^
../../trial_delay_calib_bsp/ps7_cortexa9_0/include/xbasic_types.h:116:2: warning: #warning Please refer the Standalone BSP UG647 for further details [-Wcpp]
 #warning  Please refer the Standalone BSP UG647 for further details
  ^
../src/helloworld.c:25:7: warning: extra tokens at end of #endif directive [enabled by default]
 #endif#define FEET_WIDTH 32
       ^
../src/helloworld.c: In function 'main':
../src/helloworld.c:52:2: warning: implicit declaration of function 'xil_printf' [-Wimplicit-function-declaration]
  xil_printf("helloworld\n");
  ^
../src/helloworld.c:54:20: warning: assignment makes pointer from integer without a cast [enabled by default]
     gpioBrightAddr = GPIO_BRIGHT_BASEADDR;
                    ^
../src/helloworld.c:55:20: warning: assignment makes pointer from integer without a cast [enabled by default]
     gpioThreshAddr = GPIO_THRESH_BASEADDR;
                    ^
Finished building: ../src/helloworld.c
 
Building file: ../src/uartControl.c
Invoking: ARM gcc compiler
arm-xilinx-eabi-gcc -Wall -O0 -g3 -c -fmessage-length=0 -MT"src/uartControl.o" -I../../trial_delay_calib_bsp/ps7_cortexa9_0/include -MMD -MP -MF"src/uartControl.d" -MT"src/uartControl.d" -o "src/uartControl.o" "../src/uartControl.c"
In file included from ../src/uartControl.c:8:0:
../../trial_delay_calib_bsp/ps7_cortexa9_0/include/xbasic_types.h:115:2: warning: #warning The xbasics_type.h file is deprecated and users should use xil_types.h and xil_assert. [-Wcpp]
 #warning  The xbasics_type.h file is deprecated and users should use xil_types.h and xil_assert.
  ^
../../trial_delay_calib_bsp/ps7_cortexa9_0/include/xbasic_types.h:116:2: warning: #warning Please refer the Standalone BSP UG647 for further details [-Wcpp]
 #warning  Please refer the Standalone BSP UG647 for further details
  ^
Finished building: ../src/uartControl.c
 
Building target: trial_delay_calib.elf
Invoking: ARM gcc linker
arm-xilinx-eabi-gcc -Wl,-T -Wl,../src/lscript.ld -L../../trial_delay_calib_bsp/ps7_cortexa9_0/lib -o "trial_delay_calib.elf"  ./src/helloworld.o ./src/platform.o ./src/uartControl.o   -Wl,--start-group,-lxil,-lgcc,-lc,--end-group
./src/helloworld.o: In function `main':
/home/srihari/Hardware_securiy/Metastability_RO/sdk_trial/trial_delay_calib/Debug/../src/helloworld.c:60: undefined reference to `check'
/home/srihari/Hardware_securiy/Metastability_RO/sdk_trial/trial_delay_calib/Debug/../src/helloworld.c:60: undefined reference to `check'
collect2: error: ld returned 1 exit status
make: *** [trial_delay_calib.elf] Error 1
16:10:32 **** Auto Build of configuration Debug for project trial_delay_calib ****
make all 
Building file: ../src/helloworld.c
Invoking: ARM gcc compiler
arm-xilinx-eabi-gcc -Wall -O0 -g3 -c -fmessage-length=0 -MT"src/helloworld.o" -I../../trial_delay_calib_bsp/ps7_cortexa9_0/include -MMD -MP -MF"src/helloworld.d" -MT"src/helloworld.d" -o "src/helloworld.o" "../src/helloworld.c"
In file included from ../src/helloworld.c:22:0:
../../trial_delay_calib_bsp/ps7_cortexa9_0/include/xbasic_types.h:115:2: warning: #warning The xbasics_type.h file is deprecated and users should use xil_types.h and xil_assert. [-Wcpp]
 #warning  The xbasics_type.h file is deprecated and users should use xil_types.h and xil_assert.
  ^
../../trial_delay_calib_bsp/ps7_cortexa9_0/include/xbasic_types.h:116:2: warning: #warning Please refer the Standalone BSP UG647 for further details [-Wcpp]
 #warning  Please refer the Standalone BSP UG647 for further details
  ^
../src/helloworld.c:25:7: warning: extra tokens at end of #endif directive [enabled by default]
 #endif#define FEET_WIDTH 32
       ^
../src/helloworld.c: In function 'main':
../src/helloworld.c:52:2: warning: implicit declaration of function 'xil_printf' [-Wimplicit-function-declaration]
  xil_printf("helloworld\n");
  ^
../src/helloworld.c:54:20: warning: assignment makes pointer from integer without a cast [enabled by default]
     gpioBrightAddr = GPIO_BRIGHT_BASEADDR;
                    ^
../src/helloworld.c:55:20: warning: assignment makes pointer from integer without a cast [enabled by default]
     gpioThreshAddr = GPIO_THRESH_BASEADDR;
                    ^
Finished building: ../src/helloworld.c
 
Building target: trial_delay_calib.elf
Invoking: ARM gcc linker
arm-xilinx-eabi-gcc -Wl,-T -Wl,../src/lscript.ld -L../../trial_delay_calib_bsp/ps7_cortexa9_0/lib -o "trial_delay_calib.elf"  ./src/helloworld.o ./src/platform.o ./src/uartControl.o   -Wl,--start-group,-lxil,-lgcc,-lc,--end-group
./src/helloworld.o: In function `main':
/home/srihari/Hardware_securiy/Metastability_RO/sdk_trial/trial_delay_calib/Debug/../src/helloworld.c:60: undefined reference to `check'
/home/srihari/Hardware_securiy/Metastability_RO/sdk_trial/trial_delay_calib/Debug/../src/helloworld.c:60: undefined reference to `check'
collect2: error: ld returned 1 exit status
make: *** [trial_delay_calib.elf] Error 1
16:11:00 **** Auto Build of configuration Debug for project trial_delay_calib ****
make all 
Building file: ../src/uartControl.c
Invoking: ARM gcc compiler
arm-xilinx-eabi-gcc -Wall -O0 -g3 -c -fmessage-length=0 -MT"src/uartControl.o" -I../../trial_delay_calib_bsp/ps7_cortexa9_0/include -MMD -MP -MF"src/uartControl.d" -MT"src/uartControl.d" -o "src/uartControl.o" "../src/uartControl.c"
In file included from ../src/uartControl.c:8:0:
../../trial_delay_calib_bsp/ps7_cortexa9_0/include/xbasic_types.h:115:2: warning: #warning The xbasics_type.h file is deprecated and users should use xil_types.h and xil_assert. [-Wcpp]
 #warning  The xbasics_type.h file is deprecated and users should use xil_types.h and xil_assert.
  ^
../../trial_delay_calib_bsp/ps7_cortexa9_0/include/xbasic_types.h:116:2: warning: #warning Please refer the Standalone BSP UG647 for further details [-Wcpp]
 #warning  Please refer the Standalone BSP UG647 for further details
  ^
Finished building: ../src/uartControl.c
 
Building target: trial_delay_calib.elf
Invoking: ARM gcc linker
arm-xilinx-eabi-gcc -Wl,-T -Wl,../src/lscript.ld -L../../trial_delay_calib_bsp/ps7_cortexa9_0/lib -o "trial_delay_calib.elf"  ./src/helloworld.o ./src/platform.o ./src/uartControl.o   -Wl,--start-group,-lxil,-lgcc,-lc,--end-group
Finished building target: trial_delay_calib.elf
 
Invoking: ARM Print Size
arm-xilinx-eabi-size trial_delay_calib.elf  |tee "trial_delay_calib.elf.size"
   text	   data	    bss	    dec	    hex	filename
  73940	   3160	  22812	  99912	  18648	trial_delay_calib.elf
Finished building: trial_delay_calib.elf.size
 
16:11:11 **** Auto Build of configuration Debug for project trial_delay_calib ****
make all 
Building file: ../src/uartControl.c
Invoking: ARM gcc compiler
arm-xilinx-eabi-gcc -Wall -O0 -g3 -c -fmessage-length=0 -MT"src/uartControl.o" -I../../trial_delay_calib_bsp/ps7_cortexa9_0/include -MMD -MP -MF"src/uartControl.d" -MT"src/uartControl.d" -o "src/uartControl.o" "../src/uartControl.c"
In file included from ../src/uartControl.c:8:0:
../../trial_delay_calib_bsp/ps7_cortexa9_0/include/xbasic_types.h:115:2: warning: #warning The xbasics_type.h file is deprecated and users should use xil_types.h and xil_assert. [-Wcpp]
 #warning  The xbasics_type.h file is deprecated and users should use xil_types.h and xil_assert.
  ^
../../trial_delay_calib_bsp/ps7_cortexa9_0/include/xbasic_types.h:116:2: warning: #warning Please refer the Standalone BSP UG647 for further details [-Wcpp]
 #warning  Please refer the Standalone BSP UG647 for further details
  ^
Finished building: ../src/uartControl.c
 
Building target: trial_delay_calib.elf
Invoking: ARM gcc linker
arm-xilinx-eabi-gcc -Wl,-T -Wl,../src/lscript.ld -L../../trial_delay_calib_bsp/ps7_cortexa9_0/lib -o "trial_delay_calib.elf"  ./src/helloworld.o ./src/platform.o ./src/uartControl.o   -Wl,--start-group,-lxil,-lgcc,-lc,--end-group
Finished building target: trial_delay_calib.elf
 
Invoking: ARM Print Size
arm-xilinx-eabi-size trial_delay_calib.elf  |tee "trial_delay_calib.elf.size"
   text	   data	    bss	    dec	    hex	filename
  73940	   3160	  22812	  99912	  18648	trial_delay_calib.elf
Finished building: trial_delay_calib.elf.size
 
16:11:32 **** Incremental Build of configuration Debug for project trial_delay_calib ****
make all 
make: Nothing to be done for `all'.
16:12:33 **** Incremental Build of configuration Debug for project trial_delay_calib ****
make all 
make: Nothing to be done for `all'.
16:13:21 **** Incremental Build of configuration Debug for project trial_delay_calib ****
make all 
make: Nothing to be done for `all'.
16:14:08 **** Incremental Build of configuration Debug for project trial_delay_calib ****
make all 
make: Nothing to be done for `all'.
16:15:31 **** Incremental Build of configuration Debug for project trial_delay_calib ****
make all 
make: Nothing to be done for `all'.
16:15:40 **** Incremental Build of configuration Debug for project trial_delay_calib ****
make all 
make: Nothing to be done for `all'.
16:17:28 **** Incremental Build of configuration Debug for project trial_delay_calib ****
make all 
make: Nothing to be done for `all'.
16:17:41 **** Incremental Build of configuration Debug for project trial_delay_calib ****
make all 
make: Nothing to be done for `all'.
16:26:40 **** Auto Build of configuration Debug for project trial_delay_calib ****
make all 
Building file: ../src/helloworld.c
Invoking: ARM gcc compiler
arm-xilinx-eabi-gcc -Wall -O0 -g3 -c -fmessage-length=0 -MT"src/helloworld.o" -I../../trial_delay_calib_bsp/ps7_cortexa9_0/include -MMD -MP -MF"src/helloworld.d" -MT"src/helloworld.d" -o "src/helloworld.o" "../src/helloworld.c"
In file included from ../src/helloworld.c:22:0:
../../trial_delay_calib_bsp/ps7_cortexa9_0/include/xbasic_types.h:115:2: warning: #warning The xbasics_type.h file is deprecated and users should use xil_types.h and xil_assert. [-Wcpp]
 #warning  The xbasics_type.h file is deprecated and users should use xil_types.h and xil_assert.
  ^
../../trial_delay_calib_bsp/ps7_cortexa9_0/include/xbasic_types.h:116:2: warning: #warning Please refer the Standalone BSP UG647 for further details [-Wcpp]
 #warning  Please refer the Standalone BSP UG647 for further details
  ^
../src/helloworld.c:25:7: warning: extra tokens at end of #endif directive [enabled by default]
 #endif#define FEET_WIDTH 32
       ^
../src/helloworld.c: In function 'main':
../src/helloworld.c:52:2: warning: implicit declaration of function 'xil_printf' [-Wimplicit-function-declaration]
  xil_printf("helloworld\n");
  ^
../src/helloworld.c:54:20: warning: assignment makes pointer from integer without a cast [enabled by default]
     gpioBrightAddr = GPIO_BRIGHT_BASEADDR;
                    ^
../src/helloworld.c:55:20: warning: assignment makes pointer from integer without a cast [enabled by default]
     gpioThreshAddr = GPIO_THRESH_BASEADDR;
                    ^
Finished building: ../src/helloworld.c
 
Building file: ../src/platform.c
Invoking: ARM gcc compiler
arm-xilinx-eabi-gcc -Wall -O0 -g3 -c -fmessage-length=0 -MT"src/platform.o" -I../../trial_delay_calib_bsp/ps7_cortexa9_0/include -MMD -MP -MF"src/platform.d" -MT"src/platform.d" -o "src/platform.o" "../src/platform.c"
Finished building: ../src/platform.c
 
Building file: ../src/uartControl.c
Invoking: ARM gcc compiler
arm-xilinx-eabi-gcc -Wall -O0 -g3 -c -fmessage-length=0 -MT"src/uartControl.o" -I../../trial_delay_calib_bsp/ps7_cortexa9_0/include -MMD -MP -MF"src/uartControl.d" -MT"src/uartControl.d" -o "src/uartControl.o" "../src/uartControl.c"
In file included from ../src/uartControl.c:8:0:
../../trial_delay_calib_bsp/ps7_cortexa9_0/include/xbasic_types.h:115:2: warning: #warning The xbasics_type.h file is deprecated and users should use xil_types.h and xil_assert. [-Wcpp]
 #warning  The xbasics_type.h file is deprecated and users should use xil_types.h and xil_assert.
  ^
../../trial_delay_calib_bsp/ps7_cortexa9_0/include/xbasic_types.h:116:2: warning: #warning Please refer the Standalone BSP UG647 for further details [-Wcpp]
 #warning  Please refer the Standalone BSP UG647 for further details
  ^
Finished building: ../src/uartControl.c
 
Building target: trial_delay_calib.elf
Invoking: ARM gcc linker
arm-xilinx-eabi-gcc -Wl,-T -Wl,../src/lscript.ld -L../../trial_delay_calib_bsp/ps7_cortexa9_0/lib -o "trial_delay_calib.elf"  ./src/helloworld.o ./src/platform.o ./src/uartControl.o   -Wl,--start-group,-lxil,-lgcc,-lc,--end-group
Finished building target: trial_delay_calib.elf
 
Invoking: ARM Print Size
arm-xilinx-eabi-size trial_delay_calib.elf  |tee "trial_delay_calib.elf.size"
   text	   data	    bss	    dec	    hex	filename
  73940	   3160	  22812	  99912	  18648	trial_delay_calib.elf
Finished building: trial_delay_calib.elf.size
 
16:39:39 **** Auto Build of configuration Debug for project trial_delay_calib ****
make all 
Building file: ../src/uartControl.c
Invoking: ARM gcc compiler
arm-xilinx-eabi-gcc -Wall -O0 -g3 -c -fmessage-length=0 -MT"src/uartControl.o" -I../../trial_delay_calib_bsp/ps7_cortexa9_0/include -MMD -MP -MF"src/uartControl.d" -MT"src/uartControl.d" -o "src/uartControl.o" "../src/uartControl.c"
In file included from ../src/uartControl.c:8:0:
../../trial_delay_calib_bsp/ps7_cortexa9_0/include/xbasic_types.h:115:2: warning: #warning The xbasics_type.h file is deprecated and users should use xil_types.h and xil_assert. [-Wcpp]
 #warning  The xbasics_type.h file is deprecated and users should use xil_types.h and xil_assert.
  ^
../../trial_delay_calib_bsp/ps7_cortexa9_0/include/xbasic_types.h:116:2: warning: #warning Please refer the Standalone BSP UG647 for further details [-Wcpp]
 #warning  Please refer the Standalone BSP UG647 for further details
  ^
../src/uartControl.c:26:11: warning: 'uartBuffer' defined but not used [-Wunused-variable]
 static u8 uartBuffer[UART_BUFFER_SIZE]; /* Buffer for Receiving Data */
           ^
Finished building: ../src/uartControl.c
 
Building target: trial_delay_calib.elf
Invoking: ARM gcc linker
arm-xilinx-eabi-gcc -Wl,-T -Wl,../src/lscript.ld -L../../trial_delay_calib_bsp/ps7_cortexa9_0/lib -o "trial_delay_calib.elf"  ./src/helloworld.o ./src/platform.o ./src/uartControl.o   -Wl,--start-group,-lxil,-lgcc,-lc,--end-group
Finished building target: trial_delay_calib.elf
 
Invoking: ARM Print Size
arm-xilinx-eabi-size trial_delay_calib.elf  |tee "trial_delay_calib.elf.size"
   text	   data	    bss	    dec	    hex	filename
  45608	   3032	  22788	  71428	  11704	trial_delay_calib.elf
Finished building: trial_delay_calib.elf.size
 
16:39:52 **** Auto Build of configuration Debug for project trial_delay_calib ****
make all 
Building file: ../src/uartControl.c
Invoking: ARM gcc compiler
arm-xilinx-eabi-gcc -Wall -O0 -g3 -c -fmessage-length=0 -MT"src/uartControl.o" -I../../trial_delay_calib_bsp/ps7_cortexa9_0/include -MMD -MP -MF"src/uartControl.d" -MT"src/uartControl.d" -o "src/uartControl.o" "../src/uartControl.c"
In file included from ../src/uartControl.c:8:0:
../../trial_delay_calib_bsp/ps7_cortexa9_0/include/xbasic_types.h:115:2: warning: #warning The xbasics_type.h file is deprecated and users should use xil_types.h and xil_assert. [-Wcpp]
 #warning  The xbasics_type.h file is deprecated and users should use xil_types.h and xil_assert.
  ^
../../trial_delay_calib_bsp/ps7_cortexa9_0/include/xbasic_types.h:116:2: warning: #warning Please refer the Standalone BSP UG647 for further details [-Wcpp]
 #warning  Please refer the Standalone BSP UG647 for further details
  ^
../src/uartControl.c:26:11: warning: 'uartBuffer' defined but not used [-Wunused-variable]
 static u8 uartBuffer[UART_BUFFER_SIZE]; /* Buffer for Receiving Data */
           ^
Finished building: ../src/uartControl.c
 
Building target: trial_delay_calib.elf
Invoking: ARM gcc linker
arm-xilinx-eabi-gcc -Wl,-T -Wl,../src/lscript.ld -L../../trial_delay_calib_bsp/ps7_cortexa9_0/lib -o "trial_delay_calib.elf"  ./src/helloworld.o ./src/platform.o ./src/uartControl.o   -Wl,--start-group,-lxil,-lgcc,-lc,--end-group
Finished building target: trial_delay_calib.elf
 
Invoking: ARM Print Size
arm-xilinx-eabi-size trial_delay_calib.elf  |tee "trial_delay_calib.elf.size"
   text	   data	    bss	    dec	    hex	filename
  45608	   3032	  22788	  71428	  11704	trial_delay_calib.elf
Finished building: trial_delay_calib.elf.size
 
16:40:45 **** Incremental Build of configuration Debug for project trial_delay_calib ****
make all 
make: Nothing to be done for `all'.
16:41:00 **** Incremental Build of configuration Debug for project trial_delay_calib ****
make all 
make: Nothing to be done for `all'.
16:41:33 **** Incremental Build of configuration Debug for project trial_delay_calib ****
make all 
make: Nothing to be done for `all'.
16:48:17 **** Auto Build of configuration Debug for project trial_delay_calib ****
make all 
Building file: ../src/uartControl.c
Invoking: ARM gcc compiler
arm-xilinx-eabi-gcc -Wall -O0 -g3 -c -fmessage-length=0 -MT"src/uartControl.o" -I../../trial_delay_calib_bsp/ps7_cortexa9_0/include -MMD -MP -MF"src/uartControl.d" -MT"src/uartControl.d" -o "src/uartControl.o" "../src/uartControl.c"
In file included from ../src/uartControl.c:8:0:
../../trial_delay_calib_bsp/ps7_cortexa9_0/include/xbasic_types.h:115:2: warning: #warning The xbasics_type.h file is deprecated and users should use xil_types.h and xil_assert. [-Wcpp]
 #warning  The xbasics_type.h file is deprecated and users should use xil_types.h and xil_assert.
  ^
../../trial_delay_calib_bsp/ps7_cortexa9_0/include/xbasic_types.h:116:2: warning: #warning Please refer the Standalone BSP UG647 for further details [-Wcpp]
 #warning  Please refer the Standalone BSP UG647 for further details
  ^
../src/uartControl.c:26:11: warning: 'uartBuffer' defined but not used [-Wunused-variable]
 static u8 uartBuffer[UART_BUFFER_SIZE]; /* Buffer for Receiving Data */
           ^
Finished building: ../src/uartControl.c
 
Building target: trial_delay_calib.elf
Invoking: ARM gcc linker
arm-xilinx-eabi-gcc -Wl,-T -Wl,../src/lscript.ld -L../../trial_delay_calib_bsp/ps7_cortexa9_0/lib -o "trial_delay_calib.elf"  ./src/helloworld.o ./src/platform.o ./src/uartControl.o   -Wl,--start-group,-lxil,-lgcc,-lc,--end-group
Finished building target: trial_delay_calib.elf
 
Invoking: ARM Print Size
arm-xilinx-eabi-size trial_delay_calib.elf  |tee "trial_delay_calib.elf.size"
   text	   data	    bss	    dec	    hex	filename
  42964	   3032	  22788	  68784	  10cb0	trial_delay_calib.elf
Finished building: trial_delay_calib.elf.size
 
16:48:24 **** Incremental Build of configuration Debug for project trial_delay_calib ****
make all 
make: Nothing to be done for `all'.
16:51:36 **** Auto Build of configuration Debug for project trial_delay_calib ****
make all 
Building file: ../src/helloworld.c
Invoking: ARM gcc compiler
arm-xilinx-eabi-gcc -Wall -O0 -g3 -c -fmessage-length=0 -MT"src/helloworld.o" -I../../trial_delay_calib_bsp/ps7_cortexa9_0/include -MMD -MP -MF"src/helloworld.d" -MT"src/helloworld.d" -o "src/helloworld.o" "../src/helloworld.c"
In file included from ../src/helloworld.c:22:0:
../../trial_delay_calib_bsp/ps7_cortexa9_0/include/xbasic_types.h:115:2: warning: #warning The xbasics_type.h file is deprecated and users should use xil_types.h and xil_assert. [-Wcpp]
 #warning  The xbasics_type.h file is deprecated and users should use xil_types.h and xil_assert.
  ^
../../trial_delay_calib_bsp/ps7_cortexa9_0/include/xbasic_types.h:116:2: warning: #warning Please refer the Standalone BSP UG647 for further details [-Wcpp]
 #warning  Please refer the Standalone BSP UG647 for further details
  ^
../src/helloworld.c:25:7: warning: extra tokens at end of #endif directive [enabled by default]
 #endif#define FEET_WIDTH 32
       ^
../src/helloworld.c: In function 'main':
../src/helloworld.c:52:2: warning: implicit declaration of function 'xil_printf' [-Wimplicit-function-declaration]
  xil_printf("helloworld\n");
  ^
../src/helloworld.c:54:20: warning: assignment makes pointer from integer without a cast [enabled by default]
     gpioBrightAddr = GPIO_BRIGHT_BASEADDR;
                    ^
../src/helloworld.c:55:20: warning: assignment makes pointer from integer without a cast [enabled by default]
     gpioThreshAddr = GPIO_THRESH_BASEADDR;
                    ^
Finished building: ../src/helloworld.c
 
Building target: trial_delay_calib.elf
Invoking: ARM gcc linker
arm-xilinx-eabi-gcc -Wl,-T -Wl,../src/lscript.ld -L../../trial_delay_calib_bsp/ps7_cortexa9_0/lib -o "trial_delay_calib.elf"  ./src/helloworld.o ./src/platform.o ./src/uartControl.o   -Wl,--start-group,-lxil,-lgcc,-lc,--end-group
Finished building target: trial_delay_calib.elf
 
Invoking: ARM Print Size
arm-xilinx-eabi-size trial_delay_calib.elf  |tee "trial_delay_calib.elf.size"
   text	   data	    bss	    dec	    hex	filename
  42964	   3032	  22788	  68784	  10cb0	trial_delay_calib.elf
Finished building: trial_delay_calib.elf.size
 
16:51:37 **** Incremental Build of configuration Debug for project trial_delay_calib ****
make all 
make: Nothing to be done for `all'.
16:52:04 **** Auto Build of configuration Debug for project trial_delay_calib ****
make all 
Building file: ../src/helloworld.c
Invoking: ARM gcc compiler
arm-xilinx-eabi-gcc -Wall -O0 -g3 -c -fmessage-length=0 -MT"src/helloworld.o" -I../../trial_delay_calib_bsp/ps7_cortexa9_0/include -MMD -MP -MF"src/helloworld.d" -MT"src/helloworld.d" -o "src/helloworld.o" "../src/helloworld.c"
In file included from ../src/helloworld.c:22:0:
../../trial_delay_calib_bsp/ps7_cortexa9_0/include/xbasic_types.h:115:2: warning: #warning The xbasics_type.h file is deprecated and users should use xil_types.h and xil_assert. [-Wcpp]
 #warning  The xbasics_type.h file is deprecated and users should use xil_types.h and xil_assert.
  ^
../../trial_delay_calib_bsp/ps7_cortexa9_0/include/xbasic_types.h:116:2: warning: #warning Please refer the Standalone BSP UG647 for further details [-Wcpp]
 #warning  Please refer the Standalone BSP UG647 for further details
  ^
../src/helloworld.c:25:7: warning: extra tokens at end of #endif directive [enabled by default]
 #endif#define FEET_WIDTH 32
       ^
../src/helloworld.c: In function 'main':
../src/helloworld.c:52:2: warning: implicit declaration of function 'xil_printf' [-Wimplicit-function-declaration]
  xil_printf("helloworld\n");
  ^
../src/helloworld.c:54:20: warning: assignment makes pointer from integer without a cast [enabled by default]
     gpioBrightAddr = GPIO_BRIGHT_BASEADDR;
                    ^
../src/helloworld.c:55:20: warning: assignment makes pointer from integer without a cast [enabled by default]
     gpioThreshAddr = GPIO_THRESH_BASEADDR;
                    ^
Finished building: ../src/helloworld.c
 
Building target: trial_delay_calib.elf
Invoking: ARM gcc linker
arm-xilinx-eabi-gcc -Wl,-T -Wl,../src/lscript.ld -L../../trial_delay_calib_bsp/ps7_cortexa9_0/lib -o "trial_delay_calib.elf"  ./src/helloworld.o ./src/platform.o ./src/uartControl.o   -Wl,--start-group,-lxil,-lgcc,-lc,--end-group
Finished building target: trial_delay_calib.elf
 
Invoking: ARM Print Size
arm-xilinx-eabi-size trial_delay_calib.elf  |tee "trial_delay_calib.elf.size"
   text	   data	    bss	    dec	    hex	filename
  42980	   3032	  22788	  68800	  10cc0	trial_delay_calib.elf
Finished building: trial_delay_calib.elf.size
 
16:52:05 **** Incremental Build of configuration Debug for project trial_delay_calib ****
make all 
make: Nothing to be done for `all'.
16:56:45 **** Incremental Build of configuration Debug for project trial_delay_calib ****
make all 
make: Nothing to be done for `all'.
16:57:19 **** Incremental Build of configuration Debug for project trial_delay_calib ****
make all 
make: Nothing to be done for `all'.
16:57:45 **** Incremental Build of configuration Debug for project trial_delay_calib ****
make all 
make: Nothing to be done for `all'.
17:02:51 **** Auto Build of configuration Debug for project trial_delay_calib ****
make all 
Building file: ../src/uartControl.c
Invoking: ARM gcc compiler
arm-xilinx-eabi-gcc -Wall -O0 -g3 -c -fmessage-length=0 -MT"src/uartControl.o" -I../../trial_delay_calib_bsp/ps7_cortexa9_0/include -MMD -MP -MF"src/uartControl.d" -MT"src/uartControl.d" -o "src/uartControl.o" "../src/uartControl.c"
In file included from ../src/uartControl.c:8:0:
../../trial_delay_calib_bsp/ps7_cortexa9_0/include/xbasic_types.h:115:2: warning: #warning The xbasics_type.h file is deprecated and users should use xil_types.h and xil_assert. [-Wcpp]
 #warning  The xbasics_type.h file is deprecated and users should use xil_types.h and xil_assert.
  ^
../../trial_delay_calib_bsp/ps7_cortexa9_0/include/xbasic_types.h:116:2: warning: #warning Please refer the Standalone BSP UG647 for further details [-Wcpp]
 #warning  Please refer the Standalone BSP UG647 for further details
  ^
Finished building: ../src/uartControl.c
 
Building target: trial_delay_calib.elf
Invoking: ARM gcc linker
arm-xilinx-eabi-gcc -Wl,-T -Wl,../src/lscript.ld -L../../trial_delay_calib_bsp/ps7_cortexa9_0/lib -o "trial_delay_calib.elf"  ./src/helloworld.o ./src/platform.o ./src/uartControl.o   -Wl,--start-group,-lxil,-lgcc,-lc,--end-group
Finished building target: trial_delay_calib.elf
 
Invoking: ARM Print Size
arm-xilinx-eabi-size trial_delay_calib.elf  |tee "trial_delay_calib.elf.size"
   text	   data	    bss	    dec	    hex	filename
  43044	   3032	  22788	  68864	  10d00	trial_delay_calib.elf
Finished building: trial_delay_calib.elf.size
 
17:02:57 **** Incremental Build of configuration Debug for project trial_delay_calib ****
make all 
make: Nothing to be done for `all'.
17:05:02 **** Auto Build of configuration Debug for project trial_delay_calib ****
make all 
Building file: ../src/helloworld.c
Invoking: ARM gcc compiler
arm-xilinx-eabi-gcc -Wall -O0 -g3 -c -fmessage-length=0 -MT"src/helloworld.o" -I../../trial_delay_calib_bsp/ps7_cortexa9_0/include -MMD -MP -MF"src/helloworld.d" -MT"src/helloworld.d" -o "src/helloworld.o" "../src/helloworld.c"
In file included from ../src/helloworld.c:22:0:
../../trial_delay_calib_bsp/ps7_cortexa9_0/include/xbasic_types.h:115:2: warning: #warning The xbasics_type.h file is deprecated and users should use xil_types.h and xil_assert. [-Wcpp]
 #warning  The xbasics_type.h file is deprecated and users should use xil_types.h and xil_assert.
  ^
../../trial_delay_calib_bsp/ps7_cortexa9_0/include/xbasic_types.h:116:2: warning: #warning Please refer the Standalone BSP UG647 for further details [-Wcpp]
 #warning  Please refer the Standalone BSP UG647 for further details
  ^
../src/helloworld.c:25:7: warning: extra tokens at end of #endif directive [enabled by default]
 #endif#define FEET_WIDTH 32
       ^
../src/helloworld.c: In function 'main':
../src/helloworld.c:52:2: warning: implicit declaration of function 'xil_printf' [-Wimplicit-function-declaration]
  xil_printf("helloworld\n");
  ^
../src/helloworld.c:54:20: warning: assignment makes pointer from integer without a cast [enabled by default]
     gpioBrightAddr = GPIO_BRIGHT_BASEADDR;
                    ^
../src/helloworld.c:55:20: warning: assignment makes pointer from integer without a cast [enabled by default]
     gpioThreshAddr = GPIO_THRESH_BASEADDR;
                    ^
../src/helloworld.c:61:8: warning: implicit declaration of function 'XUartPs_Recv' [-Wimplicit-function-declaration]
        ReceivedCount = XUartPs_Recv(&UartPs, &RecvBuffer[ReceivedCount],
        ^
../src/helloworld.c:61:38: error: 'UartPs' undeclared (first use in this function)
        ReceivedCount = XUartPs_Recv(&UartPs, &RecvBuffer[ReceivedCount],
                                      ^
../src/helloworld.c:61:38: note: each undeclared identifier is reported only once for each function it appears in
../src/helloworld.c:61:47: error: 'RecvBuffer' undeclared (first use in this function)
        ReceivedCount = XUartPs_Recv(&UartPs, &RecvBuffer[ReceivedCount],
                                               ^
../src/helloworld.c:62:21: error: 'Uart_Ps' undeclared (first use in this function)
       XUartPs_Recv(&Uart_Ps, uartBuffer, 1);
                     ^
../src/helloworld.c:62:30: error: 'uartBuffer' undeclared (first use in this function)
       XUartPs_Recv(&Uart_Ps, uartBuffer, 1);
                              ^
../src/helloworld.c:62:44: error: expected ')' before ';' token
       XUartPs_Recv(&Uart_Ps, uartBuffer, 1);
                                            ^
../src/helloworld.c:63:9: error: expected ';' before '}' token
         }
         ^
../src/helloworld.c:59:9: warning: variable 'ReceivedCount' set but not used [-Wunused-but-set-variable]
     int ReceivedCount;
         ^
make: *** [src/helloworld.o] Error 1
17:05:26 **** Auto Build of configuration Debug for project trial_delay_calib ****
make all 
Building file: ../src/helloworld.c
Invoking: ARM gcc compiler
arm-xilinx-eabi-gcc -Wall -O0 -g3 -c -fmessage-length=0 -MT"src/helloworld.o" -I../../trial_delay_calib_bsp/ps7_cortexa9_0/include -MMD -MP -MF"src/helloworld.d" -MT"src/helloworld.d" -o "src/helloworld.o" "../src/helloworld.c"
In file included from ../src/helloworld.c:22:0:
../../trial_delay_calib_bsp/ps7_cortexa9_0/include/xbasic_types.h:115:2: warning: #warning The xbasics_type.h file is deprecated and users should use xil_types.h and xil_assert. [-Wcpp]
 #warning  The xbasics_type.h file is deprecated and users should use xil_types.h and xil_assert.
  ^
../../trial_delay_calib_bsp/ps7_cortexa9_0/include/xbasic_types.h:116:2: warning: #warning Please refer the Standalone BSP UG647 for further details [-Wcpp]
 #warning  Please refer the Standalone BSP UG647 for further details
  ^
../src/helloworld.c:25:7: warning: extra tokens at end of #endif directive [enabled by default]
 #endif#define FEET_WIDTH 32
       ^
../src/helloworld.c: In function 'main':
../src/helloworld.c:52:2: warning: implicit declaration of function 'xil_printf' [-Wimplicit-function-declaration]
  xil_printf("helloworld\n");
  ^
../src/helloworld.c:54:20: warning: assignment makes pointer from integer without a cast [enabled by default]
     gpioBrightAddr = GPIO_BRIGHT_BASEADDR;
                    ^
../src/helloworld.c:55:20: warning: assignment makes pointer from integer without a cast [enabled by default]
     gpioThreshAddr = GPIO_THRESH_BASEADDR;
                    ^
../src/helloworld.c:61:8: warning: implicit declaration of function 'XUartPs_Recv' [-Wimplicit-function-declaration]
        ReceivedCount = XUartPs_Recv(&UartPs, &uartBuffer[ReceivedCount]);
        ^
../src/helloworld.c:61:38: error: 'UartPs' undeclared (first use in this function)
        ReceivedCount = XUartPs_Recv(&UartPs, &uartBuffer[ReceivedCount]);
                                      ^
../src/helloworld.c:61:38: note: each undeclared identifier is reported only once for each function it appears in
../src/helloworld.c:61:47: error: 'uartBuffer' undeclared (first use in this function)
        ReceivedCount = XUartPs_Recv(&UartPs, &uartBuffer[ReceivedCount]);
                                               ^
../src/helloworld.c:62:21: error: 'Uart_Ps' undeclared (first use in this function)
       XUartPs_Recv(&Uart_Ps, uartBuffer, 1);
                     ^
../src/helloworld.c:59:9: warning: variable 'ReceivedCount' set but not used [-Wunused-but-set-variable]
     int ReceivedCount;
         ^
make: *** [src/helloworld.o] Error 1
17:06:18 **** Auto Build of configuration Debug for project trial_delay_calib ****
make all 
Building file: ../src/helloworld.c
Invoking: ARM gcc compiler
arm-xilinx-eabi-gcc -Wall -O0 -g3 -c -fmessage-length=0 -MT"src/helloworld.o" -I../../trial_delay_calib_bsp/ps7_cortexa9_0/include -MMD -MP -MF"src/helloworld.d" -MT"src/helloworld.d" -o "src/helloworld.o" "../src/helloworld.c"
In file included from ../src/helloworld.c:22:0:
../../trial_delay_calib_bsp/ps7_cortexa9_0/include/xbasic_types.h:115:2: warning: #warning The xbasics_type.h file is deprecated and users should use xil_types.h and xil_assert. [-Wcpp]
 #warning  The xbasics_type.h file is deprecated and users should use xil_types.h and xil_assert.
  ^
../../trial_delay_calib_bsp/ps7_cortexa9_0/include/xbasic_types.h:116:2: warning: #warning Please refer the Standalone BSP UG647 for further details [-Wcpp]
 #warning  Please refer the Standalone BSP UG647 for further details
  ^
../src/helloworld.c:25:7: warning: extra tokens at end of #endif directive [enabled by default]
 #endif#define FEET_WIDTH 32
       ^
../src/helloworld.c: In function 'main':
../src/helloworld.c:52:2: warning: implicit declaration of function 'xil_printf' [-Wimplicit-function-declaration]
  xil_printf("helloworld\n");
  ^
../src/helloworld.c:54:20: warning: assignment makes pointer from integer without a cast [enabled by default]
     gpioBrightAddr = GPIO_BRIGHT_BASEADDR;
                    ^
../src/helloworld.c:55:20: warning: assignment makes pointer from integer without a cast [enabled by default]
     gpioThreshAddr = GPIO_THRESH_BASEADDR;
                    ^
../src/helloworld.c:62:8: warning: implicit declaration of function 'XUartPs_Recv' [-Wimplicit-function-declaration]
        ReceivedCount = XUartPs_Recv(&UartPs, &somma,1);
        ^
../src/helloworld.c:62:38: error: 'UartPs' undeclared (first use in this function)
        ReceivedCount = XUartPs_Recv(&UartPs, &somma,1);
                                      ^
../src/helloworld.c:62:38: note: each undeclared identifier is reported only once for each function it appears in
../src/helloworld.c:63:23: error: 'Uart_Ps' undeclared (first use in this function)
         XUartPs_Recv(&Uart_Ps, &somma, 1);
                       ^
../src/helloworld.c:59:9: warning: variable 'ReceivedCount' set but not used [-Wunused-but-set-variable]
     int ReceivedCount;
         ^
make: *** [src/helloworld.o] Error 1
17:07:05 **** Auto Build of configuration Debug for project trial_delay_calib ****
make all 
Building file: ../src/helloworld.c
Invoking: ARM gcc compiler
arm-xilinx-eabi-gcc -Wall -O0 -g3 -c -fmessage-length=0 -MT"src/helloworld.o" -I../../trial_delay_calib_bsp/ps7_cortexa9_0/include -MMD -MP -MF"src/helloworld.d" -MT"src/helloworld.d" -o "src/helloworld.o" "../src/helloworld.c"
In file included from ../src/helloworld.c:9:0:
../src/uartControl.h:5:1: error: unknown type name 'XUartPs'
 extern XUartPs Uart_Ps;
 ^
In file included from ../src/helloworld.c:22:0:
../../trial_delay_calib_bsp/ps7_cortexa9_0/include/xbasic_types.h:115:2: warning: #warning The xbasics_type.h file is deprecated and users should use xil_types.h and xil_assert. [-Wcpp]
 #warning  The xbasics_type.h file is deprecated and users should use xil_types.h and xil_assert.
  ^
../../trial_delay_calib_bsp/ps7_cortexa9_0/include/xbasic_types.h:116:2: warning: #warning Please refer the Standalone BSP UG647 for further details [-Wcpp]
 #warning  Please refer the Standalone BSP UG647 for further details
  ^
../src/helloworld.c:25:7: warning: extra tokens at end of #endif directive [enabled by default]
 #endif#define FEET_WIDTH 32
       ^
../src/helloworld.c: In function 'main':
../src/helloworld.c:52:2: warning: implicit declaration of function 'xil_printf' [-Wimplicit-function-declaration]
  xil_printf("helloworld\n");
  ^
../src/helloworld.c:54:20: warning: assignment makes pointer from integer without a cast [enabled by default]
     gpioBrightAddr = GPIO_BRIGHT_BASEADDR;
                    ^
../src/helloworld.c:55:20: warning: assignment makes pointer from integer without a cast [enabled by default]
     gpioThreshAddr = GPIO_THRESH_BASEADDR;
                    ^
../src/helloworld.c:62:8: warning: implicit declaration of function 'XUartPs_Recv' [-Wimplicit-function-declaration]
        ReceivedCount = XUartPs_Recv(&UartPs, &somma,1);
        ^
../src/helloworld.c:62:38: error: 'UartPs' undeclared (first use in this function)
        ReceivedCount = XUartPs_Recv(&UartPs, &somma,1);
                                      ^
../src/helloworld.c:62:38: note: each undeclared identifier is reported only once for each function it appears in
../src/helloworld.c:59:9: warning: variable 'ReceivedCount' set but not used [-Wunused-but-set-variable]
     int ReceivedCount;
         ^
make: *** [src/helloworld.o] Error 1
17:07:17 **** Auto Build of configuration Debug for project trial_delay_calib ****
make all 
Building file: ../src/helloworld.c
Invoking: ARM gcc compiler
arm-xilinx-eabi-gcc -Wall -O0 -g3 -c -fmessage-length=0 -MT"src/helloworld.o" -I../../trial_delay_calib_bsp/ps7_cortexa9_0/include -MMD -MP -MF"src/helloworld.d" -MT"src/helloworld.d" -o "src/helloworld.o" "../src/helloworld.c"
In file included from ../src/helloworld.c:22:0:
../../trial_delay_calib_bsp/ps7_cortexa9_0/include/xbasic_types.h:115:2: warning: #warning The xbasics_type.h file is deprecated and users should use xil_types.h and xil_assert. [-Wcpp]
 #warning  The xbasics_type.h file is deprecated and users should use xil_types.h and xil_assert.
  ^
../../trial_delay_calib_bsp/ps7_cortexa9_0/include/xbasic_types.h:116:2: warning: #warning Please refer the Standalone BSP UG647 for further details [-Wcpp]
 #warning  Please refer the Standalone BSP UG647 for further details
  ^
../src/helloworld.c:25:7: warning: extra tokens at end of #endif directive [enabled by default]
 #endif#define FEET_WIDTH 32
       ^
../src/helloworld.c: In function 'main':
../src/helloworld.c:54:20: warning: assignment makes pointer from integer without a cast [enabled by default]
     gpioBrightAddr = GPIO_BRIGHT_BASEADDR;
                    ^
../src/helloworld.c:55:20: warning: assignment makes pointer from integer without a cast [enabled by default]
     gpioThreshAddr = GPIO_THRESH_BASEADDR;
                    ^
../src/helloworld.c:62:38: error: 'UartPs' undeclared (first use in this function)
        ReceivedCount = XUartPs_Recv(&UartPs, &somma,1);
                                      ^
../src/helloworld.c:62:38: note: each undeclared identifier is reported only once for each function it appears in
../src/helloworld.c:62:8: warning: pointer targets in passing argument 2 of 'XUartPs_Recv' differ in signedness [-Wpointer-sign]
        ReceivedCount = XUartPs_Recv(&UartPs, &somma,1);
        ^
In file included from ../src/uartControl.h:3:0,
                 from ../src/helloworld.c:9:
../../trial_delay_calib_bsp/ps7_cortexa9_0/include/xuartps.h:450:14: note: expected 'u8 *' but argument is of type 'char *'
 unsigned int XUartPs_Recv(XUartPs *InstancePtr, u8 *BufferPtr,
              ^
../src/helloworld.c:63:9: warning: pointer targets in passing argument 2 of 'XUartPs_Recv' differ in signedness [-Wpointer-sign]
         XUartPs_Recv(&Uart_Ps, &somma, 1);
         ^
In file included from ../src/uartControl.h:3:0,
                 from ../src/helloworld.c:9:
../../trial_delay_calib_bsp/ps7_cortexa9_0/include/xuartps.h:450:14: note: expected 'u8 *' but argument is of type 'char *'
 unsigned int XUartPs_Recv(XUartPs *InstancePtr, u8 *BufferPtr,
              ^
../src/helloworld.c:59:9: warning: variable 'ReceivedCount' set but not used [-Wunused-but-set-variable]
     int ReceivedCount;
         ^
make: *** [src/helloworld.o] Error 1
17:07:47 **** Auto Build of configuration Debug for project trial_delay_calib ****
make all 
Building file: ../src/helloworld.c
Invoking: ARM gcc compiler
arm-xilinx-eabi-gcc -Wall -O0 -g3 -c -fmessage-length=0 -MT"src/helloworld.o" -I../../trial_delay_calib_bsp/ps7_cortexa9_0/include -MMD -MP -MF"src/helloworld.d" -MT"src/helloworld.d" -o "src/helloworld.o" "../src/helloworld.c"
In file included from ../src/helloworld.c:22:0:
../../trial_delay_calib_bsp/ps7_cortexa9_0/include/xbasic_types.h:115:2: warning: #warning The xbasics_type.h file is deprecated and users should use xil_types.h and xil_assert. [-Wcpp]
 #warning  The xbasics_type.h file is deprecated and users should use xil_types.h and xil_assert.
  ^
../../trial_delay_calib_bsp/ps7_cortexa9_0/include/xbasic_types.h:116:2: warning: #warning Please refer the Standalone BSP UG647 for further details [-Wcpp]
 #warning  Please refer the Standalone BSP UG647 for further details
  ^
../src/helloworld.c:25:7: warning: extra tokens at end of #endif directive [enabled by default]
 #endif#define FEET_WIDTH 32
       ^
../src/helloworld.c: In function 'main':
../src/helloworld.c:54:20: warning: assignment makes pointer from integer without a cast [enabled by default]
     gpioBrightAddr = GPIO_BRIGHT_BASEADDR;
                    ^
../src/helloworld.c:55:20: warning: assignment makes pointer from integer without a cast [enabled by default]
     gpioThreshAddr = GPIO_THRESH_BASEADDR;
                    ^
../src/helloworld.c:62:38: error: 'UartPs' undeclared (first use in this function)
        ReceivedCount = XUartPs_Recv(&UartPs, &somma,1);
                                      ^
../src/helloworld.c:62:38: note: each undeclared identifier is reported only once for each function it appears in
../src/helloworld.c:62:8: warning: pointer targets in passing argument 2 of 'XUartPs_Recv' differ in signedness [-Wpointer-sign]
        ReceivedCount = XUartPs_Recv(&UartPs, &somma,1);
        ^
In file included from ../src/uartControl.h:2:0,
                 from ../src/helloworld.c:9:
../../trial_delay_calib_bsp/ps7_cortexa9_0/include/xuartps.h:450:14: note: expected 'u8 *' but argument is of type 'char *'
 unsigned int XUartPs_Recv(XUartPs *InstancePtr, u8 *BufferPtr,
              ^
../src/helloworld.c:63:9: warning: pointer targets in passing argument 2 of 'XUartPs_Recv' differ in signedness [-Wpointer-sign]
         XUartPs_Recv(&Uart_Ps, &somma, 1);
         ^
In file included from ../src/uartControl.h:2:0,
                 from ../src/helloworld.c:9:
../../trial_delay_calib_bsp/ps7_cortexa9_0/include/xuartps.h:450:14: note: expected 'u8 *' but argument is of type 'char *'
 unsigned int XUartPs_Recv(XUartPs *InstancePtr, u8 *BufferPtr,
              ^
../src/helloworld.c:59:9: warning: variable 'ReceivedCount' set but not used [-Wunused-but-set-variable]
     int ReceivedCount;
         ^
make: *** [src/helloworld.o] Error 1
17:07:51 **** Auto Build of configuration Debug for project trial_delay_calib ****
make all 
Building file: ../src/helloworld.c
Invoking: ARM gcc compiler
arm-xilinx-eabi-gcc -Wall -O0 -g3 -c -fmessage-length=0 -MT"src/helloworld.o" -I../../trial_delay_calib_bsp/ps7_cortexa9_0/include -MMD -MP -MF"src/helloworld.d" -MT"src/helloworld.d" -o "src/helloworld.o" "../src/helloworld.c"
In file included from ../src/helloworld.c:22:0:
../../trial_delay_calib_bsp/ps7_cortexa9_0/include/xbasic_types.h:115:2: warning: #warning The xbasics_type.h file is deprecated and users should use xil_types.h and xil_assert. [-Wcpp]
 #warning  The xbasics_type.h file is deprecated and users should use xil_types.h and xil_assert.
  ^
../../trial_delay_calib_bsp/ps7_cortexa9_0/include/xbasic_types.h:116:2: warning: #warning Please refer the Standalone BSP UG647 for further details [-Wcpp]
 #warning  Please refer the Standalone BSP UG647 for further details
  ^
../src/helloworld.c:25:7: warning: extra tokens at end of #endif directive [enabled by default]
 #endif#define FEET_WIDTH 32
       ^
../src/helloworld.c: In function 'main':
../src/helloworld.c:54:20: warning: assignment makes pointer from integer without a cast [enabled by default]
     gpioBrightAddr = GPIO_BRIGHT_BASEADDR;
                    ^
../src/helloworld.c:55:20: warning: assignment makes pointer from integer without a cast [enabled by default]
     gpioThreshAddr = GPIO_THRESH_BASEADDR;
                    ^
../src/helloworld.c:62:38: error: 'UartPs' undeclared (first use in this function)
        ReceivedCount = XUartPs_Recv(&UartPs, &somma,1);
                                      ^
../src/helloworld.c:62:38: note: each undeclared identifier is reported only once for each function it appears in
../src/helloworld.c:62:8: warning: pointer targets in passing argument 2 of 'XUartPs_Recv' differ in signedness [-Wpointer-sign]
        ReceivedCount = XUartPs_Recv(&UartPs, &somma,1);
        ^
In file included from ../src/uartControl.h:2:0,
                 from ../src/helloworld.c:9:
../../trial_delay_calib_bsp/ps7_cortexa9_0/include/xuartps.h:450:14: note: expected 'u8 *' but argument is of type 'char *'
 unsigned int XUartPs_Recv(XUartPs *InstancePtr, u8 *BufferPtr,
              ^
../src/helloworld.c:63:9: warning: pointer targets in passing argument 2 of 'XUartPs_Recv' differ in signedness [-Wpointer-sign]
         XUartPs_Recv(&Uart_Ps, &somma, 1);
         ^
In file included from ../src/uartControl.h:2:0,
                 from ../src/helloworld.c:9:
../../trial_delay_calib_bsp/ps7_cortexa9_0/include/xuartps.h:450:14: note: expected 'u8 *' but argument is of type 'char *'
 unsigned int XUartPs_Recv(XUartPs *InstancePtr, u8 *BufferPtr,
              ^
../src/helloworld.c:59:9: warning: variable 'ReceivedCount' set but not used [-Wunused-but-set-variable]
     int ReceivedCount;
         ^
make: *** [src/helloworld.o] Error 1
17:08:17 **** Auto Build of configuration Debug for project trial_delay_calib ****
make all 
Building file: ../src/helloworld.c
Invoking: ARM gcc compiler
arm-xilinx-eabi-gcc -Wall -O0 -g3 -c -fmessage-length=0 -MT"src/helloworld.o" -I../../trial_delay_calib_bsp/ps7_cortexa9_0/include -MMD -MP -MF"src/helloworld.d" -MT"src/helloworld.d" -o "src/helloworld.o" "../src/helloworld.c"
In file included from ../src/helloworld.c:22:0:
../../trial_delay_calib_bsp/ps7_cortexa9_0/include/xbasic_types.h:115:2: warning: #warning The xbasics_type.h file is deprecated and users should use xil_types.h and xil_assert. [-Wcpp]
 #warning  The xbasics_type.h file is deprecated and users should use xil_types.h and xil_assert.
  ^
../../trial_delay_calib_bsp/ps7_cortexa9_0/include/xbasic_types.h:116:2: warning: #warning Please refer the Standalone BSP UG647 for further details [-Wcpp]
 #warning  Please refer the Standalone BSP UG647 for further details
  ^
../src/helloworld.c:25:7: warning: extra tokens at end of #endif directive [enabled by default]
 #endif#define FEET_WIDTH 32
       ^
../src/helloworld.c: In function 'main':
../src/helloworld.c:54:20: warning: assignment makes pointer from integer without a cast [enabled by default]
     gpioBrightAddr = GPIO_BRIGHT_BASEADDR;
                    ^
../src/helloworld.c:55:20: warning: assignment makes pointer from integer without a cast [enabled by default]
     gpioThreshAddr = GPIO_THRESH_BASEADDR;
                    ^
../src/helloworld.c:62:8: warning: pointer targets in passing argument 2 of 'XUartPs_Recv' differ in signedness [-Wpointer-sign]
        ReceivedCount = XUartPs_Recv(&Uart_Ps, &somma,1);
        ^
In file included from ../src/uartControl.h:2:0,
                 from ../src/helloworld.c:9:
../../trial_delay_calib_bsp/ps7_cortexa9_0/include/xuartps.h:450:14: note: expected 'u8 *' but argument is of type 'char *'
 unsigned int XUartPs_Recv(XUartPs *InstancePtr, u8 *BufferPtr,
              ^
../src/helloworld.c:63:9: warning: pointer targets in passing argument 2 of 'XUartPs_Recv' differ in signedness [-Wpointer-sign]
         XUartPs_Recv(&Uart_Ps, &somma, 1);
         ^
In file included from ../src/uartControl.h:2:0,
                 from ../src/helloworld.c:9:
../../trial_delay_calib_bsp/ps7_cortexa9_0/include/xuartps.h:450:14: note: expected 'u8 *' but argument is of type 'char *'
 unsigned int XUartPs_Recv(XUartPs *InstancePtr, u8 *BufferPtr,
              ^
../src/helloworld.c:59:9: warning: variable 'ReceivedCount' set but not used [-Wunused-but-set-variable]
     int ReceivedCount;
         ^
Finished building: ../src/helloworld.c
 
Building file: ../src/uartControl.c
Invoking: ARM gcc compiler
[...]
make all 
Building file: ../src/helloworld.c
Invoking: ARM gcc compiler
arm-xilinx-eabi-gcc -Wall -O0 -g3 -c -fmessage-length=0 -MT"src/helloworld.o" -I../../metastability_collect_data_bsp/ps7_cortexa9_0/include -MMD -MP -MF"src/helloworld.d" -MT"src/helloworld.d" -o "src/helloworld.o" "../src/helloworld.c"
../src/helloworld.c: In function 'Handler':
../src/helloworld.c:599:3: warning: pointer targets in passing argument 2 of 'XUartPs_Send' differ in signedness [-Wpointer-sign]
   XUartPs_Send(&Uart_Ps, &test, 1) ;
   ^
In file included from ../src/helloworld.c:153:0:
../../metastability_collect_data_bsp/ps7_cortexa9_0/include/xuartps.h:447:14: note: expected 'u8 *' but argument is of type 'char *'
 unsigned int XUartPs_Send(XUartPs *InstancePtr, u8 *BufferPtr,
              ^
../src/helloworld.c:601:3: warning: pointer targets in passing argument 2 of 'XUartPs_Send' differ in signedness [-Wpointer-sign]
   XUartPs_Send(&Uart_Ps, &test, 1);
   ^
In file included from ../src/helloworld.c:153:0:
../../metastability_collect_data_bsp/ps7_cortexa9_0/include/xuartps.h:447:14: note: expected 'u8 *' but argument is of type 'char *'
 unsigned int XUartPs_Send(XUartPs *InstancePtr, u8 *BufferPtr,
              ^
../src/helloworld.c:603:3: warning: pointer targets in passing argument 2 of 'XUartPs_Send' differ in signedness [-Wpointer-sign]
   XUartPs_Send(&Uart_Ps, &test, 1);
   ^
In file included from ../src/helloworld.c:153:0:
../../metastability_collect_data_bsp/ps7_cortexa9_0/include/xuartps.h:447:14: note: expected 'u8 *' but argument is of type 'char *'
 unsigned int XUartPs_Send(XUartPs *InstancePtr, u8 *BufferPtr,
              ^
../src/helloworld.c:605:3: warning: pointer targets in passing argument 2 of 'XUartPs_Send' differ in signedness [-Wpointer-sign]
   XUartPs_Send(&Uart_Ps, &test, 1);
   ^
In file included from ../src/helloworld.c:153:0:
../../metastability_collect_data_bsp/ps7_cortexa9_0/include/xuartps.h:447:14: note: expected 'u8 *' but argument is of type 'char *'
 unsigned int XUartPs_Send(XUartPs *InstancePtr, u8 *BufferPtr,
              ^
../src/helloworld.c:607:3: warning: pointer targets in passing argument 2 of 'XUartPs_Send' differ in signedness [-Wpointer-sign]
   XUartPs_Send(&Uart_Ps, &test, 1);
   ^
In file included from ../src/helloworld.c:153:0:
../../metastability_collect_data_bsp/ps7_cortexa9_0/include/xuartps.h:447:14: note: expected 'u8 *' but argument is of type 'char *'
 unsigned int XUartPs_Send(XUartPs *InstancePtr, u8 *BufferPtr,
              ^
../src/helloworld.c:609:3: warning: pointer targets in passing argument 2 of 'XUartPs_Send' differ in signedness [-Wpointer-sign]
   XUartPs_Send(&Uart_Ps, &test, 1);
   ^
In file included from ../src/helloworld.c:153:0:
../../metastability_collect_data_bsp/ps7_cortexa9_0/include/xuartps.h:447:14: note: expected 'u8 *' but argument is of type 'char *'
 unsigned int XUartPs_Send(XUartPs *InstancePtr, u8 *BufferPtr,
              ^
../src/helloworld.c:615:4: warning: pointer targets in passing argument 2 of 'XUartPs_Send' differ in signedness [-Wpointer-sign]
    XUartPs_Send(&Uart_Ps, &test, 1) ;
    ^
In file included from ../src/helloworld.c:153:0:
../../metastability_collect_data_bsp/ps7_cortexa9_0/include/xuartps.h:447:14: note: expected 'u8 *' but argument is of type 'char *'
 unsigned int XUartPs_Send(XUartPs *InstancePtr, u8 *BufferPtr,
              ^
../src/helloworld.c:617:4: warning: pointer targets in passing argument 2 of 'XUartPs_Send' differ in signedness [-Wpointer-sign]
    XUartPs_Send(&Uart_Ps, &test, 1);
    ^
In file included from ../src/helloworld.c:153:0:
../../metastability_collect_data_bsp/ps7_cortexa9_0/include/xuartps.h:447:14: note: expected 'u8 *' but argument is of type 'char *'
 unsigned int XUartPs_Send(XUartPs *InstancePtr, u8 *BufferPtr,
              ^
../src/helloworld.c:619:4: warning: pointer targets in passing argument 2 of 'XUartPs_Send' differ in signedness [-Wpointer-sign]
    XUartPs_Send(&Uart_Ps, &test, 1);
    ^
In file included from ../src/helloworld.c:153:0:
../../metastability_collect_data_bsp/ps7_cortexa9_0/include/xuartps.h:447:14: note: expected 'u8 *' but argument is of type 'char *'
 unsigned int XUartPs_Send(XUartPs *InstancePtr, u8 *BufferPtr,
              ^
../src/helloworld.c:621:4: warning: pointer targets in passing argument 2 of 'XUartPs_Send' differ in signedness [-Wpointer-sign]
    XUartPs_Send(&Uart_Ps, &test, 1);
    ^
In file included from ../src/helloworld.c:153:0:
../../metastability_collect_data_bsp/ps7_cortexa9_0/include/xuartps.h:447:14: note: expected 'u8 *' but argument is of type 'char *'
 unsigned int XUartPs_Send(XUartPs *InstancePtr, u8 *BufferPtr,
              ^
../src/helloworld.c:623:4: warning: pointer targets in passing argument 2 of 'XUartPs_Send' differ in signedness [-Wpointer-sign]
    XUartPs_Send(&Uart_Ps, &test, 1);
    ^
In file included from ../src/helloworld.c:153:0:
../../metastability_collect_data_bsp/ps7_cortexa9_0/include/xuartps.h:447:14: note: expected 'u8 *' but argument is of type 'char *'
 unsigned int XUartPs_Send(XUartPs *InstancePtr, u8 *BufferPtr,
              ^
../src/helloworld.c:625:4: warning: pointer targets in passing argument 2 of 'XUartPs_Send' differ in signedness [-Wpointer-sign]
    XUartPs_Send(&Uart_Ps, &test, 1);
    ^
In file included from ../src/helloworld.c:153:0:
../../metastability_collect_data_bsp/ps7_cortexa9_0/include/xuartps.h:447:14: note: expected 'u8 *' but argument is of type 'char *'
 unsigned int XUartPs_Send(XUartPs *InstancePtr, u8 *BufferPtr,
              ^
../src/helloworld.c: At top level:
../src/helloworld.c:173:11: warning: 'SendBuffer' defined but not used [-Wunused-variable]
 static u8 SendBuffer[TEST_BUFFER_SIZE]; /* Buffer for Transmitting Data */
           ^
../src/helloworld.c:205:11: warning: 'RecvBuffer' defined but not used [-Wunused-variable]
 static u8 RecvBuffer[TEST_BUFFER_SIZE]; /* Buffer for Receiving Data */
           ^
Finished building: ../src/helloworld.c
 
Building target: metastability_collect_data.elf
Invoking: ARM gcc linker
arm-xilinx-eabi-gcc -Wl,-T -Wl,../src/lscript.ld -L../../metastability_collect_data_bsp/ps7_cortexa9_0/lib -o "metastability_collect_data.elf"  ./src/helloworld.o ./src/platform.o   -Wl,--start-group,-lxil,-lgcc,-lc,--end-group
Finished building target: metastability_collect_data.elf
 
Invoking: ARM Print Size
arm-xilinx-eabi-size metastability_collect_data.elf  |tee "metastability_collect_data.elf.size"
   text	   data	    bss	    dec	    hex	filename
  34888	   2040	  22756	  59684	   e924	metastability_collect_data.elf
Finished building: metastability_collect_data.elf.size
 
23:13:07 **** Incremental Build of configuration Debug for project metastability_collect_data ****
make all 
make: Nothing to be done for `all'.
23:13:54 **** Auto Build of configuration Debug for project metastability_collect_data ****
make all 
Building file: ../src/helloworld.c
Invoking: ARM gcc compiler
arm-xilinx-eabi-gcc -Wall -O0 -g3 -c -fmessage-length=0 -MT"src/helloworld.o" -I../../metastability_collect_data_bsp/ps7_cortexa9_0/include -MMD -MP -MF"src/helloworld.d" -MT"src/helloworld.d" -o "src/helloworld.o" "../src/helloworld.c"
../src/helloworld.c: In function 'Handler':
../src/helloworld.c:599:3: warning: pointer targets in passing argument 2 of 'XUartPs_Send' differ in signedness [-Wpointer-sign]
   XUartPs_Send(&Uart_Ps, &test, 1) ;
   ^
In file included from ../src/helloworld.c:153:0:
../../metastability_collect_data_bsp/ps7_cortexa9_0/include/xuartps.h:447:14: note: expected 'u8 *' but argument is of type 'char *'
 unsigned int XUartPs_Send(XUartPs *InstancePtr, u8 *BufferPtr,
              ^
../src/helloworld.c:601:3: warning: pointer targets in passing argument 2 of 'XUartPs_Send' differ in signedness [-Wpointer-sign]
   XUartPs_Send(&Uart_Ps, &test, 1);
   ^
In file included from ../src/helloworld.c:153:0:
../../metastability_collect_data_bsp/ps7_cortexa9_0/include/xuartps.h:447:14: note: expected 'u8 *' but argument is of type 'char *'
 unsigned int XUartPs_Send(XUartPs *InstancePtr, u8 *BufferPtr,
              ^
../src/helloworld.c:603:3: warning: pointer targets in passing argument 2 of 'XUartPs_Send' differ in signedness [-Wpointer-sign]
   XUartPs_Send(&Uart_Ps, &test, 1);
   ^
In file included from ../src/helloworld.c:153:0:
../../metastability_collect_data_bsp/ps7_cortexa9_0/include/xuartps.h:447:14: note: expected 'u8 *' but argument is of type 'char *'
 unsigned int XUartPs_Send(XUartPs *InstancePtr, u8 *BufferPtr,
              ^
../src/helloworld.c:605:3: warning: pointer targets in passing argument 2 of 'XUartPs_Send' differ in signedness [-Wpointer-sign]
   XUartPs_Send(&Uart_Ps, &test, 1);
   ^
In file included from ../src/helloworld.c:153:0:
../../metastability_collect_data_bsp/ps7_cortexa9_0/include/xuartps.h:447:14: note: expected 'u8 *' but argument is of type 'char *'
 unsigned int XUartPs_Send(XUartPs *InstancePtr, u8 *BufferPtr,
              ^
../src/helloworld.c:607:3: warning: pointer targets in passing argument 2 of 'XUartPs_Send' differ in signedness [-Wpointer-sign]
   XUartPs_Send(&Uart_Ps, &test, 1);
   ^
In file included from ../src/helloworld.c:153:0:
../../metastability_collect_data_bsp/ps7_cortexa9_0/include/xuartps.h:447:14: note: expected 'u8 *' but argument is of type 'char *'
 unsigned int XUartPs_Send(XUartPs *InstancePtr, u8 *BufferPtr,
              ^
../src/helloworld.c:609:3: warning: pointer targets in passing argument 2 of 'XUartPs_Send' differ in signedness [-Wpointer-sign]
   XUartPs_Send(&Uart_Ps, &test, 1);
   ^
In file included from ../src/helloworld.c:153:0:
../../metastability_collect_data_bsp/ps7_cortexa9_0/include/xuartps.h:447:14: note: expected 'u8 *' but argument is of type 'char *'
 unsigned int XUartPs_Send(XUartPs *InstancePtr, u8 *BufferPtr,
              ^
../src/helloworld.c:615:4: warning: pointer targets in passing argument 2 of 'XUartPs_Send' differ in signedness [-Wpointer-sign]
    XUartPs_Send(&Uart_Ps, &test, 1) ;
    ^
In file included from ../src/helloworld.c:153:0:
../../metastability_collect_data_bsp/ps7_cortexa9_0/include/xuartps.h:447:14: note: expected 'u8 *' but argument is of type 'char *'
 unsigned int XUartPs_Send(XUartPs *InstancePtr, u8 *BufferPtr,
              ^
../src/helloworld.c:617:4: warning: pointer targets in passing argument 2 of 'XUartPs_Send' differ in signedness [-Wpointer-sign]
    XUartPs_Send(&Uart_Ps, &test, 1);
    ^
In file included from ../src/helloworld.c:153:0:
../../metastability_collect_data_bsp/ps7_cortexa9_0/include/xuartps.h:447:14: note: expected 'u8 *' but argument is of type 'char *'
 unsigned int XUartPs_Send(XUartPs *InstancePtr, u8 *BufferPtr,
              ^
../src/helloworld.c:619:4: warning: pointer targets in passing argument 2 of 'XUartPs_Send' differ in signedness [-Wpointer-sign]
    XUartPs_Send(&Uart_Ps, &test, 1);
    ^
In file included from ../src/helloworld.c:153:0:
../../metastability_collect_data_bsp/ps7_cortexa9_0/include/xuartps.h:447:14: note: expected 'u8 *' but argument is of type 'char *'
 unsigned int XUartPs_Send(XUartPs *InstancePtr, u8 *BufferPtr,
              ^
../src/helloworld.c:621:4: warning: pointer targets in passing argument 2 of 'XUartPs_Send' differ in signedness [-Wpointer-sign]
    XUartPs_Send(&Uart_Ps, &test, 1);
    ^
In file included from ../src/helloworld.c:153:0:
../../metastability_collect_data_bsp/ps7_cortexa9_0/include/xuartps.h:447:14: note: expected 'u8 *' but argument is of type 'char *'
 unsigned int XUartPs_Send(XUartPs *InstancePtr, u8 *BufferPtr,
              ^
../src/helloworld.c:623:4: warning: pointer targets in passing argument 2 of 'XUartPs_Send' differ in signedness [-Wpointer-sign]
    XUartPs_Send(&Uart_Ps, &test, 1);
    ^
In file included from ../src/helloworld.c:153:0:
../../metastability_collect_data_bsp/ps7_cortexa9_0/include/xuartps.h:447:14: note: expected 'u8 *' but argument is of type 'char *'
 unsigned int XUartPs_Send(XUartPs *InstancePtr, u8 *BufferPtr,
              ^
../src/helloworld.c:625:4: warning: pointer targets in passing argument 2 of 'XUartPs_Send' differ in signedness [-Wpointer-sign]
    XUartPs_Send(&Uart_Ps, &test, 1);
    ^
In file included from ../src/helloworld.c:153:0:
../../metastability_collect_data_bsp/ps7_cortexa9_0/include/xuartps.h:447:14: note: expected 'u8 *' but argument is of type 'char *'
 unsigned int XUartPs_Send(XUartPs *InstancePtr, u8 *BufferPtr,
              ^
../src/helloworld.c: At top level:
../src/helloworld.c:205:11: warning: 'RecvBuffer' defined but not used [-Wunused-variable]
 static u8 RecvBuffer[TEST_BUFFER_SIZE]; /* Buffer for Receiving Data */
           ^
Finished building: ../src/helloworld.c
 
Building target: metastability_collect_data.elf
Invoking: ARM gcc linker
arm-xilinx-eabi-gcc -Wl,-T -Wl,../src/lscript.ld -L../../metastability_collect_data_bsp/ps7_cortexa9_0/lib -o "metastability_collect_data.elf"  ./src/helloworld.o ./src/platform.o   -Wl,--start-group,-lxil,-lgcc,-lc,--end-group
Finished building target: metastability_collect_data.elf
 
Invoking: ARM Print Size
arm-xilinx-eabi-size metastability_collect_data.elf  |tee "metastability_collect_data.elf.size"
   text	   data	    bss	    dec	    hex	filename
  34888	   2040	  22756	  59684	   e924	metastability_collect_data.elf
Finished building: metastability_collect_data.elf.size
 
23:14:54 **** Auto Build of configuration Debug for project metastability_collect_data ****
make all 
Building file: ../src/helloworld.c
Invoking: ARM gcc compiler
arm-xilinx-eabi-gcc -Wall -O0 -g3 -c -fmessage-length=0 -MT"src/helloworld.o" -I../../metastability_collect_data_bsp/ps7_cortexa9_0/include -MMD -MP -MF"src/helloworld.d" -MT"src/helloworld.d" -o "src/helloworld.o" "../src/helloworld.c"
../src/helloworld.c: In function 'Handler':
../src/helloworld.c:599:3: warning: pointer targets in passing argument 2 of 'XUartPs_Send' differ in signedness [-Wpointer-sign]
   XUartPs_Send(&Uart_Ps, &test, 1) ;
   ^
In file included from ../src/helloworld.c:153:0:
../../metastability_collect_data_bsp/ps7_cortexa9_0/include/xuartps.h:447:14: note: expected 'u8 *' but argument is of type 'char *'
 unsigned int XUartPs_Send(XUartPs *InstancePtr, u8 *BufferPtr,
              ^
../src/helloworld.c:601:3: warning: pointer targets in passing argument 2 of 'XUartPs_Send' differ in signedness [-Wpointer-sign]
   XUartPs_Send(&Uart_Ps, &test, 1);
   ^
In file included from ../src/helloworld.c:153:0:
../../metastability_collect_data_bsp/ps7_cortexa9_0/include/xuartps.h:447:14: note: expected 'u8 *' but argument is of type 'char *'
 unsigned int XUartPs_Send(XUartPs *InstancePtr, u8 *BufferPtr,
              ^
../src/helloworld.c:603:3: warning: pointer targets in passing argument 2 of 'XUartPs_Send' differ in signedness [-Wpointer-sign]
   XUartPs_Send(&Uart_Ps, &test, 1);
   ^
In file included from ../src/helloworld.c:153:0:
../../metastability_collect_data_bsp/ps7_cortexa9_0/include/xuartps.h:447:14: note: expected 'u8 *' but argument is of type 'char *'
 unsigned int XUartPs_Send(XUartPs *InstancePtr, u8 *BufferPtr,
              ^
../src/helloworld.c:605:3: warning: pointer targets in passing argument 2 of 'XUartPs_Send' differ in signedness [-Wpointer-sign]
   XUartPs_Send(&Uart_Ps, &test, 1);
   ^
In file included from ../src/helloworld.c:153:0:
../../metastability_collect_data_bsp/ps7_cortexa9_0/include/xuartps.h:447:14: note: expected 'u8 *' but argument is of type 'char *'
 unsigned int XUartPs_Send(XUartPs *InstancePtr, u8 *BufferPtr,
              ^
../src/helloworld.c:607:3: warning: pointer targets in passing argument 2 of 'XUartPs_Send' differ in signedness [-Wpointer-sign]
   XUartPs_Send(&Uart_Ps, &test, 1);
   ^
In file included from ../src/helloworld.c:153:0:
../../metastability_collect_data_bsp/ps7_cortexa9_0/include/xuartps.h:447:14: note: expected 'u8 *' but argument is of type 'char *'
 unsigned int XUartPs_Send(XUartPs *InstancePtr, u8 *BufferPtr,
              ^
../src/helloworld.c:609:3: warning: pointer targets in passing argument 2 of 'XUartPs_Send' differ in signedness [-Wpointer-sign]
   XUartPs_Send(&Uart_Ps, &test, 1);
   ^
In file included from ../src/helloworld.c:153:0:
../../metastability_collect_data_bsp/ps7_cortexa9_0/include/xuartps.h:447:14: note: expected 'u8 *' but argument is of type 'char *'
 unsigned int XUartPs_Send(XUartPs *InstancePtr, u8 *BufferPtr,
              ^
../src/helloworld.c:615:4: warning: pointer targets in passing argument 2 of 'XUartPs_Send' differ in signedness [-Wpointer-sign]
    XUartPs_Send(&Uart_Ps, &test, 1) ;
    ^
In file included from ../src/helloworld.c:153:0:
../../metastability_collect_data_bsp/ps7_cortexa9_0/include/xuartps.h:447:14: note: expected 'u8 *' but argument is of type 'char *'
 unsigned int XUartPs_Send(XUartPs *InstancePtr, u8 *BufferPtr,
              ^
../src/helloworld.c:617:4: warning: pointer targets in passing argument 2 of 'XUartPs_Send' differ in signedness [-Wpointer-sign]
    XUartPs_Send(&Uart_Ps, &test, 1);
    ^
In file included from ../src/helloworld.c:153:0:
../../metastability_collect_data_bsp/ps7_cortexa9_0/include/xuartps.h:447:14: note: expected 'u8 *' but argument is of type 'char *'
 unsigned int XUartPs_Send(XUartPs *InstancePtr, u8 *BufferPtr,
              ^
../src/helloworld.c:619:4: warning: pointer targets in passing argument 2 of 'XUartPs_Send' differ in signedness [-Wpointer-sign]
    XUartPs_Send(&Uart_Ps, &test, 1);
    ^
In file included from ../src/helloworld.c:153:0:
../../metastability_collect_data_bsp/ps7_cortexa9_0/include/xuartps.h:447:14: note: expected 'u8 *' but argument is of type 'char *'
 unsigned int XUartPs_Send(XUartPs *InstancePtr, u8 *BufferPtr,
              ^
../src/helloworld.c:621:4: warning: pointer targets in passing argument 2 of 'XUartPs_Send' differ in signedness [-Wpointer-sign]
    XUartPs_Send(&Uart_Ps, &test, 1);
    ^
In file included from ../src/helloworld.c:153:0:
../../metastability_collect_data_bsp/ps7_cortexa9_0/include/xuartps.h:447:14: note: expected 'u8 *' but argument is of type 'char *'
 unsigned int XUartPs_Send(XUartPs *InstancePtr, u8 *BufferPtr,
              ^
../src/helloworld.c:623:4: warning: pointer targets in passing argument 2 of 'XUartPs_Send' differ in signedness [-Wpointer-sign]
    XUartPs_Send(&Uart_Ps, &test, 1);
    ^
In file included from ../src/helloworld.c:153:0:
../../metastability_collect_data_bsp/ps7_cortexa9_0/include/xuartps.h:447:14: note: expected 'u8 *' but argument is of type 'char *'
 unsigned int XUartPs_Send(XUartPs *InstancePtr, u8 *BufferPtr,
              ^
../src/helloworld.c:625:4: warning: pointer targets in passing argument 2 of 'XUartPs_Send' differ in signedness [-Wpointer-sign]
    XUartPs_Send(&Uart_Ps, &test, 1);
    ^
In file included from ../src/helloworld.c:153:0:
../../metastability_collect_data_bsp/ps7_cortexa9_0/include/xuartps.h:447:14: note: expected 'u8 *' but argument is of type 'char *'
 unsigned int XUartPs_Send(XUartPs *InstancePtr, u8 *BufferPtr,
              ^
../src/helloworld.c: At top level:
../src/helloworld.c:174:11: warning: 'RecvBuffer' defined but not used [-Wunused-variable]
 static u8 RecvBuffer[TEST_BUFFER_SIZE]; /* Buffer for Receiving Data */
           ^
Finished building: ../src/helloworld.c
 
Building target: metastability_collect_data.elf
Invoking: ARM gcc linker
arm-xilinx-eabi-gcc -Wl,-T -Wl,../src/lscript.ld -L../../metastability_collect_data_bsp/ps7_cortexa9_0/lib -o "metastability_collect_data.elf"  ./src/helloworld.o ./src/platform.o   -Wl,--start-group,-lxil,-lgcc,-lc,--end-group
Finished building target: metastability_collect_data.elf
 
Invoking: ARM Print Size
arm-xilinx-eabi-size metastability_collect_data.elf  |tee "metastability_collect_data.elf.size"
   text	   data	    bss	    dec	    hex	filename
  34888	   2040	  22756	  59684	   e924	metastability_collect_data.elf
Finished building: metastability_collect_data.elf.size
 
